Component: Arm Compiler for Embedded 6.21 Tool: armlink [5ec1fa00]

==============================================================================

Section Cross References

    startup_stm32g070xx.o(STACK) refers (Special) to heapauxi.o(.text) for __use_two_region_memory
    startup_stm32g070xx.o(HEAP) refers (Special) to heapauxi.o(.text) for __use_two_region_memory
    startup_stm32g070xx.o(RESET) refers (Special) to heapauxi.o(.text) for __use_two_region_memory
    startup_stm32g070xx.o(RESET) refers to startup_stm32g070xx.o(STACK) for __initial_sp
    startup_stm32g070xx.o(RESET) refers to startup_stm32g070xx.o(.text) for Reset_Handler
    startup_stm32g070xx.o(RESET) refers to stm32g0xx_it.o(.text.NMI_Handler) for NMI_Handler
    startup_stm32g070xx.o(RESET) refers to stm32g0xx_it.o(.text.HardFault_Handler) for HardFault_Handler
    startup_stm32g070xx.o(RESET) refers to stm32g0xx_it.o(.text.SVC_Handler) for SVC_Handler
    startup_stm32g070xx.o(RESET) refers to stm32g0xx_it.o(.text.PendSV_Handler) for PendSV_Handler
    startup_stm32g070xx.o(RESET) refers to stm32g0xx_it.o(.text.SysTick_Handler) for SysTick_Handler
    startup_stm32g070xx.o(RESET) refers to stm32g0xx_it.o(.text.I2C2_IRQHandler) for I2C2_IRQHandler
    startup_stm32g070xx.o(.text) refers (Special) to heapauxi.o(.text) for __use_two_region_memory
    startup_stm32g070xx.o(.text) refers to system_stm32g0xx.o(.text.SystemInit) for SystemInit
    startup_stm32g070xx.o(.text) refers to __main.o(!!!main) for __main
    startup_stm32g070xx.o(.text) refers to startup_stm32g070xx.o(HEAP) for Heap_Mem
    startup_stm32g070xx.o(.text) refers to startup_stm32g070xx.o(STACK) for Stack_Mem
    encoder.o(.text.setJackPosition) refers to encoder.o(.bss..L_MergedGlobals) for [Anonymous Symbol]
    encoder.o(.ARM.exidx.text.setJackPosition) refers to encoder.o(.text.setJackPosition) for [Anonymous Symbol]
    encoder.o(.text.setMotorPosition) refers to encoder.o(.bss..L_MergedGlobals) for [Anonymous Symbol]
    encoder.o(.ARM.exidx.text.setMotorPosition) refers to encoder.o(.text.setMotorPosition) for [Anonymous Symbol]
    encoder.o(.text.getJackPosition) refers to encoder.o(.bss..L_MergedGlobals) for [Anonymous Symbol]
    encoder.o(.ARM.exidx.text.getJackPosition) refers to encoder.o(.text.getJackPosition) for [Anonymous Symbol]
    encoder.o(.text.getMotorPosition) refers to encoder.o(.bss..L_MergedGlobals) for [Anonymous Symbol]
    encoder.o(.ARM.exidx.text.getMotorPosition) refers to encoder.o(.text.getMotorPosition) for [Anonymous Symbol]
    encoder.o(.text.encoderCallback) refers to stm32g0xx_hal_gpio.o(.text.HAL_GPIO_ReadPin) for HAL_GPIO_ReadPin
    encoder.o(.text.encoderCallback) refers to encoder.o(.bss..L_MergedGlobals) for [Anonymous Symbol]
    encoder.o(.ARM.exidx.text.encoderCallback) refers to encoder.o(.text.encoderCallback) for [Anonymous Symbol]
    interface.o(.text.interfaceInit) refers to interface.o(.bss..L_MergedGlobals) for [Anonymous Symbol]
    interface.o(.ARM.exidx.text.interfaceInit) refers to interface.o(.text.interfaceInit) for [Anonymous Symbol]
    interface.o(.text.interfaceRun) refers to interface.o(.text.settingMenu) for settingMenu
    interface.o(.text.interfaceRun) refers to interface.o(.text.ledControl) for ledControl
    interface.o(.text.interfaceRun) refers to interface.o(.text.mainMenu) for mainMenu
    interface.o(.text.interfaceRun) refers to interface.o(.bss..L_MergedGlobals) for [Anonymous Symbol]
    interface.o(.text.interfaceRun) refers to main.o(.bss.hundred_millis) for hundred_millis
    interface.o(.ARM.exidx.text.interfaceRun) refers to interface.o(.text.interfaceRun) for [Anonymous Symbol]
    interface.o(.text.mainMenu) refers to interface.o(.bss..L_MergedGlobals) for [Anonymous Symbol]
    interface.o(.ARM.exidx.text.mainMenu) refers to interface.o(.text.mainMenu) for [Anonymous Symbol]
    interface.o(.text.settingMenu) refers to interface.o(.bss..L_MergedGlobals) for [Anonymous Symbol]
    interface.o(.ARM.exidx.text.settingMenu) refers to interface.o(.text.settingMenu) for [Anonymous Symbol]
    interface.o(.text.setValueMenu) refers to interface.o(.bss..L_MergedGlobals) for [Anonymous Symbol]
    interface.o(.ARM.exidx.text.setValueMenu) refers to interface.o(.text.setValueMenu) for [Anonymous Symbol]
    interface.o(.text.ledControl) refers to stm32g0xx_hal_gpio.o(.text.HAL_GPIO_WritePin) for HAL_GPIO_WritePin
    interface.o(.ARM.exidx.text.ledControl) refers to interface.o(.text.ledControl) for [Anonymous Symbol]
    interface.o(.text.getInterfaceEncoderPosition) refers to interface.o(.bss..L_MergedGlobals) for [Anonymous Symbol]
    interface.o(.ARM.exidx.text.getInterfaceEncoderPosition) refers to interface.o(.text.getInterfaceEncoderPosition) for [Anonymous Symbol]
    interface.o(.text.interfaceCallback) refers to stm32g0xx_hal_gpio.o(.text.HAL_GPIO_ReadPin) for HAL_GPIO_ReadPin
[...]
    Removing stm32g0xx_hal_tim_ex.o(.text.HAL_TIMEx_ConfigBreakDeadTime), (180 bytes).
    Removing stm32g0xx_hal_tim_ex.o(.ARM.exidx.text.HAL_TIMEx_ConfigBreakDeadTime), (8 bytes).
    Removing stm32g0xx_hal_tim_ex.o(.text.HAL_TIMEx_ConfigBreakInput), (94 bytes).
    Removing stm32g0xx_hal_tim_ex.o(.ARM.exidx.text.HAL_TIMEx_ConfigBreakInput), (8 bytes).
    Removing stm32g0xx_hal_tim_ex.o(.text.HAL_TIMEx_RemapConfig), (40 bytes).
    Removing stm32g0xx_hal_tim_ex.o(.ARM.exidx.text.HAL_TIMEx_RemapConfig), (8 bytes).
    Removing stm32g0xx_hal_tim_ex.o(.text.HAL_TIMEx_TISelection), (76 bytes).
    Removing stm32g0xx_hal_tim_ex.o(.ARM.exidx.text.HAL_TIMEx_TISelection), (8 bytes).
    Removing stm32g0xx_hal_tim_ex.o(.text.HAL_TIMEx_GroupChannel5), (50 bytes).
    Removing stm32g0xx_hal_tim_ex.o(.ARM.exidx.text.HAL_TIMEx_GroupChannel5), (8 bytes).
    Removing stm32g0xx_hal_tim_ex.o(.text.HAL_TIMEx_DisarmBreakInput), (72 bytes).
    Removing stm32g0xx_hal_tim_ex.o(.ARM.exidx.text.HAL_TIMEx_DisarmBreakInput), (8 bytes).
    Removing stm32g0xx_hal_tim_ex.o(.text.HAL_TIMEx_ReArmBreakInput), (146 bytes).
    Removing stm32g0xx_hal_tim_ex.o(.ARM.exidx.text.HAL_TIMEx_ReArmBreakInput), (8 bytes).
    Removing stm32g0xx_hal_tim_ex.o(.text.HAL_TIMEx_CommutCallback), (2 bytes).
    Removing stm32g0xx_hal_tim_ex.o(.ARM.exidx.text.HAL_TIMEx_CommutCallback), (8 bytes).
    Removing stm32g0xx_hal_tim_ex.o(.text.HAL_TIMEx_CommutHalfCpltCallback), (2 bytes).
    Removing stm32g0xx_hal_tim_ex.o(.ARM.exidx.text.HAL_TIMEx_CommutHalfCpltCallback), (8 bytes).
    Removing stm32g0xx_hal_tim_ex.o(.text.HAL_TIMEx_BreakCallback), (2 bytes).
    Removing stm32g0xx_hal_tim_ex.o(.ARM.exidx.text.HAL_TIMEx_BreakCallback), (8 bytes).
    Removing stm32g0xx_hal_tim_ex.o(.text.HAL_TIMEx_Break2Callback), (2 bytes).
    Removing stm32g0xx_hal_tim_ex.o(.ARM.exidx.text.HAL_TIMEx_Break2Callback), (8 bytes).
    Removing stm32g0xx_hal_tim_ex.o(.text.HAL_TIMEx_HallSensor_GetState), (6 bytes).
    Removing stm32g0xx_hal_tim_ex.o(.ARM.exidx.text.HAL_TIMEx_HallSensor_GetState), (8 bytes).
    Removing stm32g0xx_hal_tim_ex.o(.text.HAL_TIMEx_GetChannelNState), (32 bytes).
    Removing stm32g0xx_hal_tim_ex.o(.ARM.exidx.text.HAL_TIMEx_GetChannelNState), (8 bytes).
    Removing system_stm32g0xx.o(.text), (0 bytes).
    Removing system_stm32g0xx.o(.ARM.exidx.text.SystemInit), (8 bytes).
    Removing system_stm32g0xx.o(.text.SystemCoreClockUpdate), (144 bytes).
    Removing system_stm32g0xx.o(.ARM.exidx.text.SystemCoreClockUpdate), (8 bytes).
    Removing system_stm32g0xx.o(.rodata.APBPrescTable), (32 bytes).

815 unused section(s) (total 45986 bytes) removed from the image.

==============================================================================

Image Symbol Table

    Local Symbols

    Symbol Name                              Value     Ov Type        Size  Object(Section)

    ../clib/angel/boardlib.s                 0x00000000   Number         0  boardinit1.o ABSOLUTE
    ../clib/angel/boardlib.s                 0x00000000   Number         0  boardinit2.o ABSOLUTE
    ../clib/angel/boardlib.s                 0x00000000   Number         0  boardinit3.o ABSOLUTE
    ../clib/angel/boardlib.s                 0x00000000   Number         0  boardshut.o ABSOLUTE
    ../clib/angel/handlers.s                 0x00000000   Number         0  __scatter_copy.o ABSOLUTE
    ../clib/angel/handlers.s                 0x00000000   Number         0  __scatter_zi.o ABSOLUTE
    ../clib/angel/kernel.s                   0x00000000   Number         0  __rtentry.o ABSOLUTE
    ../clib/angel/kernel.s                   0x00000000   Number         0  __rtentry2.o ABSOLUTE
    ../clib/angel/kernel.s                   0x00000000   Number         0  __rtentry4.o ABSOLUTE
    ../clib/angel/kernel.s                   0x00000000   Number         0  rtexit.o ABSOLUTE
    ../clib/angel/kernel.s                   0x00000000   Number         0  rtexit2.o ABSOLUTE
    ../clib/angel/rt.s                       0x00000000   Number         0  aeabi_idiv0.o ABSOLUTE
    ../clib/angel/rt.s                       0x00000000   Number         0  aeabi_idiv0_sigfpe.o ABSOLUTE
    ../clib/angel/rt.s                       0x00000000   Number         0  rt_div0.o ABSOLUTE
    ../clib/angel/rt.s                       0x00000000   Number         0  rt_raise.o ABSOLUTE
    ../clib/angel/scatterp.s                 0x00000000   Number         0  __scatter.o ABSOLUTE
    ../clib/angel/startup.s                  0x00000000   Number         0  __main.o ABSOLUTE
    ../clib/angel/sys.s                      0x00000000   Number         0  sys_stackheap_outer.o ABSOLUTE
    ../clib/angel/sys.s                      0x00000000   Number         0  libspace.o ABSOLUTE
    ../clib/angel/sys.s                      0x00000000   Number         0  tempstk.o ABSOLUTE
    ../clib/angel/sys.s                      0x00000000   Number         0  use_no_semi.o ABSOLUTE
    ../clib/angel/sys.s                      0x00000000   Number         0  indicate_semi.o ABSOLUTE
    ../clib/angel/sysapp.c                   0x00000000   Number         0  sys_exit.o ABSOLUTE
    ../clib/angel/sysapp.c                   0x00000000   Number         0  sys_exit_hlt.o ABSOLUTE
    ../clib/angel/sysapp.c                   0x00000000   Number         0  sys_wrch.o ABSOLUTE
    ../clib/angel/sysapp.c                   0x00000000   Number         0  sys_wrch_hlt.o ABSOLUTE
    ../clib/angel/sysapp.c                   0x00000000   Number         0  sys_command.o ABSOLUTE
    ../clib/angel/sysapp.c                   0x00000000   Number         0  sys_command_hlt.o ABSOLUTE
    ../clib/armsys.c                         0x00000000   Number         0  argv_veneer.o ABSOLUTE
    ../clib/armsys.c                         0x00000000   Number         0  _get_argv_nomalloc.o ABSOLUTE
    ../clib/armsys.c                         0x00000000   Number         0  no_argv.o ABSOLUTE
    ../clib/division.s                       0x00000000   Number         0  aeabi_sdivfast.o ABSOLUTE
    ../clib/division.s                       0x00000000   Number         0  aeabi_sdivfast_div0.o ABSOLUTE
    ../clib/heapalloc.c                      0x00000000   Number         0  hrguard.o ABSOLUTE
    ../clib/heapaux.c                        0x00000000   Number         0  heapauxi.o ABSOLUTE
    ../clib/libinit.s                        0x00000000   Number         0  libinit.o ABSOLUTE
    ../clib/libinit.s                        0x00000000   Number         0  libinit2.o ABSOLUTE
    ../clib/libinit.s                        0x00000000   Number         0  libshutdown.o ABSOLUTE
    ../clib/libinit.s                        0x00000000   Number         0  libshutdown2.o ABSOLUTE
    ../clib/signal.c                         0x00000000   Number         0  defsig_fpe_outer.o ABSOLUTE
    ../clib/signal.c                         0x00000000   Number         0  defsig_fpe_formal.o ABSOLUTE
    ../clib/signal.c                         0x00000000   Number         0  defsig_exit.o ABSOLUTE
    ../clib/signal.c                         0x00000000   Number         0  defsig_fpe_inner.o ABSOLUTE
    ../clib/signal.c                         0x00000000   Number         0  __raise.o ABSOLUTE
    ../clib/signal.c                         0x00000000   Number         0  defsig_general.o ABSOLUTE
    ../clib/signal.c                         0x00000000   Number         0  defsig_abrt_inner.o ABSOLUTE
    ../clib/signal.c                         0x00000000   Number         0  defsig_rtred_inner.o ABSOLUTE
    ../clib/signal.c                         0x00000000   Number         0  defsig_rtmem_inner.o ABSOLUTE
    ../clib/signal.c                         0x00000000   Number         0  defsig_rtmem_outer.o ABSOLUTE
    ../clib/signal.c                         0x00000000   Number         0  defsig_rtmem_formal.o ABSOLUTE
    ../clib/signal.c                         0x00000000   Number         0  defsig_stak_inner.o ABSOLUTE
    ../clib/signal.c                         0x00000000   Number         0  defsig_pvfn_inner.o ABSOLUTE
    ../clib/signal.c                         0x00000000   Number         0  defsig_cppl_inner.o ABSOLUTE
    ../clib/signal.c                         0x00000000   Number         0  defsig_segv_inner.o ABSOLUTE
    ../clib/signal.c                         0x00000000   Number         0  defsig_other.o ABSOLUTE
    ../clib/signal.s                         0x00000000   Number         0  defsig.o ABSOLUTE
    ../clib/stdlib.c                         0x00000000   Number         0  exit.o ABSOLUTE
    ../fplib/cfplib/fpinit.c                 0x00000000   Number         0  fpinit.o ABSOLUTE
    dc.s                                     0x00000000   Number         0  dc.o ABSOLUTE
    eeprom.c                                 0x00000000   Number         0  eeprom.o ABSOLUTE
    encoder.c                                0x00000000   Number         0  encoder.o ABSOLUTE
    gpio.c                                   0x00000000   Number         0  gpio.o ABSOLUTE
    i2c.c                                    0x00000000   Number         0  i2c.o ABSOLUTE
    interface.c                              0x00000000   Number         0  interface.o ABSOLUTE
    jack.c                                   0x00000000   Number         0  jack.o ABSOLUTE
    main.c                                   0x00000000   Number         0  main.o ABSOLUTE
    motor.c                                  0x00000000   Number         0  motor.o ABSOLUTE
    receiver.c                               0x00000000   Number         0  receiver.o ABSOLUTE
    startup_stm32g070xx.s                    0x00000000   Number         0  startup_stm32g070xx.o ABSOLUTE
    stm32g0xx_hal.c                          0x00000000   Number         0  stm32g0xx_hal.o ABSOLUTE
    stm32g0xx_hal_cortex.c                   0x00000000   Number         0  stm32g0xx_hal_cortex.o ABSOLUTE
    stm32g0xx_hal_dma.c                      0x00000000   Number         0  stm32g0xx_hal_dma.o ABSOLUTE
    stm32g0xx_hal_dma_ex.c                   0x00000000   Number         0  stm32g0xx_hal_dma_ex.o ABSOLUTE
    stm32g0xx_hal_exti.c                     0x00000000   Number         0  stm32g0xx_hal_exti.o ABSOLUTE
    stm32g0xx_hal_flash.c                    0x00000000   Number         0  stm32g0xx_hal_flash.o ABSOLUTE
    stm32g0xx_hal_flash_ex.c                 0x00000000   Number         0  stm32g0xx_hal_flash_ex.o ABSOLUTE
    stm32g0xx_hal_gpio.c                     0x00000000   Number         0  stm32g0xx_hal_gpio.o ABSOLUTE
    stm32g0xx_hal_i2c.c                      0x00000000   Number         0  stm32g0xx_hal_i2c.o ABSOLUTE
    stm32g0xx_hal_i2c_ex.c                   0x00000000   Number         0  stm32g0xx_hal_i2c_ex.o ABSOLUTE
    stm32g0xx_hal_msp.c                      0x00000000   Number         0  stm32g0xx_hal_msp.o ABSOLUTE
    stm32g0xx_hal_pwr.c                      0x00000000   Number         0  stm32g0xx_hal_pwr.o ABSOLUTE
    stm32g0xx_hal_pwr_ex.c                   0x00000000   Number         0  stm32g0xx_hal_pwr_ex.o ABSOLUTE
    stm32g0xx_hal_rcc.c                      0x00000000   Number         0  stm32g0xx_hal_rcc.o ABSOLUTE
    stm32g0xx_hal_rcc_ex.c                   0x00000000   Number         0  stm32g0xx_hal_rcc_ex.o ABSOLUTE
    stm32g0xx_hal_tim.c                      0x00000000   Number         0  stm32g0xx_hal_tim.o ABSOLUTE
    stm32g0xx_hal_tim_ex.c                   0x00000000   Number         0  stm32g0xx_hal_tim_ex.o ABSOLUTE
    stm32g0xx_it.c                           0x00000000   Number         0  stm32g0xx_it.o ABSOLUTE
    stm32g0xx_ll_rcc.c                       0x00000000   Number         0  stm32g0xx_ll_rcc.o ABSOLUTE
    system_stm32g0xx.c                       0x00000000   Number         0  system_stm32g0xx.o ABSOLUTE
    tim.c                                    0x00000000   Number         0  tim.o ABSOLUTE
    RESET                                    0x08000000   Section      184  startup_stm32g070xx.o(RESET)
    !!!main                                  0x080000b8   Section        8  __main.o(!!!main)
    !!!scatter                               0x080000c0   Section       84  __scatter.o(!!!scatter)
    !!handler_copy                           0x08000114   Section       26  __scatter_copy.o(!!handler_copy)
    !!handler_null                           0x08000130   Section        2  __scatter.o(!!handler_null)
    !!handler_zi                             0x08000134   Section       28  __scatter_zi.o(!!handler_zi)
    .ARM.Collect$$libinit$$00000000          0x08000150   Section        2  libinit.o(.ARM.Collect$$libinit$$00000000)
    .ARM.Collect$$libinit$$00000002          0x08000152   Section        0  libinit2.o(.ARM.Collect$$libinit$$00000002)
    .ARM.Collect$$libinit$$00000004          0x08000152   Section        0  libinit2.o(.ARM.Collect$$libinit$$00000004)
    .ARM.Collect$$libinit$$00000006          0x08000152   Section        0  libinit2.o(.ARM.Collect$$libinit$$00000006)
    .ARM.Collect$$libinit$$0000000C          0x08000152   Section        0  libinit2.o(.ARM.Collect$$libinit$$0000000C)
    .ARM.Collect$$libinit$$0000000E          0x08000152   Section        0  libinit2.o(.ARM.Collect$$libinit$$0000000E)
    .ARM.Collect$$libinit$$00000010          0x08000152   Section        0  libinit2.o(.ARM.Collect$$libinit$$00000010)
    .ARM.Collect$$libinit$$00000013          0x08000152   Section        0  libinit2.o(.ARM.Collect$$libinit$$00000013)
    .ARM.Collect$$libinit$$00000015          0x08000152   Section        0  libinit2.o(.ARM.Collect$$libinit$$00000015)
    .ARM.Collect$$libinit$$00000017          0x08000152   Section        0  libinit2.o(.ARM.Collect$$libinit$$00000017)
    .ARM.Collect$$libinit$$00000019          0x08000152   Section        0  libinit2.o(.ARM.Collect$$libinit$$00000019)
    .ARM.Collect$$libinit$$0000001B          0x08000152   Section        0  libinit2.o(.ARM.Collect$$libinit$$0000001B)
    .ARM.Collect$$libinit$$0000001D          0x08000152   Section        0  libinit2.o(.ARM.Collect$$libinit$$0000001D)
    .ARM.Collect$$libinit$$0000001F          0x08000152   Section        0  libinit2.o(.ARM.Collect$$libinit$$0000001F)
    .ARM.Collect$$libinit$$00000021          0x08000152   Section        0  libinit2.o(.ARM.Collect$$libinit$$00000021)
    .ARM.Collect$$libinit$$00000023          0x08000152   Section        0  libinit2.o(.ARM.Collect$$libinit$$00000023)
    .ARM.Collect$$libinit$$00000025          0x08000152   Section        0  libinit2.o(.ARM.Collect$$libinit$$00000025)
    .ARM.Collect$$libinit$$00000027          0x08000152   Section        0  libinit2.o(.ARM.Collect$$libinit$$00000027)
    .ARM.Collect$$libinit$$0000002E          0x08000152   Section        0  libinit2.o(.ARM.Collect$$libinit$$0000002E)
    .ARM.Collect$$libinit$$00000030          0x08000152   Section        0  libinit2.o(.ARM.Collect$$libinit$$00000030)
    .ARM.Collect$$libinit$$00000032          0x08000152   Section        0  libinit2.o(.ARM.Collect$$libinit$$00000032)
    .ARM.Collect$$libinit$$00000034          0x08000152   Section        0  libinit2.o(.ARM.Collect$$libinit$$00000034)
    .ARM.Collect$$libinit$$00000035          0x08000152   Section        2  libinit2.o(.ARM.Collect$$libinit$$00000035)
    .ARM.Collect$$libshutdown$$00000000      0x08000154   Section        2  libshutdown.o(.ARM.Collect$$libshutdown$$00000000)
    .ARM.Collect$$libshutdown$$00000002      0x08000156   Section        0  libshutdown2.o(.ARM.Collect$$libshutdown$$00000002)
    .ARM.Collect$$libshutdown$$00000004      0x08000156   Section        0  libshutdown2.o(.ARM.Collect$$libshutdown$$00000004)
    .ARM.Collect$$libshutdown$$00000007      0x08000156   Section        0  libshutdown2.o(.ARM.Collect$$libshutdown$$00000007)
    .ARM.Collect$$libshutdown$$0000000A      0x08000156   Section        0  libshutdown2.o(.ARM.Collect$$libshutdown$$0000000A)
    .ARM.Collect$$libshutdown$$0000000C      0x08000156   Section        0  libshutdown2.o(.ARM.Collect$$libshutdown$$0000000C)
    .ARM.Collect$$libshutdown$$0000000F      0x08000156   Section        0  libshutdown2.o(.ARM.Collect$$libshutdown$$0000000F)
    .ARM.Collect$$libshutdown$$00000010      0x08000156   Section        2  libshutdown2.o(.ARM.Collect$$libshutdown$$00000010)
    .ARM.Collect$$rtentry$$00000000          0x08000158   Section        0  __rtentry.o(.ARM.Collect$$rtentry$$00000000)
    .ARM.Collect$$rtentry$$00000002          0x08000158   Section        0  __rtentry2.o(.ARM.Collect$$rtentry$$00000002)
    .ARM.Collect$$rtentry$$00000004          0x08000158   Section        6  __rtentry4.o(.ARM.Collect$$rtentry$$00000004)
    .ARM.Collect$$rtentry$$00000009          0x0800015e   Section        0  __rtentry2.o(.ARM.Collect$$rtentry$$00000009)
    .ARM.Collect$$rtentry$$0000000A          0x0800015e   Section        4  __rtentry2.o(.ARM.Collect$$rtentry$$0000000A)
    .ARM.Collect$$rtentry$$0000000C          0x08000162   Section        0  __rtentry2.o(.ARM.Collect$$rtentry$$0000000C)
    .ARM.Collect$$rtentry$$0000000D          0x08000162   Section        8  __rtentry2.o(.ARM.Collect$$rtentry$$0000000D)
    .ARM.Collect$$rtexit$$00000000           0x0800016a   Section        2  rtexit.o(.ARM.Collect$$rtexit$$00000000)
    .ARM.Collect$$rtexit$$00000002           0x0800016c   Section        0  rtexit2.o(.ARM.Collect$$rtexit$$00000002)
    .ARM.Collect$$rtexit$$00000003           0x0800016c   Section        4  rtexit2.o(.ARM.Collect$$rtexit$$00000003)
    .ARM.Collect$$rtexit$$00000004           0x08000170   Section        6  rtexit2.o(.ARM.Collect$$rtexit$$00000004)
    .text                                    0x08000178   Section       56  startup_stm32g070xx.o(.text)
    .text                                    0x080001b0   Section        0  heapauxi.o(.text)
    .text                                    0x080001b6   Section       62  sys_stackheap_outer.o(.text)
    .text                                    0x080001f4   Section        0  exit.o(.text)
    .text                                    0x08000204   Section        8  libspace.o(.text)
    .text                                    0x0800020c   Section        0  sys_exit.o(.text)
    .text                                    0x08000218   Section        2  use_no_semi.o(.text)
    .text                                    0x0800021a   Section        0  indicate_semi.o(.text)
    [Anonymous Symbol]                       0x0800021c   Section        0  eeprom.o(.text.AT24Init)
    [Anonymous Symbol]                       0x08000260   Section        0  eeprom.o(.text.AT24Run)
    __arm_cp.4_1                             0x080003f0   Number         4  eeprom.o(.text.AT24Run)
    __arm_cp.4_2                             0x080003f4   Number         4  eeprom.o(.text.AT24Run)
    __arm_cp.4_3                             0x080003f8   Number         4  eeprom.o(.text.AT24Run)
    [Anonymous Symbol]                       0x080003fc   Section        0  eeprom.o(.text.AT24_ReadAll_IT)
    [Anonymous Symbol]                       0x0800042c   Section        0  eeprom.o(.text.AT24_RxComplete)
    __arm_cp.6_1                             0x0800059c   Number         4  eeprom.o(.text.AT24_RxComplete)
    __arm_cp.6_2                             0x080005a0   Number         4  eeprom.o(.text.AT24_RxComplete)
    __arm_cp.6_3                             0x080005a4   Number         4  eeprom.o(.text.AT24_RxComplete)
    [Anonymous Symbol]                       0x080005a8   Section        0  eeprom.o(.text.AT24_TxComplete)
    __arm_cp.5_0                             0x080005b0   Number         4  eeprom.o(.text.AT24_TxComplete)
    [Anonymous Symbol]                       0x080005b4   Section        0  eeprom.o(.text.AT24_WriteAll_IT)
    __arm_cp.2_0                             0x08000660   Number         4  eeprom.o(.text.AT24_WriteAll_IT)
    [Anonymous Symbol]                       0x08000664   Section        0  main.o(.text.Error_Handler)
    [Anonymous Symbol]                       0x0800066c   Section        0  stm32g0xx_hal_dma.o(.text.HAL_DMA_Abort_IT)
    __arm_cp.5_0                             0x080006d8   Number         4  stm32g0xx_hal_dma.o(.text.HAL_DMA_Abort_IT)
    __arm_cp.5_1                             0x080006dc   Number         4  stm32g0xx_hal_dma.o(.text.HAL_DMA_Abort_IT)
    [Anonymous Symbol]                       0x080006e0   Section        0  stm32g0xx_hal_dma.o(.text.HAL_DMA_GetState)
    [Anonymous Symbol]                       0x080006e8   Section        0  stm32g0xx_hal.o(.text.HAL_Delay)
    __arm_cp.10_0                            0x08000708   Number         4  stm32g0xx_hal.o(.text.HAL_Delay)
    [Anonymous Symbol]                       0x0800070c   Section        0  stm32g0xx_hal_gpio.o(.text.HAL_GPIO_Init)
    __arm_cp.0_0                             0x08000898   Number         4  stm32g0xx_hal_gpio.o(.text.HAL_GPIO_Init)
    __arm_cp.0_1                             0x0800089c   Number         4  stm32g0xx_hal_gpio.o(.text.HAL_GPIO_Init)
    __arm_cp.0_2                             0x080008a0   Number         4  stm32g0xx_hal_gpio.o(.text.HAL_GPIO_Init)
    __arm_cp.0_3                             0x080008a4   Number         4  stm32g0xx_hal_gpio.o(.text.HAL_GPIO_Init)
    __arm_cp.0_4                             0x080008a8   Number         4  stm32g0xx_hal_gpio.o(.text.HAL_GPIO_Init)
    [Anonymous Symbol]                       0x080008ac   Section        0  stm32g0xx_hal_gpio.o(.text.HAL_GPIO_ReadPin)
    [Anonymous Symbol]                       0x080008b6   Section        0  stm32g0xx_hal_gpio.o(.text.HAL_GPIO_WritePin)
    [Anonymous Symbol]                       0x080008c8   Section        0  stm32g0xx_hal.o(.text.HAL_GetTick)
    __arm_cp.6_0                             0x080008d0   Number         4  stm32g0xx_hal.o(.text.HAL_GetTick)
    [Anonymous Symbol]                       0x080008d4   Section        0  stm32g0xx_hal_i2c_ex.o(.text.HAL_I2CEx_ConfigAnalogFilter)
    [Anonymous Symbol]                       0x08000916   Section        0  stm32g0xx_hal_i2c_ex.o(.text.HAL_I2CEx_ConfigDigitalFilter)
    [Anonymous Symbol]                       0x08000958   Section        0  stm32g0xx_hal_i2c.o(.text.HAL_I2C_AbortCpltCallback)
    [Anonymous Symbol]                       0x0800095a   Section        0  stm32g0xx_hal_i2c.o(.text.HAL_I2C_AddrCallback)
    [Anonymous Symbol]                       0x0800095c   Section        0  stm32g0xx_hal_i2c.o(.text.HAL_I2C_ER_IRQHandler)
    [Anonymous Symbol]                       0x080009de   Section        0  stm32g0xx_hal_i2c.o(.text.HAL_I2C_EV_IRQHandler)
    [Anonymous Symbol]                       0x080009f0   Section        0  stm32g0xx_hal_i2c.o(.text.HAL_I2C_ErrorCallback)
    [Anonymous Symbol]                       0x080009f4   Section        0  stm32g0xx_hal_i2c.o(.text.HAL_I2C_Init)
    __arm_cp.0_0                             0x08000a94   Number         4  stm32g0xx_hal_i2c.o(.text.HAL_I2C_Init)
    __arm_cp.0_1                             0x08000a98   Number         4  stm32g0xx_hal_i2c.o(.text.HAL_I2C_Init)
    [Anonymous Symbol]                       0x08000a9c   Section        0  stm32g0xx_hal_i2c.o(.text.HAL_I2C_IsDeviceReady)
    __arm_cp.37_1                            0x08000c6c   Number         4  stm32g0xx_hal_i2c.o(.text.HAL_I2C_IsDeviceReady)
    [Anonymous Symbol]                       0x08000c70   Section        0  stm32g0xx_hal_i2c.o(.text.HAL_I2C_ListenCpltCallback)
    [Anonymous Symbol]                       0x08000c72   Section        0  stm32g0xx_hal_i2c.o(.text.HAL_I2C_MasterRxCpltCallback)
    [Anonymous Symbol]                       0x08000c74   Section        0  stm32g0xx_hal_i2c.o(.text.HAL_I2C_MasterTxCpltCallback)
    [Anonymous Symbol]                       0x08000c78   Section        0  main.o(.text.HAL_I2C_MemRxCpltCallback)
    [Anonymous Symbol]                       0x08000c88   Section        0  main.o(.text.HAL_I2C_MemTxCpltCallback)
    __arm_cp.2_0                             0x08000c98   Number         4  main.o(.text.HAL_I2C_MemTxCpltCallback)
    [Anonymous Symbol]                       0x08000c9c   Section        0  stm32g0xx_hal_i2c.o(.text.HAL_I2C_Mem_Read_IT)
    [Anonymous Symbol]                       0x08000d38   Section        0  stm32g0xx_hal_i2c.o(.text.HAL_I2C_Mem_Write_IT)
    __arm_cp.31_0                            0x08000dd4   Number         4  stm32g0xx_hal_i2c.o(.text.HAL_I2C_Mem_Write_IT)
    __arm_cp.31_1                            0x08000dd8   Number         4  stm32g0xx_hal_i2c.o(.text.HAL_I2C_Mem_Write_IT)
    __arm_cp.31_2                            0x08000ddc   Number         4  stm32g0xx_hal_i2c.o(.text.HAL_I2C_Mem_Write_IT)
    __arm_cp.31_3                            0x08000de0   Number         4  stm32g0xx_hal_i2c.o(.text.HAL_I2C_Mem_Write_IT)
    __arm_cp.31_4                            0x08000de4   Number         4  stm32g0xx_hal_i2c.o(.text.HAL_I2C_Mem_Write_IT)
    [Anonymous Symbol]                       0x08000de8   Section        0  i2c.o(.text.HAL_I2C_MspInit)
    __arm_cp.1_0                             0x08000e50   Number         4  i2c.o(.text.HAL_I2C_MspInit)
    __arm_cp.1_1                             0x08000e54   Number         4  i2c.o(.text.HAL_I2C_MspInit)
    __arm_cp.1_2                             0x08000e58   Number         4  i2c.o(.text.HAL_I2C_MspInit)
    [Anonymous Symbol]                       0x08000e5c   Section        0  stm32g0xx_hal_i2c.o(.text.HAL_I2C_SlaveRxCpltCallback)
    [Anonymous Symbol]                       0x08000e5e   Section        0  stm32g0xx_hal_i2c.o(.text.HAL_I2C_SlaveTxCpltCallback)
    [Anonymous Symbol]                       0x08000e60   Section        0  stm32g0xx_hal.o(.text.HAL_IncTick)
    __arm_cp.5_1                             0x08000e70   Number         4  stm32g0xx_hal.o(.text.HAL_IncTick)
    [Anonymous Symbol]                       0x08000e74   Section        0  stm32g0xx_hal.o(.text.HAL_Init)
    [Anonymous Symbol]                       0x08000e9c   Section        0  stm32g0xx_hal.o(.text.HAL_InitTick)
    __arm_cp.1_0                             0x08000edc   Number         4  stm32g0xx_hal.o(.text.HAL_InitTick)
    [Anonymous Symbol]                       0x08000ee0   Section        0  stm32g0xx_hal_msp.o(.text.HAL_MspInit)
    __arm_cp.0_0                             0x08000f08   Number         4  stm32g0xx_hal_msp.o(.text.HAL_MspInit)
    [Anonymous Symbol]                       0x08000f0c   Section        0  stm32g0xx_hal_cortex.o(.text.HAL_NVIC_EnableIRQ)
    __arm_cp.1_0                             0x08000f20   Number         4  stm32g0xx_hal_cortex.o(.text.HAL_NVIC_EnableIRQ)
    [Anonymous Symbol]                       0x08000f24   Section        0  stm32g0xx_hal_cortex.o(.text.HAL_NVIC_SetPriority)
    __arm_cp.0_0                             0x08000f54   Number         4  stm32g0xx_hal_cortex.o(.text.HAL_NVIC_SetPriority)
    __arm_cp.0_1                             0x08000f58   Number         4  stm32g0xx_hal_cortex.o(.text.HAL_NVIC_SetPriority)
    [Anonymous Symbol]                       0x08000f5c   Section        0  stm32g0xx_hal_pwr_ex.o(.text.HAL_PWREx_ControlVoltageScaling)
    __arm_cp.13_0                            0x08000fe0   Number         4  stm32g0xx_hal_pwr_ex.o(.text.HAL_PWREx_ControlVoltageScaling)
    __arm_cp.13_2                            0x08000fe4   Number         4  stm32g0xx_hal_pwr_ex.o(.text.HAL_PWREx_ControlVoltageScaling)
    [Anonymous Symbol]                       0x08000fe8   Section        0  stm32g0xx_hal_rcc.o(.text.HAL_RCC_ClockConfig)
    __arm_cp.2_0                             0x080011d0   Number         4  stm32g0xx_hal_rcc.o(.text.HAL_RCC_ClockConfig)
    __arm_cp.2_1                             0x080011d4   Number         4  stm32g0xx_hal_rcc.o(.text.HAL_RCC_ClockConfig)
    __arm_cp.2_2                             0x080011d8   Number         4  stm32g0xx_hal_rcc.o(.text.HAL_RCC_ClockConfig)
    __arm_cp.2_3                             0x080011dc   Number         4  stm32g0xx_hal_rcc.o(.text.HAL_RCC_ClockConfig)
    __arm_cp.2_4                             0x080011e0   Number         4  stm32g0xx_hal_rcc.o(.text.HAL_RCC_ClockConfig)
    __arm_cp.2_5                             0x080011e4   Number         4  stm32g0xx_hal_rcc.o(.text.HAL_RCC_ClockConfig)
    __arm_cp.2_6                             0x080011e8   Number         4  stm32g0xx_hal_rcc.o(.text.HAL_RCC_ClockConfig)
    __arm_cp.2_7                             0x080011ec   Number         4  stm32g0xx_hal_rcc.o(.text.HAL_RCC_ClockConfig)
    [Anonymous Symbol]                       0x080011f0   Section        0  stm32g0xx_hal_rcc.o(.text.HAL_RCC_OscConfig)
    __arm_cp.1_0                             0x080015ec   Number         4  stm32g0xx_hal_rcc.o(.text.HAL_RCC_OscConfig)
    __arm_cp.1_1                             0x080015f0   Number         4  stm32g0xx_hal_rcc.o(.text.HAL_RCC_OscConfig)
    __arm_cp.1_2                             0x080015f4   Number         4  stm32g0xx_hal_rcc.o(.text.HAL_RCC_OscConfig)
    __arm_cp.1_3                             0x080015f8   Number         4  stm32g0xx_hal_rcc.o(.text.HAL_RCC_OscConfig)
    __arm_cp.1_4                             0x080015fc   Number         4  stm32g0xx_hal_rcc.o(.text.HAL_RCC_OscConfig)
    __arm_cp.1_5                             0x08001600   Number         4  stm32g0xx_hal_rcc.o(.text.HAL_RCC_OscConfig)
    __arm_cp.1_6                             0x08001604   Number         4  stm32g0xx_hal_rcc.o(.text.HAL_RCC_OscConfig)
    __arm_cp.1_7                             0x08001608   Number         4  stm32g0xx_hal_rcc.o(.text.HAL_RCC_OscConfig)
    [Anonymous Symbol]                       0x0800160c   Section        0  stm32g0xx_hal_cortex.o(.text.HAL_SYSTICK_Config)
    __arm_cp.4_0                             0x08001634   Number         4  stm32g0xx_hal_cortex.o(.text.HAL_SYSTICK_Config)
    __arm_cp.4_1                             0x08001638   Number         4  stm32g0xx_hal_cortex.o(.text.HAL_SYSTICK_Config)
    __arm_cp.4_2                             0x0800163c   Number         4  stm32g0xx_hal_cortex.o(.text.HAL_SYSTICK_Config)
    [Anonymous Symbol]                       0x08001640   Section        0  stm32g0xx_hal_tim_ex.o(.text.HAL_TIMEx_MasterConfigSynchronization)
    [Anonymous Symbol]                       0x080016a0   Section        0  stm32g0xx_hal_tim.o(.text.HAL_TIM_Base_Init)
    __arm_cp.0_1                             0x08001774   Number         4  stm32g0xx_hal_tim.o(.text.HAL_TIM_Base_Init)
    __arm_cp.0_2                             0x08001778   Number         4  stm32g0xx_hal_tim.o(.text.HAL_TIM_Base_Init)
    __arm_cp.0_3                             0x0800177c   Number         4  stm32g0xx_hal_tim.o(.text.HAL_TIM_Base_Init)
    __arm_cp.0_4                             0x08001780   Number         4  stm32g0xx_hal_tim.o(.text.HAL_TIM_Base_Init)
    __arm_cp.0_5                             0x08001784   Number         4  stm32g0xx_hal_tim.o(.text.HAL_TIM_Base_Init)
    __arm_cp.0_6                             0x08001788   Number         4  stm32g0xx_hal_tim.o(.text.HAL_TIM_Base_Init)
    __arm_cp.0_7                             0x0800178c   Number         4  stm32g0xx_hal_tim.o(.text.HAL_TIM_Base_Init)
    [Anonymous Symbol]                       0x08001790   Section        0  tim.o(.text.HAL_TIM_Base_MspInit)
    __arm_cp.1_0                             0x080017b8   Number         4  tim.o(.text.HAL_TIM_Base_MspInit)
    __arm_cp.1_1                             0x080017bc   Number         4  tim.o(.text.HAL_TIM_Base_MspInit)
    [Anonymous Symbol]                       0x080017c0   Section        0  stm32g0xx_hal_tim.o(.text.HAL_TIM_ConfigClockSource)
    __arm_cp.90_0                            0x08001914   Number         4  stm32g0xx_hal_tim.o(.text.HAL_TIM_ConfigClockSource)
    __arm_cp.90_1                            0x08001918   Number         4  stm32g0xx_hal_tim.o(.text.HAL_TIM_ConfigClockSource)
    [Anonymous Symbol]                       0x0800191c   Section        0  stm32g0xx_it.o(.text.HardFault_Handler)
    [Anonymous Symbol]                       0x08001920   Section        0  stm32g0xx_it.o(.text.I2C2_IRQHandler)
    __arm_cp.5_0                             0x08001940   Number         4  stm32g0xx_it.o(.text.I2C2_IRQHandler)
    I2C_DMAAbort                             0x08001945   Thumb Code    62  stm32g0xx_hal_i2c.o(.text.I2C_DMAAbort)
    [Anonymous Symbol]                       0x08001944   Section        0  stm32g0xx_hal_i2c.o(.text.I2C_DMAAbort)
    I2C_ITAddrCplt                           0x08001985   Thumb Code   164  stm32g0xx_hal_i2c.o(.text.I2C_ITAddrCplt)
    [Anonymous Symbol]                       0x08001984   Section        0  stm32g0xx_hal_i2c.o(.text.I2C_ITAddrCplt)
    __arm_cp.70_0                            0x08001a28   Number         4  stm32g0xx_hal_i2c.o(.text.I2C_ITAddrCplt)
    I2C_ITError                              0x08001a2d   Thumb Code   276  stm32g0xx_hal_i2c.o(.text.I2C_ITError)
    [Anonymous Symbol]                       0x08001a2c   Section        0  stm32g0xx_hal_i2c.o(.text.I2C_ITError)
    __arm_cp.52_1                            0x08001b40   Number         4  stm32g0xx_hal_i2c.o(.text.I2C_ITError)
    __arm_cp.52_2                            0x08001b44   Number         4  stm32g0xx_hal_i2c.o(.text.I2C_ITError)
    I2C_ITMasterCplt                         0x08001b49   Thumb Code   256  stm32g0xx_hal_i2c.o(.text.I2C_ITMasterCplt)
    [Anonymous Symbol]                       0x08001b48   Section        0  stm32g0xx_hal_i2c.o(.text.I2C_ITMasterCplt)
    __arm_cp.67_1                            0x08001c48   Number         4  stm32g0xx_hal_i2c.o(.text.I2C_ITMasterCplt)
    I2C_ITSlaveCplt                          0x08001c4d   Thumb Code   504  stm32g0xx_hal_i2c.o(.text.I2C_ITSlaveCplt)
    [Anonymous Symbol]                       0x08001c4c   Section        0  stm32g0xx_hal_i2c.o(.text.I2C_ITSlaveCplt)
    __arm_cp.68_0                            0x08001e44   Number         4  stm32g0xx_hal_i2c.o(.text.I2C_ITSlaveCplt)
    __arm_cp.68_1                            0x08001e48   Number         4  stm32g0xx_hal_i2c.o(.text.I2C_ITSlaveCplt)
    I2C_ITSlaveSeqCplt                       0x08001e4d   Thumb Code   124  stm32g0xx_hal_i2c.o(.text.I2C_ITSlaveSeqCplt)
    [Anonymous Symbol]                       0x08001e4c   Section        0  stm32g0xx_hal_i2c.o(.text.I2C_ITSlaveSeqCplt)
    __arm_cp.69_0                            0x08001ec8   Number         4  stm32g0xx_hal_i2c.o(.text.I2C_ITSlaveSeqCplt)
    __arm_cp.69_1                            0x08001ecc   Number         4  stm32g0xx_hal_i2c.o(.text.I2C_ITSlaveSeqCplt)
    I2C_Mem_ISR_IT                           0x08001ed1   Thumb Code   388  stm32g0xx_hal_i2c.o(.text.I2C_Mem_ISR_IT)
    [Anonymous Symbol]                       0x08001ed0   Section        0  stm32g0xx_hal_i2c.o(.text.I2C_Mem_ISR_IT)
    __arm_cp.32_0                            0x08002054   Number         4  stm32g0xx_hal_i2c.o(.text.I2C_Mem_ISR_IT)
    __arm_cp.32_1                            0x08002058   Number         4  stm32g0xx_hal_i2c.o(.text.I2C_Mem_ISR_IT)
    __arm_cp.32_2                            0x0800205c   Number         4  stm32g0xx_hal_i2c.o(.text.I2C_Mem_ISR_IT)
    __arm_cp.32_3                            0x08002060   Number         4  stm32g0xx_hal_i2c.o(.text.I2C_Mem_ISR_IT)
    __arm_cp.32_4                            0x08002064   Number         4  stm32g0xx_hal_i2c.o(.text.I2C_Mem_ISR_IT)
    __arm_cp.32_5                            0x08002068   Number         4  stm32g0xx_hal_i2c.o(.text.I2C_Mem_ISR_IT)
    I2C_Slave_ISR_IT                         0x0800206d   Thumb Code   576  stm32g0xx_hal_i2c.o(.text.I2C_Slave_ISR_IT)
    [Anonymous Symbol]                       0x0800206c   Section        0  stm32g0xx_hal_i2c.o(.text.I2C_Slave_ISR_IT)
    __arm_cp.16_0                            0x080022ac   Number         4  stm32g0xx_hal_i2c.o(.text.I2C_Slave_ISR_IT)
    __arm_cp.16_1                            0x080022b0   Number         4  stm32g0xx_hal_i2c.o(.text.I2C_Slave_ISR_IT)
    __arm_cp.16_2                            0x080022b4   Number         4  stm32g0xx_hal_i2c.o(.text.I2C_Slave_ISR_IT)
    __arm_cp.16_3                            0x080022b8   Number         4  stm32g0xx_hal_i2c.o(.text.I2C_Slave_ISR_IT)
    I2C_WaitOnFlagUntilTimeout               0x080022bd   Thumb Code   168  stm32g0xx_hal_i2c.o(.text.I2C_WaitOnFlagUntilTimeout)
    [Anonymous Symbol]                       0x080022bc   Section        0  stm32g0xx_hal_i2c.o(.text.I2C_WaitOnFlagUntilTimeout)
    [Anonymous Symbol]                       0x08002364   Section        0  gpio.o(.text.MX_GPIO_Init)
    __arm_cp.0_0                             0x080024d4   Number         4  gpio.o(.text.MX_GPIO_Init)
    __arm_cp.0_1                             0x080024d8   Number         4  gpio.o(.text.MX_GPIO_Init)
    __arm_cp.0_2                             0x080024dc   Number         4  gpio.o(.text.MX_GPIO_Init)
    __arm_cp.0_3                             0x080024e0   Number         4  gpio.o(.text.MX_GPIO_Init)
    __arm_cp.0_4                             0x080024e4   Number         4  gpio.o(.text.MX_GPIO_Init)
    __arm_cp.0_5                             0x080024e8   Number         4  gpio.o(.text.MX_GPIO_Init)
    __arm_cp.0_6                             0x080024ec   Number         4  gpio.o(.text.MX_GPIO_Init)
    __arm_cp.0_7                             0x080024f0   Number         4  gpio.o(.text.MX_GPIO_Init)
    __arm_cp.0_8                             0x080024f4   Number         4  gpio.o(.text.MX_GPIO_Init)
    [Anonymous Symbol]                       0x080024f8   Section        0  i2c.o(.text.MX_I2C2_Init)
    __arm_cp.0_0                             0x08002544   Number         4  i2c.o(.text.MX_I2C2_Init)
    __arm_cp.0_1                             0x08002548   Number         4  i2c.o(.text.MX_I2C2_Init)
    __arm_cp.0_2                             0x0800254c   Number         4  i2c.o(.text.MX_I2C2_Init)
    [Anonymous Symbol]                       0x08002550   Section        0  tim.o(.text.MX_TIM1_Init)
    __arm_cp.0_0                             0x080025b0   Number         4  tim.o(.text.MX_TIM1_Init)
    __arm_cp.0_1                             0x080025b4   Number         4  tim.o(.text.MX_TIM1_Init)
    __arm_cp.0_2                             0x080025b8   Number         4  tim.o(.text.MX_TIM1_Init)
    [Anonymous Symbol]                       0x080025bc   Section        0  stm32g0xx_it.o(.text.NMI_Handler)
    [Anonymous Symbol]                       0x080025be   Section        0  stm32g0xx_it.o(.text.PendSV_Handler)
    [Anonymous Symbol]                       0x080025c0   Section        0  stm32g0xx_it.o(.text.SVC_Handler)
    [Anonymous Symbol]                       0x080025c2   Section        0  stm32g0xx_it.o(.text.SysTick_Handler)
    [Anonymous Symbol]                       0x080025ca   Section        0  system_stm32g0xx.o(.text.SystemInit)
    [Anonymous Symbol]                       0x080025cc   Section        0  interface.o(.text.getInterfaceEncoderPosition)
    [Anonymous Symbol]                       0x080025d4   Section        0  encoder.o(.text.getJackPosition)
    [Anonymous Symbol]                       0x080025f0   Section        0  encoder.o(.text.getMotorPosition)
    __arm_cp.3_0                             0x0800260c   Number         4  encoder.o(.text.getMotorPosition)
    [Anonymous Symbol]                       0x08002610   Section        0  interface.o(.text.interfaceInit)
    [Anonymous Symbol]                       0x0800262c   Section        0  interface.o(.text.interfaceRun)
    __arm_cp.1_0                             0x080027ec   Number         4  interface.o(.text.interfaceRun)
    __arm_cp.1_1                             0x080027f0   Number         4  interface.o(.text.interfaceRun)
    [Anonymous Symbol]                       0x080027f4   Section        0  jack.o(.text.jackControl)
    __arm_cp.2_0                             0x080028bc   Number         4  jack.o(.text.jackControl)
    [Anonymous Symbol]                       0x080028c0   Section        0  jack.o(.text.jackInit)
    [Anonymous Symbol]                       0x08002904   Section        0  jack.o(.text.jackRun)
    __arm_cp.1_0                             0x08002bc0   Number         4  jack.o(.text.jackRun)
    __arm_cp.1_1                             0x08002bc4   Number         4  jack.o(.text.jackRun)
    __arm_cp.1_2                             0x08002bc8   Number         4  jack.o(.text.jackRun)
    __arm_cp.1_3                             0x08002bcc   Number         4  jack.o(.text.jackRun)
    __arm_cp.1_4                             0x08002bd0   Number         4  jack.o(.text.jackRun)
    __arm_cp.1_5                             0x08002bd4   Number         4  jack.o(.text.jackRun)
    [Anonymous Symbol]                       0x08002bd8   Section        0  interface.o(.text.ledControl)
    __arm_cp.5_0                             0x08002cdc   Number         4  interface.o(.text.ledControl)
    __arm_cp.5_1                             0x08002ce0   Number         4  interface.o(.text.ledControl)
    [Anonymous Symbol]                       0x08002ce4   Section        0  main.o(.text.main)
    __arm_cp.4_0                             0x08002db4   Number         4  main.o(.text.main)
    __arm_cp.4_1                             0x08002db8   Number         4  main.o(.text.main)
    [Anonymous Symbol]                       0x08002dbc   Section        0  interface.o(.text.mainMenu)
    __arm_cp.2_0                             0x08002e98   Number         4  interface.o(.text.mainMenu)
    [Anonymous Symbol]                       0x08002e9c   Section        0  motor.o(.text.motorControl)
    [Anonymous Symbol]                       0x08002f70   Section        0  motor.o(.text.motorInit)
    [Anonymous Symbol]                       0x08002f90   Section        0  motor.o(.text.motorRun)
    __arm_cp.1_0                             0x08003148   Number         4  motor.o(.text.motorRun)
    __arm_cp.1_1                             0x0800314c   Number         4  motor.o(.text.motorRun)
    __arm_cp.1_3                             0x08003150   Number         4  motor.o(.text.motorRun)
    __arm_cp.1_4                             0x08003154   Number         4  motor.o(.text.motorRun)
    __arm_cp.1_5                             0x08003158   Number         4  motor.o(.text.motorRun)
    [Anonymous Symbol]                       0x0800315c   Section        0  receiver.o(.text.receiverInit)
    [Anonymous Symbol]                       0x08003168   Section        0  receiver.o(.text.receiverRun)
    __arm_cp.1_0                             0x08003290   Number         4  receiver.o(.text.receiverRun)
    __arm_cp.1_1                             0x08003294   Number         4  receiver.o(.text.receiverRun)
    __arm_cp.1_2                             0x08003298   Number         4  receiver.o(.text.receiverRun)
    __arm_cp.1_3                             0x0800329c   Number         4  receiver.o(.text.receiverRun)
    [Anonymous Symbol]                       0x080032a0   Section        0  encoder.o(.text.setJackPosition)
    [Anonymous Symbol]                       0x080032b4   Section        0  encoder.o(.text.setMotorPosition)
    __arm_cp.1_0                             0x080032c8   Number         4  encoder.o(.text.setMotorPosition)
    [Anonymous Symbol]                       0x080032cc   Section        0  interface.o(.text.settingMenu)
    __arm_cp.3_0                             0x08003494   Number         4  interface.o(.text.settingMenu)
    .text_divfast                            0x08003498   Section      502  aeabi_sdivfast.o(.text_divfast)
    [Anonymous Symbol]                       0x20000000   Section        0  stm32g0xx_hal.o(.data..L_MergedGlobals)
    .bss                                     0x20000010   Section       96  libspace.o(.bss)
    [Anonymous Symbol]                       0x20000070   Section        0  encoder.o(.bss..L_MergedGlobals)
    [Anonymous Symbol]                       0x20000078   Section        0  interface.o(.bss..L_MergedGlobals)
    [Anonymous Symbol]                       0x200000a0   Section        0  receiver.o(.bss..L_MergedGlobals)
    [Anonymous Symbol]                       0x200000b0   Section        0  eeprom.o(.bss..L_MergedGlobals)
    Heap_Mem                                 0x20000238   Data         512  startup_stm32g070xx.o(HEAP)
    HEAP                                     0x20000238   Section      512  startup_stm32g070xx.o(HEAP)
    Stack_Mem                                0x20000438   Data        1024  startup_stm32g070xx.o(STACK)
    STACK                                    0x20000438   Section     1024  startup_stm32g070xx.o(STACK)
    __initial_sp                             0x20000838   Data           0  startup_stm32g070xx.o(STACK)

    Global Symbols

    Symbol Name                              Value     Ov Type        Size  Object(Section)

    BuildAttributes$$THM_ISAv3M$S$PE$A:L22$X:L11$S22$IEEE1$IW$~IW$USESV6$~STKCKD$USESV7$~SHL$OTIME$ROPI$EBA8$UX$STANDARDLIB$REQ8$PRES8$EABIv2 0x00000000   Number         0  anon$$obj.o ABSOLUTE
    __ARM_exceptions_init                     - Undefined Weak Reference
    __alloca_initialize                       - Undefined Weak Reference
    __arm_preinit_                            - Undefined Weak Reference
    __arm_relocate_pie_                       - Undefined Weak Reference
    __cpp_initialize__aeabi_                  - Undefined Weak Reference
    __cxa_finalize                            - Undefined Weak Reference
    __rt_locale                               - Undefined Weak Reference
    __sigvec_lookup                           - Undefined Weak Reference
    _atexit_init                              - Undefined Weak Reference
    _call_atexit_fns                          - Undefined Weak Reference
    _clock_init                               - Undefined Weak Reference
    _fp_trap_init                             - Undefined Weak Reference
    _fp_trap_shutdown                         - Undefined Weak Reference
    _get_lc_collate                           - Undefined Weak Reference
    _get_lc_ctype                             - Undefined Weak Reference
    _get_lc_monetary                          - Undefined Weak Reference
    _get_lc_numeric                           - Undefined Weak Reference
    _get_lc_time                              - Undefined Weak Reference
    _getenv_init                              - Undefined Weak Reference
    _handle_redirection                       - Undefined Weak Reference
    _init_alloc                               - Undefined Weak Reference
    _init_user_alloc                          - Undefined Weak Reference
    _initio                                   - Undefined Weak Reference
    _rand_init                                - Undefined Weak Reference
    _signal_finish                            - Undefined Weak Reference
    _signal_init                              - Undefined Weak Reference
    _terminate_alloc                          - Undefined Weak Reference
    _terminate_user_alloc                     - Undefined Weak Reference
    _terminateio                              - Undefined Weak Reference
    __Vectors_Size                           0x000000b8   Number         0  startup_stm32g070xx.o ABSOLUTE
    __Vectors                                0x08000000   Data           4  startup_stm32g070xx.o(RESET)
    __Vectors_End                            0x080000b8   Data           0  startup_stm32g070xx.o(RESET)
    __main                                   0x080000b9   Thumb Code     8  __main.o(!!!main)
    __scatterload                            0x080000c1   Thumb Code     0  __scatter.o(!!!scatter)
    __scatterload_rt2                        0x080000c1   Thumb Code    74  __scatter.o(!!!scatter)
    __scatterload_rt2_thumb_only             0x080000c1   Thumb Code     0  __scatter.o(!!!scatter)
    __scatterload_loop                       0x080000cb   Thumb Code     0  __scatter.o(!!!scatter)
    __scatterload_copy                       0x08000115   Thumb Code    26  __scatter_copy.o(!!handler_copy)
    __scatterload_null                       0x08000131   Thumb Code     2  __scatter.o(!!handler_null)
    __scatterload_zeroinit                   0x08000135   Thumb Code    28  __scatter_zi.o(!!handler_zi)
    __rt_lib_init                            0x08000151   Thumb Code     0  libinit.o(.ARM.Collect$$libinit$$00000000)
    __rt_lib_init_alloca_1                   0x08000153   Thumb Code     0  libinit2.o(.ARM.Collect$$libinit$$00000030)
    __rt_lib_init_argv_1                     0x08000153   Thumb Code     0  libinit2.o(.ARM.Collect$$libinit$$0000002E)
    __rt_lib_init_atexit_1                   0x08000153   Thumb Code     0  libinit2.o(.ARM.Collect$$libinit$$0000001D)
    __rt_lib_init_clock_1                    0x08000153   Thumb Code     0  libinit2.o(.ARM.Collect$$libinit$$00000023)
    __rt_lib_init_cpp_1                      0x08000153   Thumb Code     0  libinit2.o(.ARM.Collect$$libinit$$00000034)
    __rt_lib_init_exceptions_1               0x08000153   Thumb Code     0  libinit2.o(.ARM.Collect$$libinit$$00000032)
    __rt_lib_init_fp_1                       0x08000153   Thumb Code     0  libinit2.o(.ARM.Collect$$libinit$$00000002)
    __rt_lib_init_fp_trap_1                  0x08000153   Thumb Code     0  libinit2.o(.ARM.Collect$$libinit$$00000021)
    __rt_lib_init_getenv_1                   0x08000153   Thumb Code     0  libinit2.o(.ARM.Collect$$libinit$$00000025)
    __rt_lib_init_heap_1                     0x08000153   Thumb Code     0  libinit2.o(.ARM.Collect$$libinit$$0000000C)
    __rt_lib_init_lc_collate_1               0x08000153   Thumb Code     0  libinit2.o(.ARM.Collect$$libinit$$00000013)
    __rt_lib_init_lc_ctype_1                 0x08000153   Thumb Code     0  libinit2.o(.ARM.Collect$$libinit$$00000015)
    __rt_lib_init_lc_monetary_1              0x08000153   Thumb Code     0  libinit2.o(.ARM.Collect$$libinit$$00000017)
    __rt_lib_init_lc_numeric_1               0x08000153   Thumb Code     0  libinit2.o(.ARM.Collect$$libinit$$00000019)
    __rt_lib_init_lc_time_1                  0x08000153   Thumb Code     0  libinit2.o(.ARM.Collect$$libinit$$0000001B)
    __rt_lib_init_preinit_1                  0x08000153   Thumb Code     0  libinit2.o(.ARM.Collect$$libinit$$00000006)
    __rt_lib_init_rand_1                     0x08000153   Thumb Code     0  libinit2.o(.ARM.Collect$$libinit$$00000010)
    __rt_lib_init_relocate_pie_1             0x08000153   Thumb Code     0  libinit2.o(.ARM.Collect$$libinit$$00000004)
    __rt_lib_init_return                     0x08000153   Thumb Code     0  libinit2.o(.ARM.Collect$$libinit$$00000035)
    __rt_lib_init_signal_1                   0x08000153   Thumb Code     0  libinit2.o(.ARM.Collect$$libinit$$0000001F)
    __rt_lib_init_stdio_1                    0x08000153   Thumb Code     0  libinit2.o(.ARM.Collect$$libinit$$00000027)
    __rt_lib_init_user_alloc_1               0x08000153   Thumb Code     0  libinit2.o(.ARM.Collect$$libinit$$0000000E)
    __rt_lib_shutdown                        0x08000155   Thumb Code     0  libshutdown.o(.ARM.Collect$$libshutdown$$00000000)
    __rt_lib_shutdown_cpp_1                  0x08000157   Thumb Code     0  libshutdown2.o(.ARM.Collect$$libshutdown$$00000002)
    __rt_lib_shutdown_fp_trap_1              0x08000157   Thumb Code     0  libshutdown2.o(.ARM.Collect$$libshutdown$$00000007)
    __rt_lib_shutdown_heap_1                 0x08000157   Thumb Code     0  libshutdown2.o(.ARM.Collect$$libshutdown$$0000000F)
    __rt_lib_shutdown_return                 0x08000157   Thumb Code     0  libshutdown2.o(.ARM.Collect$$libshutdown$$00000010)
    __rt_lib_shutdown_signal_1               0x08000157   Thumb Code     0  libshutdown2.o(.ARM.Collect$$libshutdown$$0000000A)
    __rt_lib_shutdown_stdio_1                0x08000157   Thumb Code     0  libshutdown2.o(.ARM.Collect$$libshutdown$$00000004)
    __rt_lib_shutdown_user_alloc_1           0x08000157   Thumb Code     0  libshutdown2.o(.ARM.Collect$$libshutdown$$0000000C)
    __rt_entry                               0x08000159   Thumb Code     0  __rtentry.o(.ARM.Collect$$rtentry$$00000000)
    __rt_entry_presh_1                       0x08000159   Thumb Code     0  __rtentry2.o(.ARM.Collect$$rtentry$$00000002)
    __rt_entry_sh                            0x08000159   Thumb Code     0  __rtentry4.o(.ARM.Collect$$rtentry$$00000004)
    __rt_entry_li                            0x0800015f   Thumb Code     0  __rtentry2.o(.ARM.Collect$$rtentry$$0000000A)
    __rt_entry_postsh_1                      0x0800015f   Thumb Code     0  __rtentry2.o(.ARM.Collect$$rtentry$$00000009)
    __rt_entry_main                          0x08000163   Thumb Code     0  __rtentry2.o(.ARM.Collect$$rtentry$$0000000D)
    __rt_entry_postli_1                      0x08000163   Thumb Code     0  __rtentry2.o(.ARM.Collect$$rtentry$$0000000C)
    __rt_exit                                0x0800016b   Thumb Code     0  rtexit.o(.ARM.Collect$$rtexit$$00000000)
    __rt_exit_ls                             0x0800016d   Thumb Code     0  rtexit2.o(.ARM.Collect$$rtexit$$00000003)
    __rt_exit_prels_1                        0x0800016d   Thumb Code     0  rtexit2.o(.ARM.Collect$$rtexit$$00000002)
    __rt_exit_exit                           0x08000171   Thumb Code     0  rtexit2.o(.ARM.Collect$$rtexit$$00000004)
    Reset_Handler                            0x08000179   Thumb Code     8  startup_stm32g070xx.o(.text)
    ADC1_IRQHandler                          0x0800018b   Thumb Code     0  startup_stm32g070xx.o(.text)
    DMA1_Ch4_7_DMAMUX1_OVR_IRQHandler        0x0800018b   Thumb Code     0  startup_stm32g070xx.o(.text)
    DMA1_Channel1_IRQHandler                 0x0800018b   Thumb Code     0  startup_stm32g070xx.o(.text)
    DMA1_Channel2_3_IRQHandler               0x0800018b   Thumb Code     0  startup_stm32g070xx.o(.text)
    EXTI0_1_IRQHandler                       0x0800018b   Thumb Code     0  startup_stm32g070xx.o(.text)
    EXTI2_3_IRQHandler                       0x0800018b   Thumb Code     0  startup_stm32g070xx.o(.text)
    EXTI4_15_IRQHandler                      0x0800018b   Thumb Code     0  startup_stm32g070xx.o(.text)
    FLASH_IRQHandler                         0x0800018b   Thumb Code     0  startup_stm32g070xx.o(.text)
    I2C1_IRQHandler                          0x0800018b   Thumb Code     0  startup_stm32g070xx.o(.text)
    RCC_IRQHandler                           0x0800018b   Thumb Code     0  startup_stm32g070xx.o(.text)
    RTC_TAMP_IRQHandler                      0x0800018b   Thumb Code     0  startup_stm32g070xx.o(.text)
    SPI1_IRQHandler                          0x0800018b   Thumb Code     0  startup_stm32g070xx.o(.text)
    SPI2_IRQHandler                          0x0800018b   Thumb Code     0  startup_stm32g070xx.o(.text)
    TIM14_IRQHandler                         0x0800018b   Thumb Code     0  startup_stm32g070xx.o(.text)
    TIM15_IRQHandler                         0x0800018b   Thumb Code     0  startup_stm32g070xx.o(.text)
    TIM16_IRQHandler                         0x0800018b   Thumb Code     0  startup_stm32g070xx.o(.text)
    TIM17_IRQHandler                         0x0800018b   Thumb Code     0  startup_stm32g070xx.o(.text)
    TIM1_BRK_UP_TRG_COM_IRQHandler           0x0800018b   Thumb Code     0  startup_stm32g070xx.o(.text)
    TIM1_CC_IRQHandler                       0x0800018b   Thumb Code     0  startup_stm32g070xx.o(.text)
    TIM3_IRQHandler                          0x0800018b   Thumb Code     0  startup_stm32g070xx.o(.text)
    TIM6_IRQHandler                          0x0800018b   Thumb Code     0  startup_stm32g070xx.o(.text)
    TIM7_IRQHandler                          0x0800018b   Thumb Code     0  startup_stm32g070xx.o(.text)
    USART1_IRQHandler                        0x0800018b   Thumb Code     0  startup_stm32g070xx.o(.text)
    USART2_IRQHandler                        0x0800018b   Thumb Code     0  startup_stm32g070xx.o(.text)
    USART3_4_IRQHandler                      0x0800018b   Thumb Code     0  startup_stm32g070xx.o(.text)
    WWDG_IRQHandler                          0x0800018b   Thumb Code     0  startup_stm32g070xx.o(.text)
    __user_initial_stackheap                 0x0800018d   Thumb Code     0  startup_stm32g070xx.o(.text)
    __use_two_region_memory                  0x080001b1   Thumb Code     2  heapauxi.o(.text)
    __rt_heap_escrow$2region                 0x080001b3   Thumb Code     2  heapauxi.o(.text)
    __rt_heap_expand$2region                 0x080001b5   Thumb Code     2  heapauxi.o(.text)
    __user_setup_stackheap                   0x080001b7   Thumb Code    62  sys_stackheap_outer.o(.text)
    exit                                     0x080001f5   Thumb Code    16  exit.o(.text)
    __user_libspace                          0x08000205   Thumb Code     8  libspace.o(.text)
    __user_perproc_libspace                  0x08000205   Thumb Code     0  libspace.o(.text)
    __user_perthread_libspace                0x08000205   Thumb Code     0  libspace.o(.text)
    _sys_exit                                0x0800020d   Thumb Code     8  sys_exit.o(.text)
    __I$use$semihosting                      0x08000219   Thumb Code     0  use_no_semi.o(.text)
    __use_no_semihosting_swi                 0x08000219   Thumb Code     2  use_no_semi.o(.text)
    __semihosting_library_function           0x0800021b   Thumb Code     0  indicate_semi.o(.text)
    AT24Init                                 0x0800021d   Thumb Code    68  eeprom.o(.text.AT24Init)
    AT24Run                                  0x08000261   Thumb Code   400  eeprom.o(.text.AT24Run)
    AT24_ReadAll_IT                          0x080003fd   Thumb Code    48  eeprom.o(.text.AT24_ReadAll_IT)
    AT24_RxComplete                          0x0800042d   Thumb Code   368  eeprom.o(.text.AT24_RxComplete)
    AT24_TxComplete                          0x080005a9   Thumb Code     8  eeprom.o(.text.AT24_TxComplete)
    AT24_WriteAll_IT                         0x080005b5   Thumb Code   172  eeprom.o(.text.AT24_WriteAll_IT)
    Error_Handler                            0x08000665   Thumb Code     8  main.o(.text.Error_Handler)
    HAL_DMA_Abort_IT                         0x0800066d   Thumb Code   108  stm32g0xx_hal_dma.o(.text.HAL_DMA_Abort_IT)
    HAL_DMA_GetState                         0x080006e1   Thumb Code     6  stm32g0xx_hal_dma.o(.text.HAL_DMA_GetState)
    HAL_Delay                                0x080006e9   Thumb Code    32  stm32g0xx_hal.o(.text.HAL_Delay)
    HAL_GPIO_Init                            0x0800070d   Thumb Code   396  stm32g0xx_hal_gpio.o(.text.HAL_GPIO_Init)
    HAL_GPIO_ReadPin                         0x080008ad   Thumb Code    10  stm32g0xx_hal_gpio.o(.text.HAL_GPIO_ReadPin)
    HAL_GPIO_WritePin                        0x080008b7   Thumb Code    16  stm32g0xx_hal_gpio.o(.text.HAL_GPIO_WritePin)
    HAL_GetTick                              0x080008c9   Thumb Code     8  stm32g0xx_hal.o(.text.HAL_GetTick)
    HAL_I2CEx_ConfigAnalogFilter             0x080008d5   Thumb Code    66  stm32g0xx_hal_i2c_ex.o(.text.HAL_I2CEx_ConfigAnalogFilter)
    HAL_I2CEx_ConfigDigitalFilter            0x08000917   Thumb Code    66  stm32g0xx_hal_i2c_ex.o(.text.HAL_I2CEx_ConfigDigitalFilter)
    HAL_I2C_AbortCpltCallback                0x08000959   Thumb Code     2  stm32g0xx_hal_i2c.o(.text.HAL_I2C_AbortCpltCallback)
    HAL_I2C_AddrCallback                     0x0800095b   Thumb Code     2  stm32g0xx_hal_i2c.o(.text.HAL_I2C_AddrCallback)
    HAL_I2C_ER_IRQHandler                    0x0800095d   Thumb Code   130  stm32g0xx_hal_i2c.o(.text.HAL_I2C_ER_IRQHandler)
    HAL_I2C_EV_IRQHandler                    0x080009df   Thumb Code    18  stm32g0xx_hal_i2c.o(.text.HAL_I2C_EV_IRQHandler)
    HAL_I2C_ErrorCallback                    0x080009f1   Thumb Code     2  stm32g0xx_hal_i2c.o(.text.HAL_I2C_ErrorCallback)
    HAL_I2C_Init                             0x080009f5   Thumb Code   160  stm32g0xx_hal_i2c.o(.text.HAL_I2C_Init)
    HAL_I2C_IsDeviceReady                    0x08000a9d   Thumb Code   464  stm32g0xx_hal_i2c.o(.text.HAL_I2C_IsDeviceReady)
    HAL_I2C_ListenCpltCallback               0x08000c71   Thumb Code     2  stm32g0xx_hal_i2c.o(.text.HAL_I2C_ListenCpltCallback)
    HAL_I2C_MasterRxCpltCallback             0x08000c73   Thumb Code     2  stm32g0xx_hal_i2c.o(.text.HAL_I2C_MasterRxCpltCallback)
    HAL_I2C_MasterTxCpltCallback             0x08000c75   Thumb Code     2  stm32g0xx_hal_i2c.o(.text.HAL_I2C_MasterTxCpltCallback)
    HAL_I2C_MemRxCpltCallback                0x08000c79   Thumb Code    16  main.o(.text.HAL_I2C_MemRxCpltCallback)
    HAL_I2C_MemTxCpltCallback                0x08000c89   Thumb Code    16  main.o(.text.HAL_I2C_MemTxCpltCallback)
    HAL_I2C_Mem_Read_IT                      0x08000c9d   Thumb Code   156  stm32g0xx_hal_i2c.o(.text.HAL_I2C_Mem_Read_IT)
    HAL_I2C_Mem_Write_IT                     0x08000d39   Thumb Code   156  stm32g0xx_hal_i2c.o(.text.HAL_I2C_Mem_Write_IT)
    HAL_I2C_MspInit                          0x08000de9   Thumb Code   104  i2c.o(.text.HAL_I2C_MspInit)
    HAL_I2C_SlaveRxCpltCallback              0x08000e5d   Thumb Code     2  stm32g0xx_hal_i2c.o(.text.HAL_I2C_SlaveRxCpltCallback)
    HAL_I2C_SlaveTxCpltCallback              0x08000e5f   Thumb Code     2  stm32g0xx_hal_i2c.o(.text.HAL_I2C_SlaveTxCpltCallback)
    HAL_IncTick                              0x08000e61   Thumb Code    16  stm32g0xx_hal.o(.text.HAL_IncTick)
    HAL_Init                                 0x08000e75   Thumb Code    40  stm32g0xx_hal.o(.text.HAL_Init)
    HAL_InitTick                             0x08000e9d   Thumb Code    64  stm32g0xx_hal.o(.text.HAL_InitTick)
    HAL_MspInit                              0x08000ee1   Thumb Code    40  stm32g0xx_hal_msp.o(.text.HAL_MspInit)
    HAL_NVIC_EnableIRQ                       0x08000f0d   Thumb Code    20  stm32g0xx_hal_cortex.o(.text.HAL_NVIC_EnableIRQ)
    HAL_NVIC_SetPriority                     0x08000f25   Thumb Code    48  stm32g0xx_hal_cortex.o(.text.HAL_NVIC_SetPriority)
    HAL_PWREx_ControlVoltageScaling          0x08000f5d   Thumb Code   132  stm32g0xx_hal_pwr_ex.o(.text.HAL_PWREx_ControlVoltageScaling)
    HAL_RCC_ClockConfig                      0x08000fe9   Thumb Code   488  stm32g0xx_hal_rcc.o(.text.HAL_RCC_ClockConfig)
    HAL_RCC_OscConfig                        0x080011f1   Thumb Code  1020  stm32g0xx_hal_rcc.o(.text.HAL_RCC_OscConfig)
    HAL_SYSTICK_Config                       0x0800160d   Thumb Code    40  stm32g0xx_hal_cortex.o(.text.HAL_SYSTICK_Config)
    HAL_TIMEx_MasterConfigSynchronization    0x08001641   Thumb Code    96  stm32g0xx_hal_tim_ex.o(.text.HAL_TIMEx_MasterConfigSynchronization)
    HAL_TIM_Base_Init                        0x080016a1   Thumb Code   212  stm32g0xx_hal_tim.o(.text.HAL_TIM_Base_Init)
    HAL_TIM_Base_MspInit                     0x08001791   Thumb Code    40  tim.o(.text.HAL_TIM_Base_MspInit)
    HAL_TIM_ConfigClockSource                0x080017c1   Thumb Code   340  stm32g0xx_hal_tim.o(.text.HAL_TIM_ConfigClockSource)
    HardFault_Handler                        0x0800191d   Thumb Code     2  stm32g0xx_it.o(.text.HardFault_Handler)
    I2C2_IRQHandler                          0x08001921   Thumb Code    32  stm32g0xx_it.o(.text.I2C2_IRQHandler)
    MX_GPIO_Init                             0x08002365   Thumb Code   368  gpio.o(.text.MX_GPIO_Init)
    MX_I2C2_Init                             0x080024f9   Thumb Code    76  i2c.o(.text.MX_I2C2_Init)
    MX_TIM1_Init                             0x08002551   Thumb Code    96  tim.o(.text.MX_TIM1_Init)
    NMI_Handler                              0x080025bd   Thumb Code     2  stm32g0xx_it.o(.text.NMI_Handler)
    PendSV_Handler                           0x080025bf   Thumb Code     2  stm32g0xx_it.o(.text.PendSV_Handler)
    SVC_Handler                              0x080025c1   Thumb Code     2  stm32g0xx_it.o(.text.SVC_Handler)
    SysTick_Handler                          0x080025c3   Thumb Code     8  stm32g0xx_it.o(.text.SysTick_Handler)
    SystemInit                               0x080025cb   Thumb Code     2  system_stm32g0xx.o(.text.SystemInit)
    getInterfaceEncoderPosition              0x080025cd   Thumb Code     8  interface.o(.text.getInterfaceEncoderPosition)
    getJackPosition                          0x080025d5   Thumb Code    28  encoder.o(.text.getJackPosition)
    getMotorPosition                         0x080025f1   Thumb Code    28  encoder.o(.text.getMotorPosition)
    interfaceInit                            0x08002611   Thumb Code    28  interface.o(.text.interfaceInit)
    interfaceRun                             0x0800262d   Thumb Code   448  interface.o(.text.interfaceRun)
    jackControl                              0x080027f5   Thumb Code   200  jack.o(.text.jackControl)
    jackInit                                 0x080028c1   Thumb Code    68  jack.o(.text.jackInit)
    jackRun                                  0x08002905   Thumb Code   700  jack.o(.text.jackRun)
    ledControl                               0x08002bd9   Thumb Code   260  interface.o(.text.ledControl)
    main                                     0x08002ce5   Thumb Code   208  main.o(.text.main)
    mainMenu                                 0x08002dbd   Thumb Code   220  interface.o(.text.mainMenu)
    motorControl                             0x08002e9d   Thumb Code   212  motor.o(.text.motorControl)
    motorInit                                0x08002f71   Thumb Code    32  motor.o(.text.motorInit)
    motorRun                                 0x08002f91   Thumb Code   440  motor.o(.text.motorRun)
    receiverInit                             0x0800315d   Thumb Code    12  receiver.o(.text.receiverInit)
    receiverRun                              0x08003169   Thumb Code   296  receiver.o(.text.receiverRun)
    setJackPosition                          0x080032a1   Thumb Code    20  encoder.o(.text.setJackPosition)
    setMotorPosition                         0x080032b5   Thumb Code    20  encoder.o(.text.setMotorPosition)
    settingMenu                              0x080032cd   Thumb Code   456  interface.o(.text.settingMenu)
    __aeabi_uidiv                            0x08003499   Thumb Code    68  aeabi_sdivfast.o(.text_divfast)
    __aeabi_idiv                             0x080034dd   Thumb Code   434  aeabi_sdivfast.o(.text_divfast)
    AHBPrescTable                            0x08003690   Data          64  system_stm32g0xx.o(.rodata.AHBPrescTable)
    Region$$Table$$Base                      0x080036d0   Number         0  anon$$obj.o(Region$$Table)
    Region$$Table$$Limit                     0x080036f0   Number         0  anon$$obj.o(Region$$Table)
    uwTickFreq                               0x20000000   Data           1  stm32g0xx_hal.o(.data..L_MergedGlobals)
    uwTickPrio                               0x20000004   Data           4  stm32g0xx_hal.o(.data..L_MergedGlobals)
    SystemCoreClock                          0x20000008   Data           4  system_stm32g0xx.o(.data.SystemCoreClock)
    __libspace_start                         0x20000010   Data          96  libspace.o(.bss)
    __temporary_stack_top$libspace           0x20000070   Data           0  libspace.o(.bss)
    jack_1_position                          0x20000070   Data           2  encoder.o(.bss..L_MergedGlobals)
    jack_2_position                          0x20000072   Data           2  encoder.o(.bss..L_MergedGlobals)
    motor_1_position                         0x20000074   Data           2  encoder.o(.bss..L_MergedGlobals)
    motor_2_position                         0x20000076   Data           2  encoder.o(.bss..L_MergedGlobals)
    setting_state                            0x20000078   Data           2  interface.o(.bss..L_MergedGlobals)
    interface                                0x20000080   Data          28  interface.o(.bss..L_MergedGlobals)
    receiver_order                           0x200000a0   Data           2  receiver.o(.bss..L_MergedGlobals)
    receiver_run_timer                       0x200000a4   Data           4  receiver.o(.bss..L_MergedGlobals)
    receiver                                 0x200000a8   Data           8  receiver.o(.bss..L_MergedGlobals)
    AT24_State                               0x200000b0   Data           1  eeprom.o(.bss..L_MergedGlobals)
    AT24_write_flag                          0x200000b1   Data           1  eeprom.o(.bss..L_MergedGlobals)
    AT24_write_timer                         0x200000b4   Data           4  eeprom.o(.bss..L_MergedGlobals)
    i2c                                      0x200000b8   Data           4  eeprom.o(.bss..L_MergedGlobals)
    tx_buf                                   0x200000bc   Data          24  eeprom.o(.bss..L_MergedGlobals)
    rx_buf                                   0x200000d4   Data          24  eeprom.o(.bss..L_MergedGlobals)
    AT24_Data                                0x200000ec   Data          46  eeprom.o(.bss..L_MergedGlobals)
    hi2c2                                    0x2000011c   Data          84  i2c.o(.bss.hi2c2)
    htim1                                    0x20000170   Data          76  tim.o(.bss.htim1)
    hundred_millis                           0x200001bc   Data           4  main.o(.bss.hundred_millis)
    jack                                     0x200001c0   Data          80  jack.o(.bss.jack)
    motor                                    0x20000210   Data          32  motor.o(.bss.motor)
    uwTick                                   0x20000230   Data           4  stm32g0xx_hal.o(.bss.uwTick)



==============================================================================

Memory Map of the image

  Image Entry point : 0x080000b9

  Load Region LR_IROM1 (Base: 0x08000000, Size: 0x00003700, Max: 0x00020000, ABSOLUTE)

    Execution Region ER_IROM1 (Exec base: 0x08000000, Load base: 0x08000000, Size: 0x000036f0, Max: 0x00020000, ABSOLUTE)

    Exec Addr    Load Addr    Size         Type   Attr      Idx    E Section Name        Object

    0x08000000   0x08000000   0x000000b8   Data   RO            3    RESET               startup_stm32g070xx.o
    0x080000b8   0x080000b8   0x00000008   Code   RO         1134  * !!!main             c_p.l(__main.o)
    0x080000c0   0x080000c0   0x00000054   Code   RO         1311    !!!scatter          c_p.l(__scatter.o)
    0x08000114   0x08000114   0x0000001a   Code   RO         1315    !!handler_copy      c_p.l(__scatter_copy.o)
    0x0800012e   0x0800012e   0x00000002   PAD
    0x08000130   0x08000130   0x00000002   Code   RO         1312    !!handler_null      c_p.l(__scatter.o)
    0x08000132   0x08000132   0x00000002   PAD
    0x08000134   0x08000134   0x0000001c   Code   RO         1317    !!handler_zi        c_p.l(__scatter_zi.o)
    0x08000150   0x08000150   0x00000002   Code   RO         1172    .ARM.Collect$$libinit$$00000000  c_p.l(libinit.o)
    0x08000152   0x08000152   0x00000000   Code   RO         1186    .ARM.Collect$$libinit$$00000002  c_p.l(libinit2.o)
    0x08000152   0x08000152   0x00000000   Code   RO         1188    .ARM.Collect$$libinit$$00000004  c_p.l(libinit2.o)
    0x08000152   0x08000152   0x00000000   Code   RO         1190    .ARM.Collect$$libinit$$00000006  c_p.l(libinit2.o)
    0x08000152   0x08000152   0x00000000   Code   RO         1193    .ARM.Collect$$libinit$$0000000C  c_p.l(libinit2.o)
    0x08000152   0x08000152   0x00000000   Code   RO         1195    .ARM.Collect$$libinit$$0000000E  c_p.l(libinit2.o)
    0x08000152   0x08000152   0x00000000   Code   RO         1197    .ARM.Collect$$libinit$$00000010  c_p.l(libinit2.o)
    0x08000152   0x08000152   0x00000000   Code   RO         1200    .ARM.Collect$$libinit$$00000013  c_p.l(libinit2.o)
    0x08000152   0x08000152   0x00000000   Code   RO         1202    .ARM.Collect$$libinit$$00000015  c_p.l(libinit2.o)
    0x08000152   0x08000152   0x00000000   Code   RO         1204    .ARM.Collect$$libinit$$00000017  c_p.l(libinit2.o)
    0x08000152   0x08000152   0x00000000   Code   RO         1206    .ARM.Collect$$libinit$$00000019  c_p.l(libinit2.o)
    0x08000152   0x08000152   0x00000000   Code   RO         1208    .ARM.Collect$$libinit$$0000001B  c_p.l(libinit2.o)
    0x08000152   0x08000152   0x00000000   Code   RO         1210    .ARM.Collect$$libinit$$0000001D  c_p.l(libinit2.o)
    0x08000152   0x08000152   0x00000000   Code   RO         1212    .ARM.Collect$$libinit$$0000001F  c_p.l(libinit2.o)
    0x08000152   0x08000152   0x00000000   Code   RO         1214    .ARM.Collect$$libinit$$00000021  c_p.l(libinit2.o)
    0x08000152   0x08000152   0x00000000   Code   RO         1216    .ARM.Collect$$libinit$$00000023  c_p.l(libinit2.o)
    0x08000152   0x08000152   0x00000000   Code   RO         1218    .ARM.Collect$$libinit$$00000025  c_p.l(libinit2.o)
    0x08000152   0x08000152   0x00000000   Code   RO         1220    .ARM.Collect$$libinit$$00000027  c_p.l(libinit2.o)
    0x08000152   0x08000152   0x00000000   Code   RO         1224    .ARM.Collect$$libinit$$0000002E  c_p.l(libinit2.o)
    0x08000152   0x08000152   0x00000000   Code   RO         1226    .ARM.Collect$$libinit$$00000030  c_p.l(libinit2.o)
    0x08000152   0x08000152   0x00000000   Code   RO         1228    .ARM.Collect$$libinit$$00000032  c_p.l(libinit2.o)
    0x08000152   0x08000152   0x00000000   Code   RO         1230    .ARM.Collect$$libinit$$00000034  c_p.l(libinit2.o)
    0x08000152   0x08000152   0x00000002   Code   RO         1231    .ARM.Collect$$libinit$$00000035  c_p.l(libinit2.o)
    0x08000154   0x08000154   0x00000002   Code   RO         1266    .ARM.Collect$$libshutdown$$00000000  c_p.l(libshutdown.o)
    0x08000156   0x08000156   0x00000000   Code   RO         1294    .ARM.Collect$$libshutdown$$00000002  c_p.l(libshutdown2.o)
    0x08000156   0x08000156   0x00000000   Code   RO         1296    .ARM.Collect$$libshutdown$$00000004  c_p.l(libshutdown2.o)
    0x08000156   0x08000156   0x00000000   Code   RO         1299    .ARM.Collect$$libshutdown$$00000007  c_p.l(libshutdown2.o)
    0x08000156   0x08000156   0x00000000   Code   RO         1302    .ARM.Collect$$libshutdown$$0000000A  c_p.l(libshutdown2.o)
    0x08000156   0x08000156   0x00000000   Code   RO         1304    .ARM.Collect$$libshutdown$$0000000C  c_p.l(libshutdown2.o)
    0x08000156   0x08000156   0x00000000   Code   RO         1307    .ARM.Collect$$libshutdown$$0000000F  c_p.l(libshutdown2.o)
    0x08000156   0x08000156   0x00000002   Code   RO         1308    .ARM.Collect$$libshutdown$$00000010  c_p.l(libshutdown2.o)
    0x08000158   0x08000158   0x00000000   Code   RO         1136    .ARM.Collect$$rtentry$$00000000  c_p.l(__rtentry.o)
    0x08000158   0x08000158   0x00000000   Code   RO         1142    .ARM.Collect$$rtentry$$00000002  c_p.l(__rtentry2.o)
    0x08000158   0x08000158   0x00000006   Code   RO         1154    .ARM.Collect$$rtentry$$00000004  c_p.l(__rtentry4.o)
    0x0800015e   0x0800015e   0x00000000   Code   RO         1144    .ARM.Collect$$rtentry$$00000009  c_p.l(__rtentry2.o)
    0x0800015e   0x0800015e   0x00000004   Code   RO         1145    .ARM.Collect$$rtentry$$0000000A  c_p.l(__rtentry2.o)
    0x08000162   0x08000162   0x00000000   Code   RO         1147    .ARM.Collect$$rtentry$$0000000C  c_p.l(__rtentry2.o)
    0x08000162   0x08000162   0x00000008   Code   RO         1148    .ARM.Collect$$rtentry$$0000000D  c_p.l(__rtentry2.o)
    0x0800016a   0x0800016a   0x00000002   Code   RO         1177    .ARM.Collect$$rtexit$$00000000  c_p.l(rtexit.o)
    0x0800016c   0x0800016c   0x00000000   Code   RO         1237    .ARM.Collect$$rtexit$$00000002  c_p.l(rtexit2.o)
    0x0800016c   0x0800016c   0x00000004   Code   RO         1238    .ARM.Collect$$rtexit$$00000003  c_p.l(rtexit2.o)
    0x08000170   0x08000170   0x00000006   Code   RO         1239    .ARM.Collect$$rtexit$$00000004  c_p.l(rtexit2.o)
    0x08000176   0x08000176   0x00000002   PAD
    0x08000178   0x08000178   0x00000038   Code   RO            4    .text               startup_stm32g070xx.o
    0x080001b0   0x080001b0   0x00000006   Code   RO         1132    .text               c_p.l(heapauxi.o)
    0x080001b6   0x080001b6   0x0000003e   Code   RO         1158    .text               c_p.l(sys_stackheap_outer.o)
    0x080001f4   0x080001f4   0x00000010   Code   RO         1161    .text               c_p.l(exit.o)
    0x08000204   0x08000204   0x00000008   Code   RO         1173    .text               c_p.l(libspace.o)
    0x0800020c   0x0800020c   0x0000000c   Code   RO         1232    .text               c_p.l(sys_exit.o)
    0x08000218   0x08000218   0x00000002   Code   RO         1255    .text               c_p.l(use_no_semi.o)
    0x0800021a   0x0800021a   0x00000000   Code   RO         1257    .text               c_p.l(indicate_semi.o)
    0x0800021a   0x0800021a   0x00000002   PAD
    0x0800021c   0x0800021c   0x00000044   Code   RO           98    .text.AT24Init      eeprom.o
    0x08000260   0x08000260   0x0000019c   Code   RO          106    .text.AT24Run       eeprom.o
    0x080003fc   0x080003fc   0x00000030   Code   RO          104    .text.AT24_ReadAll_IT  eeprom.o
    0x0800042c   0x0800042c   0x0000017c   Code   RO          110    .text.AT24_RxComplete  eeprom.o
    0x080005a8   0x080005a8   0x0000000c   Code   RO          108    .text.AT24_TxComplete  eeprom.o
    0x080005b4   0x080005b4   0x000000b0   Code   RO          102    .text.AT24_WriteAll_IT  eeprom.o
    0x08000664   0x08000664   0x00000008   Code   RO          133    .text.Error_Handler  main.o
    0x0800066c   0x0800066c   0x00000074   Code   RO          535    .text.HAL_DMA_Abort_IT  stm32g0xx_hal_dma.o
    0x080006e0   0x080006e0   0x00000006   Code   RO          545    .text.HAL_DMA_GetState  stm32g0xx_hal_dma.o
    0x080006e6   0x080006e6   0x00000002   PAD
    0x080006e8   0x080006e8   0x00000024   Code   RO          705    .text.HAL_Delay     stm32g0xx_hal.o
    0x0800070c   0x0800070c   0x000001a0   Code   RO          499    .text.HAL_GPIO_Init  stm32g0xx_hal_gpio.o
    0x080008ac   0x080008ac   0x0000000a   Code   RO          503    .text.HAL_GPIO_ReadPin  stm32g0xx_hal_gpio.o
    0x080008b6   0x080008b6   0x00000010   Code   RO          505    .text.HAL_GPIO_WritePin  stm32g0xx_hal_gpio.o
    0x080008c6   0x080008c6   0x00000002   PAD
    0x080008c8   0x080008c8   0x0000000c   Code   RO          697    .text.HAL_GetTick   stm32g0xx_hal.o
    0x080008d4   0x080008d4   0x00000042   Code   RO          363    .text.HAL_I2CEx_ConfigAnalogFilter  stm32g0xx_hal_i2c_ex.o
    0x08000916   0x08000916   0x00000042   Code   RO          365    .text.HAL_I2CEx_ConfigDigitalFilter  stm32g0xx_hal_i2c_ex.o
    0x08000958   0x08000958   0x00000002   Code   RO          335    .text.HAL_I2C_AbortCpltCallback  stm32g0xx_hal_i2c.o
    0x0800095a   0x0800095a   0x00000002   Code   RO          325    .text.HAL_I2C_AddrCallback  stm32g0xx_hal_i2c.o
    0x0800095c   0x0800095c   0x00000082   Code   RO          313    .text.HAL_I2C_ER_IRQHandler  stm32g0xx_hal_i2c.o
    0x080009de   0x080009de   0x00000012   Code   RO          311    .text.HAL_I2C_EV_IRQHandler  stm32g0xx_hal_i2c.o
    0x080009f0   0x080009f0   0x00000002   Code   RO          333    .text.HAL_I2C_ErrorCallback  stm32g0xx_hal_i2c.o
    0x080009f2   0x080009f2   0x00000002   PAD
    0x080009f4   0x080009f4   0x000000a8   Code   RO          211    .text.HAL_I2C_Init  stm32g0xx_hal_i2c.o
    0x08000a9c   0x08000a9c   0x000001d4   Code   RO          285    .text.HAL_I2C_IsDeviceReady  stm32g0xx_hal_i2c.o
    0x08000c70   0x08000c70   0x00000002   Code   RO          327    .text.HAL_I2C_ListenCpltCallback  stm32g0xx_hal_i2c.o
    0x08000c72   0x08000c72   0x00000002   Code   RO          319    .text.HAL_I2C_MasterRxCpltCallback  stm32g0xx_hal_i2c.o
    0x08000c74   0x08000c74   0x00000002   Code   RO          317    .text.HAL_I2C_MasterTxCpltCallback  stm32g0xx_hal_i2c.o
    0x08000c76   0x08000c76   0x00000002   PAD
    0x08000c78   0x08000c78   0x00000010   Code   RO          127    .text.HAL_I2C_MemRxCpltCallback  main.o
    0x08000c88   0x08000c88   0x00000014   Code   RO          125    .text.HAL_I2C_MemTxCpltCallback  main.o
    0x08000c9c   0x08000c9c   0x0000009c   Code   RO          277    .text.HAL_I2C_Mem_Read_IT  stm32g0xx_hal_i2c.o
    0x08000d38   0x08000d38   0x000000b0   Code   RO          273    .text.HAL_I2C_Mem_Write_IT  stm32g0xx_hal_i2c.o
    0x08000de8   0x08000de8   0x00000074   Code   RO          156    .text.HAL_I2C_MspInit  i2c.o
    0x08000e5c   0x08000e5c   0x00000002   Code   RO          323    .text.HAL_I2C_SlaveRxCpltCallback  stm32g0xx_hal_i2c.o
    0x08000e5e   0x08000e5e   0x00000002   Code   RO          321    .text.HAL_I2C_SlaveTxCpltCallback  stm32g0xx_hal_i2c.o
    0x08000e60   0x08000e60   0x00000014   Code   RO          695    .text.HAL_IncTick   stm32g0xx_hal.o
    0x08000e74   0x08000e74   0x00000028   Code   RO          685    .text.HAL_Init      stm32g0xx_hal.o
    0x08000e9c   0x08000e9c   0x00000044   Code   RO          687    .text.HAL_InitTick  stm32g0xx_hal.o
    0x08000ee0   0x08000ee0   0x0000002c   Code   RO          203    .text.HAL_MspInit   stm32g0xx_hal_msp.o
    0x08000f0c   0x08000f0c   0x00000018   Code   RO          649    .text.HAL_NVIC_EnableIRQ  stm32g0xx_hal_cortex.o
    0x08000f24   0x08000f24   0x00000038   Code   RO          647    .text.HAL_NVIC_SetPriority  stm32g0xx_hal_cortex.o
    0x08000f5c   0x08000f5c   0x0000008c   Code   RO          633    .text.HAL_PWREx_ControlVoltageScaling  stm32g0xx_hal_pwr_ex.o
    0x08000fe8   0x08000fe8   0x00000208   Code   RO          387    .text.HAL_RCC_ClockConfig  stm32g0xx_hal_rcc.o
    0x080011f0   0x080011f0   0x0000041c   Code   RO          385    .text.HAL_RCC_OscConfig  stm32g0xx_hal_rcc.o
    0x0800160c   0x0800160c   0x00000034   Code   RO          655    .text.HAL_SYSTICK_Config  stm32g0xx_hal_cortex.o
    0x08001640   0x08001640   0x00000060   Code   RO         1072    .text.HAL_TIMEx_MasterConfigSynchronization  stm32g0xx_hal_tim_ex.o
    0x080016a0   0x080016a0   0x000000f0   Code   RO          777    .text.HAL_TIM_Base_Init  stm32g0xx_hal_tim.o
    0x08001790   0x08001790   0x00000030   Code   RO          171    .text.HAL_TIM_Base_MspInit  tim.o
    0x080017c0   0x080017c0   0x0000015c   Code   RO          957    .text.HAL_TIM_ConfigClockSource  stm32g0xx_hal_tim.o
    0x0800191c   0x0800191c   0x00000002   Code   RO          186    .text.HardFault_Handler  stm32g0xx_it.o
    0x0800191e   0x0800191e   0x00000002   PAD
    0x08001920   0x08001920   0x00000024   Code   RO          194    .text.I2C2_IRQHandler  stm32g0xx_it.o
    0x08001944   0x08001944   0x0000003e   Code   RO          297    .text.I2C_DMAAbort  stm32g0xx_hal_i2c.o
    0x08001982   0x08001982   0x00000002   PAD
    0x08001984   0x08001984   0x000000a8   Code   RO          351    .text.I2C_ITAddrCplt  stm32g0xx_hal_i2c.o
    0x08001a2c   0x08001a2c   0x0000011c   Code   RO          315    .text.I2C_ITError   stm32g0xx_hal_i2c.o
    0x08001b48   0x08001b48   0x00000104   Code   RO          345    .text.I2C_ITMasterCplt  stm32g0xx_hal_i2c.o
    0x08001c4c   0x08001c4c   0x00000200   Code   RO          347    .text.I2C_ITSlaveCplt  stm32g0xx_hal_i2c.o
    0x08001e4c   0x08001e4c   0x00000084   Code   RO          349    .text.I2C_ITSlaveSeqCplt  stm32g0xx_hal_i2c.o
    0x08001ed0   0x08001ed0   0x0000019c   Code   RO          275    .text.I2C_Mem_ISR_IT  stm32g0xx_hal_i2c.o
    0x0800206c   0x0800206c   0x00000250   Code   RO          243    .text.I2C_Slave_ISR_IT  stm32g0xx_hal_i2c.o
    0x080022bc   0x080022bc   0x000000a8   Code   RO          221    .text.I2C_WaitOnFlagUntilTimeout  stm32g0xx_hal_i2c.o
    0x08002364   0x08002364   0x00000194   Code   RO          145    .text.MX_GPIO_Init  gpio.o
    0x080024f8   0x080024f8   0x00000058   Code   RO          154    .text.MX_I2C2_Init  i2c.o
    0x08002550   0x08002550   0x0000006c   Code   RO          169    .text.MX_TIM1_Init  tim.o
    0x080025bc   0x080025bc   0x00000002   Code   RO          184    .text.NMI_Handler   stm32g0xx_it.o
    0x080025be   0x080025be   0x00000002   Code   RO          190    .text.PendSV_Handler  stm32g0xx_it.o
    0x080025c0   0x080025c0   0x00000002   Code   RO          188    .text.SVC_Handler   stm32g0xx_it.o
    0x080025c2   0x080025c2   0x00000008   Code   RO          192    .text.SysTick_Handler  stm32g0xx_it.o
    0x080025ca   0x080025ca   0x00000002   Code   RO         1108    .text.SystemInit    system_stm32g0xx.o
    0x080025cc   0x080025cc   0x00000008   Code   RO           42    .text.getInterfaceEncoderPosition  interface.o
    0x080025d4   0x080025d4   0x0000001c   Code   RO           15    .text.getJackPosition  encoder.o
    0x080025f0   0x080025f0   0x00000020   Code   RO           17    .text.getMotorPosition  encoder.o
    0x08002610   0x08002610   0x0000001c   Code   RO           30    .text.interfaceInit  interface.o
    0x0800262c   0x0800262c   0x000001c8   Code   RO           32    .text.interfaceRun  interface.o
    0x080027f4   0x080027f4   0x000000cc   Code   RO           59    .text.jackControl   jack.o
    0x080028c0   0x080028c0   0x00000044   Code   RO           55    .text.jackInit      jack.o
    0x08002904   0x08002904   0x000002d4   Code   RO           57    .text.jackRun       jack.o
    0x08002bd8   0x08002bd8   0x0000010c   Code   RO           40    .text.ledControl    interface.o
    0x08002ce4   0x08002ce4   0x000000d8   Code   RO          129    .text.main          main.o
    0x08002dbc   0x08002dbc   0x000000e0   Code   RO           34    .text.mainMenu      interface.o
    0x08002e9c   0x08002e9c   0x000000d4   Code   RO           87    .text.motorControl  motor.o
    0x08002f70   0x08002f70   0x00000020   Code   RO           83    .text.motorInit     motor.o
    0x08002f90   0x08002f90   0x000001cc   Code   RO           85    .text.motorRun      motor.o
    0x0800315c   0x0800315c   0x0000000c   Code   RO           70    .text.receiverInit  receiver.o
    0x08003168   0x08003168   0x00000138   Code   RO           72    .text.receiverRun   receiver.o
    0x080032a0   0x080032a0   0x00000014   Code   RO           11    .text.setJackPosition  encoder.o
    0x080032b4   0x080032b4   0x00000018   Code   RO           13    .text.setMotorPosition  encoder.o
    0x080032cc   0x080032cc   0x000001cc   Code   RO           36    .text.settingMenu   interface.o
    0x08003498   0x08003498   0x000001f6   Code   RO         1125    .text_divfast       c_p.l(aeabi_sdivfast.o)
    0x0800368e   0x0800368e   0x00000002   PAD
    0x08003690   0x08003690   0x00000040   Data   RO         1113    .rodata.AHBPrescTable  system_stm32g0xx.o
    0x080036d0   0x080036d0   0x00000020   Data   RO         1310    Region$$Table       anon$$obj.o


    Execution Region RW_IRAM1 (Exec base: 0x20000000, Load base: 0x080036f0, Size: 0x00000838, Max: 0x00009000, ABSOLUTE)

    Exec Addr    Load Addr    Size         Type   Attr      Idx    E Section Name        Object

    0x20000000   0x080036f0   0x00000008   Data   RW          742    .data..L_MergedGlobals  stm32g0xx_hal.o
    0x20000008   0x080036f8   0x00000004   Data   RW         1112    .data.SystemCoreClock  system_stm32g0xx.o
    0x2000000c   0x080036fc   0x00000004   PAD
    0x20000010        -       0x00000060   Zero   RW         1174    .bss                c_p.l(libspace.o)
    0x20000070        -       0x00000008   Zero   RW           21    .bss..L_MergedGlobals  encoder.o
    0x20000078        -       0x00000024   Zero   RW           46    .bss..L_MergedGlobals  interface.o
    0x2000009c   0x080036fc   0x00000004   PAD
    0x200000a0        -       0x00000010   Zero   RW           74    .bss..L_MergedGlobals  receiver.o
    0x200000b0        -       0x0000006a   Zero   RW          112    .bss..L_MergedGlobals  eeprom.o
    0x2000011a   0x080036fc   0x00000002   PAD
    0x2000011c        -       0x00000054   Zero   RW          160    .bss.hi2c2          i2c.o
    0x20000170        -       0x0000004c   Zero   RW          175    .bss.htim1          tim.o
    0x200001bc        -       0x00000004   Zero   RW          135    .bss.hundred_millis  main.o
    0x200001c0        -       0x00000050   Zero   RW           61    .bss.jack           jack.o
    0x20000210        -       0x00000020   Zero   RW           89    .bss.motor          motor.o
    0x20000230        -       0x00000004   Zero   RW          741    .bss.uwTick         stm32g0xx_hal.o
    0x20000234   0x080036fc   0x00000004   PAD
    0x20000238        -       0x00000200   Zero   RW            2    HEAP                startup_stm32g070xx.o
    0x20000438        -       0x00000400   Zero   RW            1    STACK               startup_stm32g070xx.o


==============================================================================

Image component sizes


      Code (inc. data)   RO Data    RW Data    ZI Data      Debug   Object Name

      1096         40          0          0        106       7234   eeprom.o
       104          8          0          0          8       2721   encoder.o
       404         36          0          0          0       2416   gpio.o
       204         24          0          0         84       6305   i2c.o
      1444         28          0          0         36       4810   interface.o
       996         34          0          0         80       3710   jack.o
       260         12          0          0          4       8948   main.o
       704         26          0          0         32       2790   motor.o
       324         16          0          0         16       1942   receiver.o
        56         26        184          0       1536        648   startup_stm32g070xx.o
       176         16          0          8          4       6649   stm32g0xx_hal.o
       132         24          0          0          0       6580   stm32g0xx_hal_cortex.o
       122          8          0          0          0       9282   stm32g0xx_hal_dma.o
       442         20          0          0          0       4808   stm32g0xx_hal_gpio.o
      3722        104          0          0          0      67870   stm32g0xx_hal_i2c.o
       132          0          0          0          0       6048   stm32g0xx_hal_i2c_ex.o
        44          4          0          0          0       1283   stm32g0xx_hal_msp.o
       140          8          0          0          0       4968   stm32g0xx_hal_pwr_ex.o
      1572         80          0          0          0       9216   stm32g0xx_hal_rcc.o
       588         36          0          0          0      69045   stm32g0xx_hal_tim.o
        96          0          0          0          0      26349   stm32g0xx_hal_tim_ex.o
        52          4          0          0          0       1670   stm32g0xx_it.o
         2          0         64          4          0       1966   system_stm32g0xx.o
       156         20          0          0         76       5685   tim.o

    ----------------------------------------------------------------------
     12980        574        280         12       1996     262943   Object Totals
         0          0         32          0          0          0   (incl. Generated)
        12          0          0          0         14          0   (incl. Padding)

    ----------------------------------------------------------------------

      Code (inc. data)   RO Data    RW Data    ZI Data      Debug   Library Member Name

         8          0          0          0          0         68   __main.o
         0          0          0          0          0          0   __rtentry.o
        12          0          0          0          0          0   __rtentry2.o
         6          0          0          0          0          0   __rtentry4.o
        86         10          0          0          0          0   __scatter.o
        26          0          0          0          0          0   __scatter_copy.o
        28          0          0          0          0          0   __scatter_zi.o
       502          0          0          0          0         92   aeabi_sdivfast.o
        16          0          0          0          0         68   exit.o
         6          0          0          0          0        136   heapauxi.o
         0          0          0          0          0          0   indicate_semi.o
         2          0          0          0          0          0   libinit.o
         2          0          0          0          0          0   libinit2.o
         2          0          0          0          0          0   libshutdown.o
         2          0          0          0          0          0   libshutdown2.o
         8          4          0          0         96         68   libspace.o
         2          0          0          0          0          0   rtexit.o
        10          0          0          0          0          0   rtexit2.o
        12          4          0          0          0         60   sys_exit.o
        62          0          0          0          0         80   sys_stackheap_outer.o
         2          0          0          0          0         68   use_no_semi.o

    ----------------------------------------------------------------------
       804         18          0          0         96        640   Library Totals
        10          0          0          0          0          0   (incl. Padding)

    ----------------------------------------------------------------------

      Code (inc. data)   RO Data    RW Data    ZI Data      Debug   Library Name

       794         18          0          0         96        640   c_p.l

    ----------------------------------------------------------------------
       804         18          0          0         96        640   Library Totals

    ----------------------------------------------------------------------

==============================================================================


      Code (inc. data)   RO Data    RW Data    ZI Data      Debug   

     13784        592        280         12       2092     263067   Grand Totals
     13784        592        280         12       2092     263067   ELF Image Totals
     13784        592        280         12          0          0   ROM Totals

==============================================================================

    Total RO  Size (Code + RO Data)                14064 (  13.73kB)
    Total RW  Size (RW Data + ZI Data)              2104 (   2.05kB)
    Total ROM Size (Code + RO Data + RW Data)      14076 (  13.75kB)

==============================================================================

