<html>
<body>
<pre>
<h1>µVision Build Log</h1>
<h2>Tool Versions:</h2>
IDE-Version: µVision V5.39.0.0
Copyright (C) 2023 ARM Ltd and ARM Germany GmbH. All rights reserved.
License Information: AMIRBARATI Prophet, RAMON, LIC=4ZLZX-HFE8X-JP9ZQ-NEME5-UPX12-2TZL3
 
Tool Versions:
Toolchain:       MDK-ARM Professional  Version: 5.39.0.0
Toolchain Path:  C:\Keil_v5\ARM\ARMCLANG\Bin
C Compiler:      ArmClang.exe V6.21
Assembler:       Armasm.exe V6.21
Linker/Locator:  ArmLink.exe V6.21
Library Manager: ArmAr.exe V6.21
Hex Converter:   FromElf.exe V6.21
CPU DLL:         SARMCM3.DLL V5.39.0.0
Dialog DLL:      DARMCM1.DLL V1.19.6.0
Target DLL:      STLink\ST-LINKIII-KEIL_SWO.dll V3.2.0.0
Dialog DLL:      TARMCM1.DLL V1.14.6.0
 
<h2>Project:</h2>
C:\Users\Prophet\Desktop\RMRC V0.1\RMRC V0.1 CODEX\RMRC_V03\RMRC_V03\MDK-ARM\RMRC_V.01.uvprojx
Project File Date:  05/04/2026

<h2>Output:</h2>
*** Using Compiler 'V6.21', folder: 'C:\Keil_v5\ARM\ARMCLANG\Bin'
Rebuild target 'RMRC_V.01'
assembling startup_stm32g070xx.s...
compiling motor.c...
compiling receiver.c...
compiling encoder.c...
compiling jack.c...
compiling eeprom.c...
compiling interface.c...
compiling gpio.c...
compiling main.c...
compiling tim.c...
compiling i2c.c...
compiling stm32g0xx_hal_msp.c...
compiling stm32g0xx_it.c...
compiling stm32g0xx_ll_rcc.c...
compiling stm32g0xx_hal_i2c_ex.c...
compiling stm32g0xx_hal_rcc_ex.c...
compiling stm32g0xx_hal_flash_ex.c...
compiling stm32g0xx_hal_rcc.c...
compiling stm32g0xx_hal_flash.c...
compiling stm32g0xx_hal_gpio.c...
compiling stm32g0xx_hal_dma_ex.c...
compiling stm32g0xx_hal_pwr.c...
compiling stm32g0xx_hal_dma.c...
compiling stm32g0xx_hal_pwr_ex.c...
compiling stm32g0xx_hal_cortex.c...
compiling stm32g0xx_hal.c...
compiling stm32g0xx_hal_exti.c...
compiling system_stm32g0xx.c...
compiling stm32g0xx_hal_i2c.c...
compiling stm32g0xx_hal_tim_ex.c...
compiling stm32g0xx_hal_tim.c...
linking...
Program Size: Code=13784 RO-data=280 RW-data=12 ZI-data=2092  
FromELF: creating hex file...
"RMRC_V.01\RMRC_V.01" - 0 Error(s), 0 Warning(s).

<h2>Software Packages used:</h2>

Package Vendor: ARM
                http://www.keil.com/pack/ARM.CMSIS.5.9.0.pack
                ARM::CMSIS@5.9.0
                CMSIS (Common Microcontroller Software Interface Standard)
   * Component: CORE Version: 5.6.0

<h2>Collection of Component include folders:</h2>
  ./RTE/_RMRC_V.01
  C:/Users/Prophet/AppData/Local/Arm/Packs/ARM/CMSIS/5.9.0/CMSIS/Core/Include

<h2>Collection of Component Files used:</h2>

   * Component: ARM::CMSIS:CORE@5.6.0
Build Time Elapsed:  00:00:02
</pre>
</body>
</html>
