Component: Arm Compiler for Embedded 6.21 Tool: armlink [5ec1fa00]

==============================================================================

Section Cross References

    startup_stm32g070xx.o(RESET) refers to startup_stm32g070xx.o(STACK) for __initial_sp
    startup_stm32g070xx.o(RESET) refers to startup_stm32g070xx.o(.text) for Reset_Handler
    startup_stm32g070xx.o(RESET) refers to stm32g0xx_it.o(.text.NMI_Handler) for NMI_Handler
    startup_stm32g070xx.o(RESET) refers to stm32g0xx_it.o(.text.HardFault_Handler) for HardFault_Handler
    startup_stm32g070xx.o(RESET) refers to stm32g0xx_it.o(.text.SVC_Handler) for SVC_Handler
    startup_stm32g070xx.o(RESET) refers to stm32g0xx_it.o(.text.PendSV_Handler) for PendSV_Handler
    startup_stm32g070xx.o(RESET) refers to stm32g0xx_it.o(.text.SysTick_Handler) for SysTick_Handler
    startup_stm32g070xx.o(RESET) refers to stm32g0xx_it.o(.text.RCC_IRQHandler) for RCC_IRQHandler
    startup_stm32g070xx.o(RESET) refers to stm32g0xx_it.o(.text.EXTI2_3_IRQHandler) for EXTI2_3_IRQHandler
    startup_stm32g070xx.o(RESET) refers to stm32g0xx_it.o(.text.EXTI4_15_IRQHandler) for EXTI4_15_IRQHandler
    startup_stm32g070xx.o(RESET) refers to stm32g0xx_it.o(.text.DMA1_Channel1_IRQHandler) for DMA1_Channel1_IRQHandler
    startup_stm32g070xx.o(RESET) refers to stm32g0xx_it.o(.text.TIM1_BRK_UP_TRG_COM_IRQHandler) for TIM1_BRK_UP_TRG_COM_IRQHandler
    startup_stm32g070xx.o(RESET) refers to stm32g0xx_it.o(.text.I2C2_IRQHandler) for I2C2_IRQHandler
    startup_stm32g070xx.o(.text) refers to system_stm32g0xx.o(.text.SystemInit) for SystemInit
    startup_stm32g070xx.o(.text) refers to entry.o(.ARM.Collect$$$$00000000) for __main
    encoder.o(.text.encoderCallback) refers to stm32g0xx_hal_gpio.o(.text.HAL_GPIO_ReadPin) for HAL_GPIO_ReadPin
    encoder.o(.text.encoderCallback) refers to motor.o(.bss.motor) for motor
    encoder.o(.text.encoderCallback) refers to receiver.o(.bss.receiver) for receiver
    encoder.o(.text.encoderCallback) refers to jack.o(.bss.jack) for jack
    encoder.o(.ARM.exidx.text.encoderCallback) refers to encoder.o(.text.encoderCallback) for [Anonymous Symbol]
    interface.o(.text.interfaceInit) refers to interface.o(.text.readInterfaceEncoder) for readInterfaceEncoder
    interface.o(.text.interfaceInit) refers to interface.o(.bss.interface) for interface
    interface.o(.ARM.exidx.text.interfaceInit) refers to interface.o(.text.interfaceInit) for [Anonymous Symbol]
    interface.o(.text.readInterfaceEncoder) refers to stm32g0xx_hal_gpio.o(.text.HAL_GPIO_ReadPin) for HAL_GPIO_ReadPin
    interface.o(.ARM.exidx.text.readInterfaceEncoder) refers to interface.o(.text.readInterfaceEncoder) for [Anonymous Symbol]
    interface.o(.text.interfaceRun) refers to interface.o(.bss.interface) for interface
    interface.o(.text.interfaceRun) refers to interface.o(.data.setting_state) for setting_state
    interface.o(.text.interfaceRun) refers to interface.o(.text.mainMenu) for mainMenu
    interface.o(.text.interfaceRun) refers to interface.o(.text.settingMenu) for settingMenu
    interface.o(.text.interfaceRun) refers to interface.o(.text.setValueMenu) for setValueMenu
    interface.o(.text.interfaceRun) refers to interface.o(.text.offMenu) for offMenu
    interface.o(.text.interfaceRun) refers to interface.o(.text.ledControl) for ledControl
    interface.o(.text.interfaceRun) refers to stm32g0xx_hal.o(.text.HAL_GetTick) for HAL_GetTick
    interface.o(.text.interfaceRun) refers to interface.o(.text.readInterfaceEncoder) for readInterfaceEncoder
    interface.o(.text.interfaceRun) refers to jack.o(.bss.jack) for jack
    interface.o(.text.interfaceRun) refers to stm32g0xx_hal_gpio.o(.text.HAL_GPIO_ReadPin) for HAL_GPIO_ReadPin
    interface.o(.text.interfaceRun) refers to main.o(.bss.hundred_millis) for hundred_millis
    interface.o(.text.interfaceRun) refers to interface.o(.bss.milis) for milis
    interface.o(.text.interfaceRun) refers to interface.o(.rodata.trans_table) for trans_table
    interface.o(.ARM.exidx.text.interfaceRun) refers to interface.o(.text.interfaceRun) for [Anonymous Symbol]
    interface.o(.text.mainMenu) refers to interface.o(.data.setting_state) for setting_state
    interface.o(.text.mainMenu) refers to interface.o(.bss.interface) for interface
    interface.o(.ARM.exidx.text.mainMenu) refers to interface.o(.text.mainMenu) for [Anonymous Symbol]
    interface.o(.text.settingMenu) refers to interface.o(.data.setting_state) for setting_state
    interface.o(.text.settingMenu) refers to interface.o(.bss.interface) for interface
    interface.o(.ARM.exidx.text.settingMenu) refers to interface.o(.text.settingMenu) for [Anonymous Symbol]
    interface.o(.text.setValueMenu) refers to interface.o(.bss.interface) for interface
    interface.o(.ARM.exidx.text.setValueMenu) refers to interface.o(.text.setValueMenu) for [Anonymous Symbol]
    interface.o(.text.offMenu) refers to interface.o(.bss.interface) for interface
[...]
    __arm_cp.6_0                             0x08001210   Number         4  stm32g0xx_hal.o(.text.HAL_GetTick)
    [Anonymous Symbol]                       0x08001214   Section        0  stm32g0xx_hal_i2c_ex.o(.text.HAL_I2CEx_ConfigAnalogFilter)
    [Anonymous Symbol]                       0x080012aa   Section        0  stm32g0xx_hal_i2c_ex.o(.text.HAL_I2CEx_ConfigDigitalFilter)
    [Anonymous Symbol]                       0x0800134a   Section        0  stm32g0xx_hal_i2c.o(.text.HAL_I2C_AbortCpltCallback)
    [Anonymous Symbol]                       0x08001352   Section        0  stm32g0xx_hal_i2c.o(.text.HAL_I2C_AddrCallback)
    [Anonymous Symbol]                       0x08001362   Section        0  stm32g0xx_hal_i2c.o(.text.HAL_I2C_ER_IRQHandler)
    [Anonymous Symbol]                       0x08001428   Section        0  stm32g0xx_hal_i2c.o(.text.HAL_I2C_EV_IRQHandler)
    [Anonymous Symbol]                       0x08001458   Section        0  stm32g0xx_hal_i2c.o(.text.HAL_I2C_ErrorCallback)
    [Anonymous Symbol]                       0x08001460   Section        0  stm32g0xx_hal_i2c.o(.text.HAL_I2C_Init)
    __arm_cp.0_0                             0x0800157c   Number         4  stm32g0xx_hal_i2c.o(.text.HAL_I2C_Init)
    [Anonymous Symbol]                       0x08001580   Section        0  stm32g0xx_hal_i2c.o(.text.HAL_I2C_IsDeviceReady)
    __arm_cp.42_0                            0x080017a8   Number         4  stm32g0xx_hal_i2c.o(.text.HAL_I2C_IsDeviceReady)
    __arm_cp.42_1                            0x080017ac   Number         4  stm32g0xx_hal_i2c.o(.text.HAL_I2C_IsDeviceReady)
    __arm_cp.42_2                            0x080017b0   Number         4  stm32g0xx_hal_i2c.o(.text.HAL_I2C_IsDeviceReady)
    [Anonymous Symbol]                       0x080017b4   Section        0  stm32g0xx_hal_i2c.o(.text.HAL_I2C_ListenCpltCallback)
    [Anonymous Symbol]                       0x080017bc   Section        0  stm32g0xx_hal_i2c.o(.text.HAL_I2C_MasterRxCpltCallback)
    [Anonymous Symbol]                       0x080017c4   Section        0  stm32g0xx_hal_i2c.o(.text.HAL_I2C_MasterTxCpltCallback)
    [Anonymous Symbol]                       0x080017cc   Section        0  main.o(.text.HAL_I2C_MemRxCpltCallback)
    [Anonymous Symbol]                       0x080017da   Section        0  main.o(.text.HAL_I2C_MemTxCpltCallback)
    [Anonymous Symbol]                       0x080017e8   Section        0  stm32g0xx_hal_i2c.o(.text.HAL_I2C_Mem_Read_IT)
    [Anonymous Symbol]                       0x08001910   Section        0  stm32g0xx_hal_i2c.o(.text.HAL_I2C_Mem_Write_IT)
    __arm_cp.36_0                            0x08001a40   Number         4  stm32g0xx_hal_i2c.o(.text.HAL_I2C_Mem_Write_IT)
    __arm_cp.36_1                            0x08001a44   Number         4  stm32g0xx_hal_i2c.o(.text.HAL_I2C_Mem_Write_IT)
    __arm_cp.36_2                            0x08001a48   Number         4  stm32g0xx_hal_i2c.o(.text.HAL_I2C_Mem_Write_IT)
    [Anonymous Symbol]                       0x08001a4c   Section        0  i2c.o(.text.HAL_I2C_MspInit)
    __arm_cp.1_0                             0x08001acc   Number         4  i2c.o(.text.HAL_I2C_MspInit)
    __arm_cp.1_1                             0x08001ad0   Number         4  i2c.o(.text.HAL_I2C_MspInit)
    __arm_cp.1_2                             0x08001ad4   Number         4  i2c.o(.text.HAL_I2C_MspInit)
    [Anonymous Symbol]                       0x08001ad8   Section        0  stm32g0xx_hal_i2c.o(.text.HAL_I2C_SlaveRxCpltCallback)
    [Anonymous Symbol]                       0x08001ae0   Section        0  stm32g0xx_hal_i2c.o(.text.HAL_I2C_SlaveTxCpltCallback)
    [Anonymous Symbol]                       0x08001ae8   Section        0  stm32g0xx_hal.o(.text.HAL_IncTick)
    __arm_cp.5_1                             0x08001af8   Number         4  stm32g0xx_hal.o(.text.HAL_IncTick)
    [Anonymous Symbol]                       0x08001afc   Section        0  stm32g0xx_hal.o(.text.HAL_Init)
    __arm_cp.0_0                             0x08001b34   Number         4  stm32g0xx_hal.o(.text.HAL_Init)
    [Anonymous Symbol]                       0x08001b38   Section        0  stm32g0xx_hal.o(.text.HAL_InitTick)
    __arm_cp.1_0                             0x08001bb0   Number         4  stm32g0xx_hal.o(.text.HAL_InitTick)
    __arm_cp.1_2                             0x08001bb4   Number         4  stm32g0xx_hal.o(.text.HAL_InitTick)
    [Anonymous Symbol]                       0x08001bb8   Section        0  stm32g0xx_hal_msp.o(.text.HAL_MspInit)
    __arm_cp.0_0                             0x08001c00   Number         4  stm32g0xx_hal_msp.o(.text.HAL_MspInit)
    __arm_cp.0_1                             0x08001c04   Number         4  stm32g0xx_hal_msp.o(.text.HAL_MspInit)
    [Anonymous Symbol]                       0x08001c08   Section        0  stm32g0xx_hal_cortex.o(.text.HAL_NVIC_EnableIRQ)
    [Anonymous Symbol]                       0x08001c1e   Section        0  stm32g0xx_hal_cortex.o(.text.HAL_NVIC_SetPriority)
    [Anonymous Symbol]                       0x08001c3c   Section        0  stm32g0xx_hal_pwr_ex.o(.text.HAL_PWREx_ControlVoltageScaling)
    __arm_cp.13_1                            0x08001cac   Number         4  stm32g0xx_hal_pwr_ex.o(.text.HAL_PWREx_ControlVoltageScaling)
    __arm_cp.13_2                            0x08001cb0   Number         4  stm32g0xx_hal_pwr_ex.o(.text.HAL_PWREx_ControlVoltageScaling)
    __arm_cp.13_3                            0x08001cb4   Number         4  stm32g0xx_hal_pwr_ex.o(.text.HAL_PWREx_ControlVoltageScaling)
    [Anonymous Symbol]                       0x08001cb8   Section        0  stm32g0xx_hal_rcc_ex.o(.text.HAL_RCCEx_PeriphCLKConfig)
    __arm_cp.0_0                             0x08001eec   Number         4  stm32g0xx_hal_rcc_ex.o(.text.HAL_RCCEx_PeriphCLKConfig)
    __arm_cp.0_1                             0x08001ef0   Number         4  stm32g0xx_hal_rcc_ex.o(.text.HAL_RCCEx_PeriphCLKConfig)
    __arm_cp.0_2                             0x08001ef4   Number         4  stm32g0xx_hal_rcc_ex.o(.text.HAL_RCCEx_PeriphCLKConfig)
    __arm_cp.0_4                             0x08001ef8   Number         4  stm32g0xx_hal_rcc_ex.o(.text.HAL_RCCEx_PeriphCLKConfig)
    __arm_cp.0_5                             0x08001efc   Number         4  stm32g0xx_hal_rcc_ex.o(.text.HAL_RCCEx_PeriphCLKConfig)
    [Anonymous Symbol]                       0x08001f00   Section        0  stm32g0xx_hal_rcc.o(.text.HAL_RCC_ClockConfig)
    __arm_cp.2_0                             0x0800213c   Number         4  stm32g0xx_hal_rcc.o(.text.HAL_RCC_ClockConfig)
    __arm_cp.2_2                             0x08002140   Number         4  stm32g0xx_hal_rcc.o(.text.HAL_RCC_ClockConfig)
    __arm_cp.2_3                             0x08002144   Number         4  stm32g0xx_hal_rcc.o(.text.HAL_RCC_ClockConfig)
    __arm_cp.2_5                             0x08002148   Number         4  stm32g0xx_hal_rcc.o(.text.HAL_RCC_ClockConfig)
    __arm_cp.2_7                             0x0800214c   Number         4  stm32g0xx_hal_rcc.o(.text.HAL_RCC_ClockConfig)
    __arm_cp.2_8                             0x08002150   Number         4  stm32g0xx_hal_rcc.o(.text.HAL_RCC_ClockConfig)
    [Anonymous Symbol]                       0x08002154   Section        0  stm32g0xx_hal_rcc.o(.text.HAL_RCC_GetHCLKFreq)
    __arm_cp.5_0                             0x0800215c   Number         4  stm32g0xx_hal_rcc.o(.text.HAL_RCC_GetHCLKFreq)
    [Anonymous Symbol]                       0x08002160   Section        0  stm32g0xx_hal_rcc.o(.text.HAL_RCC_GetPCLK1Freq)
    __arm_cp.6_0                             0x08002184   Number         4  stm32g0xx_hal_rcc.o(.text.HAL_RCC_GetPCLK1Freq)
    [Anonymous Symbol]                       0x08002188   Section        0  stm32g0xx_hal_rcc.o(.text.HAL_RCC_GetSysClockFreq)
    __arm_cp.3_0                             0x08002294   Number         4  stm32g0xx_hal_rcc.o(.text.HAL_RCC_GetSysClockFreq)
    __arm_cp.3_1                             0x08002298   Number         4  stm32g0xx_hal_rcc.o(.text.HAL_RCC_GetSysClockFreq)
    __arm_cp.3_2                             0x0800229c   Number         4  stm32g0xx_hal_rcc.o(.text.HAL_RCC_GetSysClockFreq)
    __arm_cp.3_3                             0x080022a0   Number         4  stm32g0xx_hal_rcc.o(.text.HAL_RCC_GetSysClockFreq)
    __arm_cp.3_4                             0x080022a4   Number         4  stm32g0xx_hal_rcc.o(.text.HAL_RCC_GetSysClockFreq)
    [Anonymous Symbol]                       0x080022a8   Section        0  stm32g0xx_hal_rcc.o(.text.HAL_RCC_OscConfig)
    __arm_cp.1_17                            0x080026dc   Number         4  stm32g0xx_hal_rcc.o(.text.HAL_RCC_OscConfig)
    __arm_cp.1_18                            0x080026e0   Number         4  stm32g0xx_hal_rcc.o(.text.HAL_RCC_OscConfig)
    __arm_cp.1_19                            0x080026e4   Number         4  stm32g0xx_hal_rcc.o(.text.HAL_RCC_OscConfig)
    __arm_cp.1_20                            0x080026e8   Number         4  stm32g0xx_hal_rcc.o(.text.HAL_RCC_OscConfig)
    __arm_cp.1_0                             0x0800291c   Number         4  stm32g0xx_hal_rcc.o(.text.HAL_RCC_OscConfig)
    __arm_cp.1_1                             0x08002920   Number         4  stm32g0xx_hal_rcc.o(.text.HAL_RCC_OscConfig)
    __arm_cp.1_2                             0x08002924   Number         4  stm32g0xx_hal_rcc.o(.text.HAL_RCC_OscConfig)
    __arm_cp.1_7                             0x08002928   Number         4  stm32g0xx_hal_rcc.o(.text.HAL_RCC_OscConfig)
    __arm_cp.1_8                             0x0800292c   Number         4  stm32g0xx_hal_rcc.o(.text.HAL_RCC_OscConfig)
    __arm_cp.1_9                             0x08002930   Number         4  stm32g0xx_hal_rcc.o(.text.HAL_RCC_OscConfig)
    __arm_cp.1_10                            0x08002934   Number         4  stm32g0xx_hal_rcc.o(.text.HAL_RCC_OscConfig)
    __arm_cp.1_11                            0x08002938   Number         4  stm32g0xx_hal_rcc.o(.text.HAL_RCC_OscConfig)
    __arm_cp.1_12                            0x0800293c   Number         4  stm32g0xx_hal_rcc.o(.text.HAL_RCC_OscConfig)
    __arm_cp.1_13                            0x08002940   Number         4  stm32g0xx_hal_rcc.o(.text.HAL_RCC_OscConfig)
    [Anonymous Symbol]                       0x08002944   Section        0  stm32g0xx_hal_cortex.o(.text.HAL_SYSTICK_Config)
    [Anonymous Symbol]                       0x08002954   Section        0  stm32g0xx_hal_tim_ex.o(.text.HAL_TIMEx_Break2Callback)
    [Anonymous Symbol]                       0x0800295c   Section        0  stm32g0xx_hal_tim_ex.o(.text.HAL_TIMEx_BreakCallback)
    [Anonymous Symbol]                       0x08002964   Section        0  stm32g0xx_hal_tim_ex.o(.text.HAL_TIMEx_CommutCallback)
    [Anonymous Symbol]                       0x0800296c   Section        0  stm32g0xx_hal_tim_ex.o(.text.HAL_TIMEx_MasterConfigSynchronization)
    [Anonymous Symbol]                       0x08002a4c   Section        0  stm32g0xx_hal_tim.o(.text.HAL_TIM_Base_Init)
    [Anonymous Symbol]                       0x08002af8   Section        0  tim.o(.text.HAL_TIM_Base_MspInit)
    __arm_cp.1_1                             0x08002b3c   Number         4  tim.o(.text.HAL_TIM_Base_MspInit)
    [Anonymous Symbol]                       0x08002b40   Section        0  stm32g0xx_hal_tim.o(.text.HAL_TIM_Base_Start_IT)
    __arm_cp.7_0                             0x08002be0   Number         4  stm32g0xx_hal_tim.o(.text.HAL_TIM_Base_Start_IT)
    __arm_cp.7_1                             0x08002be4   Number         4  stm32g0xx_hal_tim.o(.text.HAL_TIM_Base_Start_IT)
    __arm_cp.7_2                             0x08002be8   Number         4  stm32g0xx_hal_tim.o(.text.HAL_TIM_Base_Start_IT)
    __arm_cp.7_3                             0x08002bec   Number         4  stm32g0xx_hal_tim.o(.text.HAL_TIM_Base_Start_IT)
    [Anonymous Symbol]                       0x08002bf0   Section        0  stm32g0xx_hal_tim.o(.text.HAL_TIM_ConfigClockSource)
    __arm_cp.98_0                            0x08002d7c   Number         4  stm32g0xx_hal_tim.o(.text.HAL_TIM_ConfigClockSource)
    [Anonymous Symbol]                       0x08002d80   Section        0  stm32g0xx_hal_tim.o(.text.HAL_TIM_IC_CaptureCallback)
    [Anonymous Symbol]                       0x08002d88   Section        0  stm32g0xx_hal_tim.o(.text.HAL_TIM_IRQHandler)
    __arm_cp.67_0                            0x08002fe4   Number         4  stm32g0xx_hal_tim.o(.text.HAL_TIM_IRQHandler)
    __arm_cp.67_1                            0x08002fe8   Number         4  stm32g0xx_hal_tim.o(.text.HAL_TIM_IRQHandler)
    [Anonymous Symbol]                       0x08002fec   Section        0  stm32g0xx_hal_tim.o(.text.HAL_TIM_OC_DelayElapsedCallback)
    [Anonymous Symbol]                       0x08002ff4   Section        0  stm32g0xx_hal_tim.o(.text.HAL_TIM_PWM_PulseFinishedCallback)
    [Anonymous Symbol]                       0x08002ffc   Section        0  main.o(.text.HAL_TIM_PeriodElapsedCallback)
    __arm_cp.0_0                             0x0800301c   Number         4  main.o(.text.HAL_TIM_PeriodElapsedCallback)
    __arm_cp.0_1                             0x08003020   Number         4  main.o(.text.HAL_TIM_PeriodElapsedCallback)
    [Anonymous Symbol]                       0x08003024   Section        0  stm32g0xx_hal_tim.o(.text.HAL_TIM_TriggerCallback)
    [Anonymous Symbol]                       0x0800302c   Section        0  stm32g0xx_hal_uart_ex.o(.text.HAL_UARTEx_DisableFifoMode)
    [Anonymous Symbol]                       0x080030a6   Section        0  stm32g0xx_hal_uart_ex.o(.text.HAL_UARTEx_SetRxFifoThreshold)
    [Anonymous Symbol]                       0x08003136   Section        0  stm32g0xx_hal_uart_ex.o(.text.HAL_UARTEx_SetTxFifoThreshold)
    [Anonymous Symbol]                       0x080031c6   Section        0  stm32g0xx_hal_uart.o(.text.HAL_UART_Init)
    [Anonymous Symbol]                       0x0800327c   Section        0  usart.o(.text.HAL_UART_MspInit)
    __arm_cp.1_0                             0x08003358   Number         4  usart.o(.text.HAL_UART_MspInit)
    __arm_cp.1_1                             0x0800335c   Number         4  usart.o(.text.HAL_UART_MspInit)
    __arm_cp.1_2                             0x08003360   Number         4  usart.o(.text.HAL_UART_MspInit)
    __arm_cp.1_3                             0x08003364   Number         4  usart.o(.text.HAL_UART_MspInit)
    __arm_cp.1_4                             0x08003368   Number         4  usart.o(.text.HAL_UART_MspInit)
    __arm_cp.1_5                             0x0800336c   Number         4  usart.o(.text.HAL_UART_MspInit)
    [Anonymous Symbol]                       0x08003370   Section        0  stm32g0xx_it.o(.text.HardFault_Handler)
    [Anonymous Symbol]                       0x08003374   Section        0  stm32g0xx_it.o(.text.I2C2_IRQHandler)
    __arm_cp.10_0                            0x08003398   Number         4  stm32g0xx_it.o(.text.I2C2_IRQHandler)
    I2C_DMAAbort                             0x0800339d   Thumb Code    62  stm32g0xx_hal_i2c.o(.text.I2C_DMAAbort)
    [Anonymous Symbol]                       0x0800339c   Section        0  stm32g0xx_hal_i2c.o(.text.I2C_DMAAbort)
    I2C_Disable_IRQ                          0x080033db   Thumb Code   204  stm32g0xx_hal_i2c.o(.text.I2C_Disable_IRQ)
    [Anonymous Symbol]                       0x080033da   Section        0  stm32g0xx_hal_i2c.o(.text.I2C_Disable_IRQ)
    I2C_Enable_IRQ                           0x080034a9   Thumb Code   300  stm32g0xx_hal_i2c.o(.text.I2C_Enable_IRQ)
    [Anonymous Symbol]                       0x080034a8   Section        0  stm32g0xx_hal_i2c.o(.text.I2C_Enable_IRQ)
    __arm_cp.16_0                            0x080035d4   Number         4  stm32g0xx_hal_i2c.o(.text.I2C_Enable_IRQ)
    __arm_cp.16_1                            0x080035d8   Number         4  stm32g0xx_hal_i2c.o(.text.I2C_Enable_IRQ)
    __arm_cp.16_2                            0x080035dc   Number         4  stm32g0xx_hal_i2c.o(.text.I2C_Enable_IRQ)
    I2C_Flush_TXDR                           0x080035e1   Thumb Code    64  stm32g0xx_hal_i2c.o(.text.I2C_Flush_TXDR)
    [Anonymous Symbol]                       0x080035e0   Section        0  stm32g0xx_hal_i2c.o(.text.I2C_Flush_TXDR)
    I2C_ITAddrCplt                           0x08003621   Thumb Code   300  stm32g0xx_hal_i2c.o(.text.I2C_ITAddrCplt)
    [Anonymous Symbol]                       0x08003620   Section        0  stm32g0xx_hal_i2c.o(.text.I2C_ITAddrCplt)
    __arm_cp.78_0                            0x0800374c   Number         4  stm32g0xx_hal_i2c.o(.text.I2C_ITAddrCplt)
    I2C_ITError                              0x08003751   Thumb Code   480  stm32g0xx_hal_i2c.o(.text.I2C_ITError)
    [Anonymous Symbol]                       0x08003750   Section        0  stm32g0xx_hal_i2c.o(.text.I2C_ITError)
    __arm_cp.59_2                            0x08003930   Number         4  stm32g0xx_hal_i2c.o(.text.I2C_ITError)
    __arm_cp.59_3                            0x08003934   Number         4  stm32g0xx_hal_i2c.o(.text.I2C_ITError)
    I2C_ITListenCplt                         0x08003939   Thumb Code   152  stm32g0xx_hal_i2c.o(.text.I2C_ITListenCplt)
    [Anonymous Symbol]                       0x08003938   Section        0  stm32g0xx_hal_i2c.o(.text.I2C_ITListenCplt)
    __arm_cp.76_0                            0x080039d0   Number         4  stm32g0xx_hal_i2c.o(.text.I2C_ITListenCplt)
    __arm_cp.76_1                            0x080039d4   Number         4  stm32g0xx_hal_i2c.o(.text.I2C_ITListenCplt)
    I2C_ITMasterCplt                         0x080039d9   Thumb Code   428  stm32g0xx_hal_i2c.o(.text.I2C_ITMasterCplt)
    [Anonymous Symbol]                       0x080039d8   Section        0  stm32g0xx_hal_i2c.o(.text.I2C_ITMasterCplt)
    __arm_cp.74_0                            0x08003b84   Number         4  stm32g0xx_hal_i2c.o(.text.I2C_ITMasterCplt)
    __arm_cp.74_1                            0x08003b88   Number         4  stm32g0xx_hal_i2c.o(.text.I2C_ITMasterCplt)
    I2C_ITMasterSeqCplt                      0x08003b8d   Thumb Code   126  stm32g0xx_hal_i2c.o(.text.I2C_ITMasterSeqCplt)
    [Anonymous Symbol]                       0x08003b8c   Section        0  stm32g0xx_hal_i2c.o(.text.I2C_ITMasterSeqCplt)
    I2C_ITSlaveCplt                          0x08003c0d   Thumb Code   772  stm32g0xx_hal_i2c.o(.text.I2C_ITSlaveCplt)
    [Anonymous Symbol]                       0x08003c0c   Section        0  stm32g0xx_hal_i2c.o(.text.I2C_ITSlaveCplt)
    __arm_cp.75_0                            0x08003f10   Number         4  stm32g0xx_hal_i2c.o(.text.I2C_ITSlaveCplt)
    __arm_cp.75_1                            0x08003f14   Number         4  stm32g0xx_hal_i2c.o(.text.I2C_ITSlaveCplt)
    __arm_cp.75_2                            0x08003f18   Number         4  stm32g0xx_hal_i2c.o(.text.I2C_ITSlaveCplt)
    __arm_cp.75_3                            0x08003f1c   Number         4  stm32g0xx_hal_i2c.o(.text.I2C_ITSlaveCplt)
    __arm_cp.75_4                            0x08003f20   Number         4  stm32g0xx_hal_i2c.o(.text.I2C_ITSlaveCplt)
    I2C_ITSlaveSeqCplt                       0x08003f25   Thumb Code   202  stm32g0xx_hal_i2c.o(.text.I2C_ITSlaveSeqCplt)
    [Anonymous Symbol]                       0x08003f24   Section        0  stm32g0xx_hal_i2c.o(.text.I2C_ITSlaveSeqCplt)
    I2C_IsErrorOccurred                      0x08003ff1   Thumb Code   500  stm32g0xx_hal_i2c.o(.text.I2C_IsErrorOccurred)
    [Anonymous Symbol]                       0x08003ff0   Section        0  stm32g0xx_hal_i2c.o(.text.I2C_IsErrorOccurred)
    __arm_cp.80_0                            0x080041e4   Number         4  stm32g0xx_hal_i2c.o(.text.I2C_IsErrorOccurred)
    I2C_Master_ISR_DMA                       0x080041e9   Thumb Code   544  stm32g0xx_hal_i2c.o(.text.I2C_Master_ISR_DMA)
    [Anonymous Symbol]                       0x080041e8   Section        0  stm32g0xx_hal_i2c.o(.text.I2C_Master_ISR_DMA)
    __arm_cp.22_0                            0x08004408   Number         4  stm32g0xx_hal_i2c.o(.text.I2C_Master_ISR_DMA)
    __arm_cp.22_1                            0x0800440c   Number         4  stm32g0xx_hal_i2c.o(.text.I2C_Master_ISR_DMA)
    I2C_Mem_ISR_DMA                          0x08004411   Thumb Code   648  stm32g0xx_hal_i2c.o(.text.I2C_Mem_ISR_DMA)
    [Anonymous Symbol]                       0x08004410   Section        0  stm32g0xx_hal_i2c.o(.text.I2C_Mem_ISR_DMA)
    __arm_cp.40_0                            0x08004698   Number         4  stm32g0xx_hal_i2c.o(.text.I2C_Mem_ISR_DMA)
    I2C_Mem_ISR_IT                           0x0800469d   Thumb Code   656  stm32g0xx_hal_i2c.o(.text.I2C_Mem_ISR_IT)
    [Anonymous Symbol]                       0x0800469c   Section        0  stm32g0xx_hal_i2c.o(.text.I2C_Mem_ISR_IT)
    __arm_cp.37_0                            0x0800492c   Number         4  stm32g0xx_hal_i2c.o(.text.I2C_Mem_ISR_IT)
    __arm_cp.37_1                            0x08004930   Number         4  stm32g0xx_hal_i2c.o(.text.I2C_Mem_ISR_IT)
    I2C_Slave_ISR_DMA                        0x08004935   Thumb Code   564  stm32g0xx_hal_i2c.o(.text.I2C_Slave_ISR_DMA)
    [Anonymous Symbol]                       0x08004934   Section        0  stm32g0xx_hal_i2c.o(.text.I2C_Slave_ISR_DMA)
    I2C_Slave_ISR_IT                         0x08004b69   Thumb Code   584  stm32g0xx_hal_i2c.o(.text.I2C_Slave_ISR_IT)
    [Anonymous Symbol]                       0x08004b68   Section        0  stm32g0xx_hal_i2c.o(.text.I2C_Slave_ISR_IT)
    __arm_cp.19_0                            0x08004db0   Number         4  stm32g0xx_hal_i2c.o(.text.I2C_Slave_ISR_IT)
    I2C_TransferConfig                       0x08004db5   Thumb Code    76  stm32g0xx_hal_i2c.o(.text.I2C_TransferConfig)
    [Anonymous Symbol]                       0x08004db4   Section        0  stm32g0xx_hal_i2c.o(.text.I2C_TransferConfig)
    __arm_cp.6_0                             0x08004e00   Number         4  stm32g0xx_hal_i2c.o(.text.I2C_TransferConfig)
    __arm_cp.6_1                             0x08004e04   Number         4  stm32g0xx_hal_i2c.o(.text.I2C_TransferConfig)
    I2C_TreatErrorCallback                   0x08004e09   Thumb Code    82  stm32g0xx_hal_i2c.o(.text.I2C_TreatErrorCallback)
    [Anonymous Symbol]                       0x08004e08   Section        0  stm32g0xx_hal_i2c.o(.text.I2C_TreatErrorCallback)
    I2C_WaitOnFlagUntilTimeout               0x08004e5b   Thumb Code   194  stm32g0xx_hal_i2c.o(.text.I2C_WaitOnFlagUntilTimeout)
    [Anonymous Symbol]                       0x08004e5a   Section        0  stm32g0xx_hal_i2c.o(.text.I2C_WaitOnFlagUntilTimeout)
    LL_RCC_GetAPB1Prescaler                  0x08004f1d   Thumb Code    12  stm32g0xx_hal_rcc.o(.text.LL_RCC_GetAPB1Prescaler)
    [Anonymous Symbol]                       0x08004f1c   Section        0  stm32g0xx_hal_rcc.o(.text.LL_RCC_GetAPB1Prescaler)
    __arm_cp.7_0                             0x08004f28   Number         4  stm32g0xx_hal_rcc.o(.text.LL_RCC_GetAPB1Prescaler)
    [Anonymous Symbol]                       0x08004f2c   Section        0  dma.o(.text.MX_DMA_Init)
    __arm_cp.0_0                             0x08004f5c   Number         4  dma.o(.text.MX_DMA_Init)
    [Anonymous Symbol]                       0x08004f60   Section        0  gpio.o(.text.MX_GPIO_Init)
    __arm_cp.0_0                             0x0800514c   Number         4  gpio.o(.text.MX_GPIO_Init)
    __arm_cp.0_1                             0x08005150   Number         4  gpio.o(.text.MX_GPIO_Init)
    __arm_cp.0_2                             0x08005154   Number         4  gpio.o(.text.MX_GPIO_Init)
    __arm_cp.0_3                             0x08005158   Number         4  gpio.o(.text.MX_GPIO_Init)
    __arm_cp.0_4                             0x0800515c   Number         4  gpio.o(.text.MX_GPIO_Init)
    __arm_cp.0_5                             0x08005160   Number         4  gpio.o(.text.MX_GPIO_Init)
    __arm_cp.0_6                             0x08005164   Number         4  gpio.o(.text.MX_GPIO_Init)
    __arm_cp.0_7                             0x08005168   Number         4  gpio.o(.text.MX_GPIO_Init)
    __arm_cp.0_8                             0x0800516c   Number         4  gpio.o(.text.MX_GPIO_Init)
    [Anonymous Symbol]                       0x08005170   Section        0  i2c.o(.text.MX_I2C2_Init)
    __arm_cp.0_0                             0x080051d0   Number         4  i2c.o(.text.MX_I2C2_Init)
    __arm_cp.0_1                             0x080051d4   Number         4  i2c.o(.text.MX_I2C2_Init)
    __arm_cp.0_2                             0x080051d8   Number         4  i2c.o(.text.MX_I2C2_Init)
    [Anonymous Symbol]                       0x080051dc   Section        0  tim.o(.text.MX_TIM1_Init)
    __arm_cp.0_2                             0x08005258   Number         4  tim.o(.text.MX_TIM1_Init)
    [Anonymous Symbol]                       0x0800525c   Section        0  usart.o(.text.MX_USART1_UART_Init)
    __arm_cp.0_0                             0x080052d4   Number         4  usart.o(.text.MX_USART1_UART_Init)
    __arm_cp.0_1                             0x080052d8   Number         4  usart.o(.text.MX_USART1_UART_Init)
    [Anonymous Symbol]                       0x080052dc   Section        0  stm32g0xx_it.o(.text.NMI_Handler)
    [Anonymous Symbol]                       0x080052e0   Section        0  stm32g0xx_it.o(.text.PendSV_Handler)
    [Anonymous Symbol]                       0x080052e2   Section        0  stm32g0xx_it.o(.text.RCC_IRQHandler)
    [Anonymous Symbol]                       0x080052e4   Section        0  stm32g0xx_it.o(.text.SVC_Handler)
    SysTick_Config                           0x080052e9   Thumb Code    68  stm32g0xx_hal_cortex.o(.text.SysTick_Config)
    [Anonymous Symbol]                       0x080052e8   Section        0  stm32g0xx_hal_cortex.o(.text.SysTick_Config)
    __arm_cp.9_0                             0x0800532c   Number         4  stm32g0xx_hal_cortex.o(.text.SysTick_Config)
    __arm_cp.9_1                             0x08005330   Number         4  stm32g0xx_hal_cortex.o(.text.SysTick_Config)
    __arm_cp.9_2                             0x08005334   Number         4  stm32g0xx_hal_cortex.o(.text.SysTick_Config)
    [Anonymous Symbol]                       0x08005338   Section        0  stm32g0xx_it.o(.text.SysTick_Handler)
    [Anonymous Symbol]                       0x08005340   Section        0  main.o(.text.SystemClock_Config)
    [Anonymous Symbol]                       0x080053ba   Section        0  system_stm32g0xx.o(.text.SystemInit)
    [Anonymous Symbol]                       0x080053bc   Section        0  stm32g0xx_it.o(.text.TIM1_BRK_UP_TRG_COM_IRQHandler)
    __arm_cp.9_0                             0x080053c8   Number         4  stm32g0xx_it.o(.text.TIM1_BRK_UP_TRG_COM_IRQHandler)
    [Anonymous Symbol]                       0x080053cc   Section        0  stm32g0xx_hal_tim.o(.text.TIM_Base_SetConfig)
    __arm_cp.2_1                             0x080054c0   Number         4  stm32g0xx_hal_tim.o(.text.TIM_Base_SetConfig)
    __arm_cp.2_2                             0x080054c4   Number         4  stm32g0xx_hal_tim.o(.text.TIM_Base_SetConfig)
    [Anonymous Symbol]                       0x080054c8   Section        0  stm32g0xx_hal_tim.o(.text.TIM_ETR_SetConfig)
    TIM_ITRx_SetConfig                       0x08005501   Thumb Code    44  stm32g0xx_hal_tim.o(.text.TIM_ITRx_SetConfig)
    [Anonymous Symbol]                       0x08005500   Section        0  stm32g0xx_hal_tim.o(.text.TIM_ITRx_SetConfig)
    __arm_cp.100_0                           0x0800552c   Number         4  stm32g0xx_hal_tim.o(.text.TIM_ITRx_SetConfig)
    TIM_TI1_ConfigInputStage                 0x08005531   Thumb Code   132  stm32g0xx_hal_tim.o(.text.TIM_TI1_ConfigInputStage)
    [Anonymous Symbol]                       0x08005530   Section        0  stm32g0xx_hal_tim.o(.text.TIM_TI1_ConfigInputStage)
    __arm_cp.99_0                            0x080055b4   Number         4  stm32g0xx_hal_tim.o(.text.TIM_TI1_ConfigInputStage)
    TIM_TI2_ConfigInputStage                 0x080055b9   Thumb Code   160  stm32g0xx_hal_tim.o(.text.TIM_TI2_ConfigInputStage)
    [Anonymous Symbol]                       0x080055b8   Section        0  stm32g0xx_hal_tim.o(.text.TIM_TI2_ConfigInputStage)
    __arm_cp.101_0                           0x08005658   Number         4  stm32g0xx_hal_tim.o(.text.TIM_TI2_ConfigInputStage)
    __arm_cp.101_1                           0x0800565c   Number         4  stm32g0xx_hal_tim.o(.text.TIM_TI2_ConfigInputStage)
    __arm_cp.101_2                           0x08005660   Number         4  stm32g0xx_hal_tim.o(.text.TIM_TI2_ConfigInputStage)
    __arm_cp.101_3                           0x08005664   Number         4  stm32g0xx_hal_tim.o(.text.TIM_TI2_ConfigInputStage)
    UARTEx_SetNbDataToProcess                0x08005669   Thumb Code   140  stm32g0xx_hal_uart_ex.o(.text.UARTEx_SetNbDataToProcess)
    [Anonymous Symbol]                       0x08005668   Section        0  stm32g0xx_hal_uart_ex.o(.text.UARTEx_SetNbDataToProcess)
    __arm_cp.10_0                            0x080056f4   Number         4  stm32g0xx_hal_uart_ex.o(.text.UARTEx_SetNbDataToProcess)
    __arm_cp.10_1                            0x080056f8   Number         4  stm32g0xx_hal_uart_ex.o(.text.UARTEx_SetNbDataToProcess)
    [Anonymous Symbol]                       0x080056fc   Section        0  stm32g0xx_hal_uart.o(.text.UART_AdvFeatureConfig)
    [Anonymous Symbol]                       0x08005858   Section        0  stm32g0xx_hal_uart.o(.text.UART_CheckIdleState)
    __arm_cp.4_0                             0x080059b4   Number         4  stm32g0xx_hal_uart.o(.text.UART_CheckIdleState)
    UART_EndRxTransfer                       0x080059b9   Thumb Code   180  stm32g0xx_hal_uart.o(.text.UART_EndRxTransfer)
    [Anonymous Symbol]                       0x080059b8   Section        0  stm32g0xx_hal_uart.o(.text.UART_EndRxTransfer)
    __arm_cp.30_0                            0x08005a6c   Number         4  stm32g0xx_hal_uart.o(.text.UART_EndRxTransfer)
    [Anonymous Symbol]                       0x08005a70   Section        0  stm32g0xx_hal_uart.o(.text.UART_SetConfig)
    __arm_cp.3_0                             0x08005dbc   Number         4  stm32g0xx_hal_uart.o(.text.UART_SetConfig)
    __arm_cp.3_1                             0x08005dc0   Number         4  stm32g0xx_hal_uart.o(.text.UART_SetConfig)
    __arm_cp.3_2                             0x08005dc4   Number         4  stm32g0xx_hal_uart.o(.text.UART_SetConfig)
    __arm_cp.3_3                             0x08005dc8   Number         4  stm32g0xx_hal_uart.o(.text.UART_SetConfig)
    __arm_cp.3_4                             0x08005dcc   Number         4  stm32g0xx_hal_uart.o(.text.UART_SetConfig)
    __arm_cp.3_5                             0x08005dd0   Number         4  stm32g0xx_hal_uart.o(.text.UART_SetConfig)
    __arm_cp.3_6                             0x08005dd4   Number         4  stm32g0xx_hal_uart.o(.text.UART_SetConfig)
    __arm_cp.3_7                             0x08005dd8   Number         4  stm32g0xx_hal_uart.o(.text.UART_SetConfig)
    __arm_cp.3_8                             0x08005ddc   Number         4  stm32g0xx_hal_uart.o(.text.UART_SetConfig)
    [Anonymous Symbol]                       0x08005de0   Section        0  stm32g0xx_hal_uart.o(.text.UART_WaitOnFlagUntilTimeout)
    __NVIC_EnableIRQ                         0x08005ee9   Thumb Code    40  stm32g0xx_hal_cortex.o(.text.__NVIC_EnableIRQ)
    [Anonymous Symbol]                       0x08005ee8   Section        0  stm32g0xx_hal_cortex.o(.text.__NVIC_EnableIRQ)
    __arm_cp.3_0                             0x08005f10   Number         4  stm32g0xx_hal_cortex.o(.text.__NVIC_EnableIRQ)
    __NVIC_SetPriority                       0x08005f15   Thumb Code   124  stm32g0xx_hal_cortex.o(.text.__NVIC_SetPriority)
    [Anonymous Symbol]                       0x08005f14   Section        0  stm32g0xx_hal_cortex.o(.text.__NVIC_SetPriority)
    __arm_cp.1_0                             0x08005f90   Number         4  stm32g0xx_hal_cortex.o(.text.__NVIC_SetPriority)
    __arm_cp.1_1                             0x08005f94   Number         4  stm32g0xx_hal_cortex.o(.text.__NVIC_SetPriority)
    [Anonymous Symbol]                       0x08005f98   Section        0  encoder.o(.text.encoderCallback)
    __arm_cp.0_0                             0x08006140   Number         4  encoder.o(.text.encoderCallback)
    __arm_cp.0_1                             0x08006144   Number         4  encoder.o(.text.encoderCallback)
    __arm_cp.0_2                             0x08006148   Number         4  encoder.o(.text.encoderCallback)
    __arm_cp.0_3                             0x0800614c   Number         4  encoder.o(.text.encoderCallback)
    [Anonymous Symbol]                       0x08006150   Section        0  interface.o(.text.getInterfaceEncoderPosition)
    [Anonymous Symbol]                       0x08006158   Section        0  interface.o(.text.interfaceInit)
    __arm_cp.0_0                             0x080061cc   Number         4  interface.o(.text.interfaceInit)
    [Anonymous Symbol]                       0x080061d0   Section        0  interface.o(.text.interfaceRun)
    __arm_cp.2_13                            0x080066b0   Number         4  interface.o(.text.interfaceRun)
    __arm_cp.2_0                             0x08006780   Number         4  interface.o(.text.interfaceRun)
    __arm_cp.2_1                             0x08006784   Number         4  interface.o(.text.interfaceRun)
    __arm_cp.2_2                             0x08006788   Number         4  interface.o(.text.interfaceRun)
    __arm_cp.2_4                             0x0800678c   Number         4  interface.o(.text.interfaceRun)
    __arm_cp.2_5                             0x08006790   Number         4  interface.o(.text.interfaceRun)
    __arm_cp.2_6                             0x08006794   Number         4  interface.o(.text.interfaceRun)
    __arm_cp.2_7                             0x08006798   Number         4  interface.o(.text.interfaceRun)
    __arm_cp.2_8                             0x0800679c   Number         4  interface.o(.text.interfaceRun)
    [Anonymous Symbol]                       0x080067a0   Section        0  jack.o(.text.jackControl)
    __arm_cp.2_0                             0x080068e4   Number         4  jack.o(.text.jackControl)
    [Anonymous Symbol]                       0x080068e8   Section        0  jack.o(.text.jackInit)
    __arm_cp.0_0                             0x080069d0   Number         4  jack.o(.text.jackInit)
    __arm_cp.0_1                             0x080069d4   Number         4  jack.o(.text.jackInit)
    __arm_cp.0_2                             0x080069d8   Number         4  jack.o(.text.jackInit)
    [Anonymous Symbol]                       0x080069dc   Section        0  jack.o(.text.jackRun)
    __arm_cp.1_10                            0x08006df0   Number         4  jack.o(.text.jackRun)
    __arm_cp.1_11                            0x08006df4   Number         4  jack.o(.text.jackRun)
    __arm_cp.1_12                            0x08006df8   Number         4  jack.o(.text.jackRun)
    __arm_cp.1_15                            0x08006e04   Number         4  jack.o(.text.jackRun)
    __arm_cp.1_0                             0x08007128   Number         4  jack.o(.text.jackRun)
    __arm_cp.1_1                             0x0800712c   Number         4  jack.o(.text.jackRun)
    __arm_cp.1_2                             0x08007130   Number         4  jack.o(.text.jackRun)
    __arm_cp.1_3                             0x08007134   Number         4  jack.o(.text.jackRun)
    [Anonymous Symbol]                       0x08007138   Section        0  interface.o(.text.ledControl)
    __arm_cp.7_0                             0x08007388   Number         4  interface.o(.text.ledControl)
    __arm_cp.7_1                             0x0800738c   Number         4  interface.o(.text.ledControl)
    [Anonymous Symbol]                       0x08007390   Section        0  main.o(.text.main)
    __arm_cp.3_0                             0x080074b8   Number         4  main.o(.text.main)
    __arm_cp.3_1                             0x080074bc   Number         4  main.o(.text.main)
    __arm_cp.3_2                             0x080074c0   Number         4  main.o(.text.main)
    __arm_cp.3_3                             0x080074c4   Number         4  main.o(.text.main)
    __arm_cp.3_4                             0x080074c8   Number         4  main.o(.text.main)
    __arm_cp.3_5                             0x080074cc   Number         4  main.o(.text.main)
    [Anonymous Symbol]                       0x080074d0   Section        0  interface.o(.text.mainMenu)
    __arm_cp.3_0                             0x08007638   Number         4  interface.o(.text.mainMenu)
    __arm_cp.3_1                             0x0800763c   Number         4  interface.o(.text.mainMenu)
    [Anonymous Symbol]                       0x08007640   Section        0  motor.o(.text.motorControl)
    __arm_cp.2_0                             0x0800778c   Number         4  motor.o(.text.motorControl)
    [Anonymous Symbol]                       0x08007790   Section        0  motor.o(.text.motorInit)
    __arm_cp.0_0                             0x08007818   Number         4  motor.o(.text.motorInit)
    __arm_cp.0_1                             0x0800781c   Number         4  motor.o(.text.motorInit)
    __arm_cp.0_2                             0x08007820   Number         4  motor.o(.text.motorInit)
    [Anonymous Symbol]                       0x08007824   Section        0  motor.o(.text.motorRun)
    __arm_cp.1_1                             0x08007c8c   Number         4  motor.o(.text.motorRun)
    __arm_cp.1_2                             0x08007c90   Number         4  motor.o(.text.motorRun)
    __arm_cp.1_3                             0x08007c94   Number         4  motor.o(.text.motorRun)
    __arm_cp.1_4                             0x08007c98   Number         4  motor.o(.text.motorRun)
    __arm_cp.1_5                             0x08007c9c   Number         4  motor.o(.text.motorRun)
    __arm_cp.1_6                             0x08007ca0   Number         4  motor.o(.text.motorRun)
    [Anonymous Symbol]                       0x08007ca4   Section        0  interface.o(.text.offMenu)
    __arm_cp.6_0                             0x08007cd8   Number         4  interface.o(.text.offMenu)
    [Anonymous Symbol]                       0x08007cdc   Section        0  interface.o(.text.readInterfaceEncoder)
    __arm_cp.1_0                             0x08007d1c   Number         4  interface.o(.text.readInterfaceEncoder)
    [Anonymous Symbol]                       0x08007d20   Section        0  receiver.o(.text.receiverInit)
    __arm_cp.0_0                             0x08007d68   Number         4  receiver.o(.text.receiverInit)
    [Anonymous Symbol]                       0x08007d6c   Section        0  receiver.o(.text.receiverRun)
    __arm_cp.1_0                             0x08007fc8   Number         4  receiver.o(.text.receiverRun)
    __arm_cp.1_1                             0x08007fcc   Number         4  receiver.o(.text.receiverRun)
    __arm_cp.1_2                             0x08007fd0   Number         4  receiver.o(.text.receiverRun)
    __arm_cp.1_3                             0x08007fd4   Number         4  receiver.o(.text.receiverRun)
    __arm_cp.1_4                             0x08007fd8   Number         4  receiver.o(.text.receiverRun)
    __arm_cp.1_5                             0x08007fdc   Number         4  receiver.o(.text.receiverRun)
    __arm_cp.1_6                             0x08007fe0   Number         4  receiver.o(.text.receiverRun)
    __arm_cp.1_7                             0x08007fe4   Number         4  receiver.o(.text.receiverRun)
    __arm_cp.1_8                             0x08007fe8   Number         4  receiver.o(.text.receiverRun)
    [Anonymous Symbol]                       0x08007fec   Section        0  interface.o(.text.setValueMenu)
    __arm_cp.5_0                             0x08008034   Number         4  interface.o(.text.setValueMenu)
    [Anonymous Symbol]                       0x08008038   Section        0  interface.o(.text.settingMenu)
    __arm_cp.4_0                             0x08008588   Number         4  interface.o(.text.settingMenu)
    __arm_cp.4_1                             0x0800858c   Number         4  interface.o(.text.settingMenu)
    [Anonymous Symbol]                       0x08008590   Section        0  eeprom.o(.text.turnOffDevice)
    __arm_cp.4_0                             0x08008604   Number         4  eeprom.o(.text.turnOffDevice)
    __arm_cp.4_1                             0x08008608   Number         4  eeprom.o(.text.turnOffDevice)
    __arm_cp.4_2                             0x0800860c   Number         4  eeprom.o(.text.turnOffDevice)
    i.__scatterload_copy                     0x08008610   Section       14  handlers.o(i.__scatterload_copy)
    i.__scatterload_null                     0x0800861e   Section        2  handlers.o(i.__scatterload_null)
    i.__scatterload_zeroinit                 0x08008620   Section       14  handlers.o(i.__scatterload_zeroinit)
    UARTEx_SetNbDataToProcess.denominator    0x08008690   Data           8  stm32g0xx_hal_uart_ex.o(.rodata.UARTEx_SetNbDataToProcess.denominator)
    [Anonymous Symbol]                       0x08008690   Section        0  stm32g0xx_hal_uart_ex.o(.rodata.UARTEx_SetNbDataToProcess.denominator)
    UARTEx_SetNbDataToProcess.numerator      0x08008698   Data           8  stm32g0xx_hal_uart_ex.o(.rodata.UARTEx_SetNbDataToProcess.numerator)
    [Anonymous Symbol]                       0x08008698   Section        0  stm32g0xx_hal_uart_ex.o(.rodata.UARTEx_SetNbDataToProcess.numerator)
    STACK                                    0x200002f8   Section     1536  startup_stm32g070xx.o(STACK)

    Global Symbols

    Symbol Name                              Value     Ov Type        Size  Object(Section)

    BuildAttributes$$THM_ISAv3M$S$PE$A:L22$X:L11$S22$IEEE1$IW$~IW$USESV6$~STKCKD$USESV7$~SHL$OSPACE$EBA8$MICROLIB$REQ8$PRES8$EABIv2 0x00000000   Number         0  anon$$obj.o ABSOLUTE
    __cpp_initialize__aeabi_                  - Undefined Weak Reference
    __cxa_finalize                            - Undefined Weak Reference
    __decompress                              - Undefined Weak Reference
    _clock_init                               - Undefined Weak Reference
    _microlib_exit                            - Undefined Weak Reference
    __Vectors_Size                           0x000000b8   Number         0  startup_stm32g070xx.o ABSOLUTE
    __Vectors                                0x08000000   Data           4  startup_stm32g070xx.o(RESET)
    __Vectors_End                            0x080000b8   Data           0  startup_stm32g070xx.o(RESET)
    __main                                   0x080000b9   Thumb Code     0  entry.o(.ARM.Collect$$$$00000000)
    _main_stk                                0x080000b9   Thumb Code     0  entry2.o(.ARM.Collect$$$$00000001)
    _main_scatterload                        0x080000bd   Thumb Code     0  entry5.o(.ARM.Collect$$$$00000004)
    __main_after_scatterload                 0x080000c1   Thumb Code     0  entry5.o(.ARM.Collect$$$$00000004)
    _main_clock                              0x080000c1   Thumb Code     0  entry7b.o(.ARM.Collect$$$$00000008)
    _main_cpp_init                           0x080000c1   Thumb Code     0  entry8b.o(.ARM.Collect$$$$0000000A)
    _main_init                               0x080000c1   Thumb Code     0  entry9a.o(.ARM.Collect$$$$0000000B)
    __rt_final_cpp                           0x080000c9   Thumb Code     0  entry10a.o(.ARM.Collect$$$$0000000D)
    __rt_final_exit                          0x080000c9   Thumb Code     0  entry11a.o(.ARM.Collect$$$$0000000F)
    Reset_Handler                            0x080000cd   Thumb Code     8  startup_stm32g070xx.o(.text)
    ADC1_IRQHandler                          0x080000df   Thumb Code     0  startup_stm32g070xx.o(.text)
    DMA1_Ch4_7_DMAMUX1_OVR_IRQHandler        0x080000df   Thumb Code     0  startup_stm32g070xx.o(.text)
    DMA1_Channel2_3_IRQHandler               0x080000df   Thumb Code     0  startup_stm32g070xx.o(.text)
    EXTI0_1_IRQHandler                       0x080000df   Thumb Code     0  startup_stm32g070xx.o(.text)
    FLASH_IRQHandler                         0x080000df   Thumb Code     0  startup_stm32g070xx.o(.text)
    I2C1_IRQHandler                          0x080000df   Thumb Code     0  startup_stm32g070xx.o(.text)
    RTC_TAMP_IRQHandler                      0x080000df   Thumb Code     0  startup_stm32g070xx.o(.text)
    SPI1_IRQHandler                          0x080000df   Thumb Code     0  startup_stm32g070xx.o(.text)
    SPI2_IRQHandler                          0x080000df   Thumb Code     0  startup_stm32g070xx.o(.text)
    TIM14_IRQHandler                         0x080000df   Thumb Code     0  startup_stm32g070xx.o(.text)
    TIM15_IRQHandler                         0x080000df   Thumb Code     0  startup_stm32g070xx.o(.text)
    TIM16_IRQHandler                         0x080000df   Thumb Code     0  startup_stm32g070xx.o(.text)
    TIM17_IRQHandler                         0x080000df   Thumb Code     0  startup_stm32g070xx.o(.text)
    TIM1_CC_IRQHandler                       0x080000df   Thumb Code     0  startup_stm32g070xx.o(.text)
    TIM3_IRQHandler                          0x080000df   Thumb Code     0  startup_stm32g070xx.o(.text)
    TIM6_IRQHandler                          0x080000df   Thumb Code     0  startup_stm32g070xx.o(.text)
    TIM7_IRQHandler                          0x080000df   Thumb Code     0  startup_stm32g070xx.o(.text)
    USART1_IRQHandler                        0x080000df   Thumb Code     0  startup_stm32g070xx.o(.text)
    USART2_IRQHandler                        0x080000df   Thumb Code     0  startup_stm32g070xx.o(.text)
    USART3_4_IRQHandler                      0x080000df   Thumb Code     0  startup_stm32g070xx.o(.text)
    WWDG_IRQHandler                          0x080000df   Thumb Code     0  startup_stm32g070xx.o(.text)
    __aeabi_memset                           0x080000e9   Thumb Code    14  memseta.o(.text)
    __aeabi_memset4                          0x080000e9   Thumb Code     0  memseta.o(.text)
    __aeabi_memset8                          0x080000e9   Thumb Code     0  memseta.o(.text)
    __aeabi_memclr                           0x080000f7   Thumb Code     4  memseta.o(.text)
    __aeabi_memclr4                          0x080000f7   Thumb Code     0  memseta.o(.text)
    __aeabi_memclr8                          0x080000f7   Thumb Code     0  memseta.o(.text)
    _memset$wrapper                          0x080000fb   Thumb Code    18  memseta.o(.text)
    __aeabi_uidiv                            0x0800010d   Thumb Code     0  uidiv_div0.o(.text)
    __aeabi_uidivmod                         0x0800010d   Thumb Code    62  uidiv_div0.o(.text)
    __scatterload                            0x0800014d   Thumb Code    38  init.o(.text)
    __scatterload_rt2                        0x0800014d   Thumb Code     0  init.o(.text)
    AT24Init                                 0x0800017d   Thumb Code   140  eeprom.o(.text.AT24Init)
    AT24Run                                  0x08000211   Thumb Code   936  eeprom.o(.text.AT24Run)
    AT24_ReadAll_IT                          0x080005f1   Thumb Code    64  eeprom.o(.text.AT24_ReadAll_IT)
    AT24_RxComplete                          0x08000639   Thumb Code   784  eeprom.o(.text.AT24_RxComplete)
    AT24_TxComplete                          0x08000971   Thumb Code    44  eeprom.o(.text.AT24_TxComplete)
    AT24_WriteAll_IT                         0x080009a5   Thumb Code   100  eeprom.o(.text.AT24_WriteAll_IT)
    DMA1_Channel1_IRQHandler                 0x08000a1d   Thumb Code    12  stm32g0xx_it.o(.text.DMA1_Channel1_IRQHandler)
    EXTI2_3_IRQHandler                       0x08000aad   Thumb Code    10  stm32g0xx_it.o(.text.EXTI2_3_IRQHandler)
    EXTI4_15_IRQHandler                      0x08000ab7   Thumb Code    34  stm32g0xx_it.o(.text.EXTI4_15_IRQHandler)
    Error_Handler                            0x08000ad9   Thumb Code    14  main.o(.text.Error_Handler)
    HAL_DMA_Abort_IT                         0x08000ae9   Thumb Code   184  stm32g0xx_hal_dma.o(.text.HAL_DMA_Abort_IT)
    HAL_DMA_GetState                         0x08000ba1   Thumb Code    14  stm32g0xx_hal_dma.o(.text.HAL_DMA_GetState)
    HAL_DMA_IRQHandler                       0x08000bb1   Thumb Code   360  stm32g0xx_hal_dma.o(.text.HAL_DMA_IRQHandler)
    HAL_DMA_Init                             0x08000d21   Thumb Code   252  stm32g0xx_hal_dma.o(.text.HAL_DMA_Init)
    HAL_Delay                                0x08000e25   Thumb Code    64  stm32g0xx_hal.o(.text.HAL_Delay)
    HAL_GPIO_EXTI_Falling_Callback           0x08000e69   Thumb Code    10  stm32g0xx_hal_gpio.o(.text.HAL_GPIO_EXTI_Falling_Callback)
    HAL_GPIO_EXTI_IRQHandler                 0x08000e75   Thumb Code    72  stm32g0xx_hal_gpio.o(.text.HAL_GPIO_EXTI_IRQHandler)
    HAL_GPIO_EXTI_Rising_Callback            0x08000ec5   Thumb Code    20  main.o(.text.HAL_GPIO_EXTI_Rising_Callback)
    HAL_GPIO_Init                            0x08000ed9   Thumb Code   688  stm32g0xx_hal_gpio.o(.text.HAL_GPIO_Init)
    HAL_GPIO_ReadPin                         0x080011a9   Thumb Code    50  stm32g0xx_hal_gpio.o(.text.HAL_GPIO_ReadPin)
    HAL_GPIO_WritePin                        0x080011db   Thumb Code    44  stm32g0xx_hal_gpio.o(.text.HAL_GPIO_WritePin)
    HAL_GetTick                              0x08001209   Thumb Code     8  stm32g0xx_hal.o(.text.HAL_GetTick)
    HAL_I2CEx_ConfigAnalogFilter             0x08001215   Thumb Code   150  stm32g0xx_hal_i2c_ex.o(.text.HAL_I2CEx_ConfigAnalogFilter)
    HAL_I2CEx_ConfigDigitalFilter            0x080012ab   Thumb Code   160  stm32g0xx_hal_i2c_ex.o(.text.HAL_I2CEx_ConfigDigitalFilter)
    HAL_I2C_AbortCpltCallback                0x0800134b   Thumb Code     8  stm32g0xx_hal_i2c.o(.text.HAL_I2C_AbortCpltCallback)
    HAL_I2C_AddrCallback                     0x08001353   Thumb Code    16  stm32g0xx_hal_i2c.o(.text.HAL_I2C_AddrCallback)
    HAL_I2C_ER_IRQHandler                    0x08001363   Thumb Code   198  stm32g0xx_hal_i2c.o(.text.HAL_I2C_ER_IRQHandler)
    HAL_I2C_EV_IRQHandler                    0x08001429   Thumb Code    48  stm32g0xx_hal_i2c.o(.text.HAL_I2C_EV_IRQHandler)
    HAL_I2C_ErrorCallback                    0x08001459   Thumb Code     8  stm32g0xx_hal_i2c.o(.text.HAL_I2C_ErrorCallback)
    HAL_I2C_Init                             0x08001461   Thumb Code   284  stm32g0xx_hal_i2c.o(.text.HAL_I2C_Init)
    HAL_I2C_IsDeviceReady                    0x08001581   Thumb Code   552  stm32g0xx_hal_i2c.o(.text.HAL_I2C_IsDeviceReady)
    HAL_I2C_ListenCpltCallback               0x080017b5   Thumb Code     8  stm32g0xx_hal_i2c.o(.text.HAL_I2C_ListenCpltCallback)
    HAL_I2C_MasterRxCpltCallback             0x080017bd   Thumb Code     8  stm32g0xx_hal_i2c.o(.text.HAL_I2C_MasterRxCpltCallback)
    HAL_I2C_MasterTxCpltCallback             0x080017c5   Thumb Code     8  stm32g0xx_hal_i2c.o(.text.HAL_I2C_MasterTxCpltCallback)
    HAL_I2C_MemRxCpltCallback                0x080017cd   Thumb Code    14  main.o(.text.HAL_I2C_MemRxCpltCallback)
    HAL_I2C_MemTxCpltCallback                0x080017db   Thumb Code    14  main.o(.text.HAL_I2C_MemTxCpltCallback)
    HAL_I2C_Mem_Read_IT                      0x080017e9   Thumb Code   296  stm32g0xx_hal_i2c.o(.text.HAL_I2C_Mem_Read_IT)
    HAL_I2C_Mem_Write_IT                     0x08001911   Thumb Code   304  stm32g0xx_hal_i2c.o(.text.HAL_I2C_Mem_Write_IT)
    HAL_I2C_MspInit                          0x08001a4d   Thumb Code   128  i2c.o(.text.HAL_I2C_MspInit)
    HAL_I2C_SlaveRxCpltCallback              0x08001ad9   Thumb Code     8  stm32g0xx_hal_i2c.o(.text.HAL_I2C_SlaveRxCpltCallback)
    HAL_I2C_SlaveTxCpltCallback              0x08001ae1   Thumb Code     8  stm32g0xx_hal_i2c.o(.text.HAL_I2C_SlaveTxCpltCallback)
    HAL_IncTick                              0x08001ae9   Thumb Code    16  stm32g0xx_hal.o(.text.HAL_IncTick)
    HAL_Init                                 0x08001afd   Thumb Code    56  stm32g0xx_hal.o(.text.HAL_Init)
    HAL_InitTick                             0x08001b39   Thumb Code   120  stm32g0xx_hal.o(.text.HAL_InitTick)
    HAL_MspInit                              0x08001bb9   Thumb Code    72  stm32g0xx_hal_msp.o(.text.HAL_MspInit)
    HAL_NVIC_EnableIRQ                       0x08001c09   Thumb Code    22  stm32g0xx_hal_cortex.o(.text.HAL_NVIC_EnableIRQ)
    HAL_NVIC_SetPriority                     0x08001c1f   Thumb Code    28  stm32g0xx_hal_cortex.o(.text.HAL_NVIC_SetPriority)
    HAL_PWREx_ControlVoltageScaling          0x08001c3d   Thumb Code   112  stm32g0xx_hal_pwr_ex.o(.text.HAL_PWREx_ControlVoltageScaling)
    HAL_RCCEx_PeriphCLKConfig                0x08001cb9   Thumb Code   564  stm32g0xx_hal_rcc_ex.o(.text.HAL_RCCEx_PeriphCLKConfig)
    HAL_RCC_ClockConfig                      0x08001f01   Thumb Code   572  stm32g0xx_hal_rcc.o(.text.HAL_RCC_ClockConfig)
    HAL_RCC_GetHCLKFreq                      0x08002155   Thumb Code     8  stm32g0xx_hal_rcc.o(.text.HAL_RCC_GetHCLKFreq)
    HAL_RCC_GetPCLK1Freq                     0x08002161   Thumb Code    36  stm32g0xx_hal_rcc.o(.text.HAL_RCC_GetPCLK1Freq)
    HAL_RCC_GetSysClockFreq                  0x08002189   Thumb Code   268  stm32g0xx_hal_rcc.o(.text.HAL_RCC_GetSysClockFreq)
    HAL_RCC_OscConfig                        0x080022a9   Thumb Code  1652  stm32g0xx_hal_rcc.o(.text.HAL_RCC_OscConfig)
    HAL_SYSTICK_Config                       0x08002945   Thumb Code    16  stm32g0xx_hal_cortex.o(.text.HAL_SYSTICK_Config)
    HAL_TIMEx_Break2Callback                 0x08002955   Thumb Code     8  stm32g0xx_hal_tim_ex.o(.text.HAL_TIMEx_Break2Callback)
    HAL_TIMEx_BreakCallback                  0x0800295d   Thumb Code     8  stm32g0xx_hal_tim_ex.o(.text.HAL_TIMEx_BreakCallback)
    HAL_TIMEx_CommutCallback                 0x08002965   Thumb Code     8  stm32g0xx_hal_tim_ex.o(.text.HAL_TIMEx_CommutCallback)
    HAL_TIMEx_MasterConfigSynchronization    0x0800296d   Thumb Code   224  stm32g0xx_hal_tim_ex.o(.text.HAL_TIMEx_MasterConfigSynchronization)
    HAL_TIM_Base_Init                        0x08002a4d   Thumb Code   170  stm32g0xx_hal_tim.o(.text.HAL_TIM_Base_Init)
    HAL_TIM_Base_MspInit                     0x08002af9   Thumb Code    68  tim.o(.text.HAL_TIM_Base_MspInit)
    HAL_TIM_Base_Start_IT                    0x08002b41   Thumb Code   160  stm32g0xx_hal_tim.o(.text.HAL_TIM_Base_Start_IT)
    HAL_TIM_ConfigClockSource                0x08002bf1   Thumb Code   396  stm32g0xx_hal_tim.o(.text.HAL_TIM_ConfigClockSource)
    HAL_TIM_IC_CaptureCallback               0x08002d81   Thumb Code     8  stm32g0xx_hal_tim.o(.text.HAL_TIM_IC_CaptureCallback)
    HAL_TIM_IRQHandler                       0x08002d89   Thumb Code   604  stm32g0xx_hal_tim.o(.text.HAL_TIM_IRQHandler)
    HAL_TIM_OC_DelayElapsedCallback          0x08002fed   Thumb Code     8  stm32g0xx_hal_tim.o(.text.HAL_TIM_OC_DelayElapsedCallback)
    HAL_TIM_PWM_PulseFinishedCallback        0x08002ff5   Thumb Code     8  stm32g0xx_hal_tim.o(.text.HAL_TIM_PWM_PulseFinishedCallback)
    HAL_TIM_PeriodElapsedCallback            0x08002ffd   Thumb Code    32  main.o(.text.HAL_TIM_PeriodElapsedCallback)
    HAL_TIM_TriggerCallback                  0x08003025   Thumb Code     8  stm32g0xx_hal_tim.o(.text.HAL_TIM_TriggerCallback)
    HAL_UARTEx_DisableFifoMode               0x0800302d   Thumb Code   122  stm32g0xx_hal_uart_ex.o(.text.HAL_UARTEx_DisableFifoMode)
    HAL_UARTEx_SetRxFifoThreshold            0x080030a7   Thumb Code   144  stm32g0xx_hal_uart_ex.o(.text.HAL_UARTEx_SetRxFifoThreshold)
    HAL_UARTEx_SetTxFifoThreshold            0x08003137   Thumb Code   144  stm32g0xx_hal_uart_ex.o(.text.HAL_UARTEx_SetTxFifoThreshold)
    HAL_UART_Init                            0x080031c7   Thumb Code   180  stm32g0xx_hal_uart.o(.text.HAL_UART_Init)
    HAL_UART_MspInit                         0x0800327d   Thumb Code   220  usart.o(.text.HAL_UART_MspInit)
    HardFault_Handler                        0x08003371   Thumb Code     4  stm32g0xx_it.o(.text.HardFault_Handler)
    I2C2_IRQHandler                          0x08003375   Thumb Code    36  stm32g0xx_it.o(.text.I2C2_IRQHandler)
    MX_DMA_Init                              0x08004f2d   Thumb Code    48  dma.o(.text.MX_DMA_Init)
    MX_GPIO_Init                             0x08004f61   Thumb Code   492  gpio.o(.text.MX_GPIO_Init)
    MX_I2C2_Init                             0x08005171   Thumb Code    96  i2c.o(.text.MX_I2C2_Init)
    MX_TIM1_Init                             0x080051dd   Thumb Code   124  tim.o(.text.MX_TIM1_Init)
    MX_USART1_UART_Init                      0x0800525d   Thumb Code   120  usart.o(.text.MX_USART1_UART_Init)
    NMI_Handler                              0x080052dd   Thumb Code     4  stm32g0xx_it.o(.text.NMI_Handler)
    PendSV_Handler                           0x080052e1   Thumb Code     2  stm32g0xx_it.o(.text.PendSV_Handler)
    RCC_IRQHandler                           0x080052e3   Thumb Code     2  stm32g0xx_it.o(.text.RCC_IRQHandler)
    SVC_Handler                              0x080052e5   Thumb Code     2  stm32g0xx_it.o(.text.SVC_Handler)
    SysTick_Handler                          0x08005339   Thumb Code     8  stm32g0xx_it.o(.text.SysTick_Handler)
    SystemClock_Config                       0x08005341   Thumb Code   122  main.o(.text.SystemClock_Config)
    SystemInit                               0x080053bb   Thumb Code     2  system_stm32g0xx.o(.text.SystemInit)
    TIM1_BRK_UP_TRG_COM_IRQHandler           0x080053bd   Thumb Code    12  stm32g0xx_it.o(.text.TIM1_BRK_UP_TRG_COM_IRQHandler)
    TIM_Base_SetConfig                       0x080053cd   Thumb Code   244  stm32g0xx_hal_tim.o(.text.TIM_Base_SetConfig)
    TIM_ETR_SetConfig                        0x080054c9   Thumb Code    54  stm32g0xx_hal_tim.o(.text.TIM_ETR_SetConfig)
    UART_AdvFeatureConfig                    0x080056fd   Thumb Code   346  stm32g0xx_hal_uart.o(.text.UART_AdvFeatureConfig)
    UART_CheckIdleState                      0x08005859   Thumb Code   348  stm32g0xx_hal_uart.o(.text.UART_CheckIdleState)
    UART_SetConfig                           0x08005a71   Thumb Code   844  stm32g0xx_hal_uart.o(.text.UART_SetConfig)
    UART_WaitOnFlagUntilTimeout              0x08005de1   Thumb Code   264  stm32g0xx_hal_uart.o(.text.UART_WaitOnFlagUntilTimeout)
    encoderCallback                          0x08005f99   Thumb Code   424  encoder.o(.text.encoderCallback)
    getInterfaceEncoderPosition              0x08006151   Thumb Code     8  interface.o(.text.getInterfaceEncoderPosition)
    interfaceInit                            0x08006159   Thumb Code   116  interface.o(.text.interfaceInit)
    interfaceRun                             0x080061d1   Thumb Code  1456  interface.o(.text.interfaceRun)
    jackControl                              0x080067a1   Thumb Code   324  jack.o(.text.jackControl)
    jackInit                                 0x080068e9   Thumb Code   232  jack.o(.text.jackInit)
    jackRun                                  0x080069dd   Thumb Code  1868  jack.o(.text.jackRun)
    ledControl                               0x08007139   Thumb Code   592  interface.o(.text.ledControl)
    main                                     0x08007391   Thumb Code   296  main.o(.text.main)
    mainMenu                                 0x080074d1   Thumb Code   360  interface.o(.text.mainMenu)
    motorControl                             0x08007641   Thumb Code   332  motor.o(.text.motorControl)
    motorInit                                0x08007791   Thumb Code   136  motor.o(.text.motorInit)
    motorRun                                 0x08007825   Thumb Code  1128  motor.o(.text.motorRun)
    offMenu                                  0x08007ca5   Thumb Code    52  interface.o(.text.offMenu)
    readInterfaceEncoder                     0x08007cdd   Thumb Code    64  interface.o(.text.readInterfaceEncoder)
    receiverInit                             0x08007d21   Thumb Code    72  receiver.o(.text.receiverInit)
    receiverRun                              0x08007d6d   Thumb Code   604  receiver.o(.text.receiverRun)
    setValueMenu                             0x08007fed   Thumb Code    72  interface.o(.text.setValueMenu)
    settingMenu                              0x08008039   Thumb Code  1360  interface.o(.text.settingMenu)
    turnOffDevice                            0x08008591   Thumb Code   116  eeprom.o(.text.turnOffDevice)
    __scatterload_copy                       0x08008611   Thumb Code    14  handlers.o(i.__scatterload_copy)
    __scatterload_null                       0x0800861f   Thumb Code     2  handlers.o(i.__scatterload_null)
    __scatterload_zeroinit                   0x08008621   Thumb Code    14  handlers.o(i.__scatterload_zeroinit)
    AHBPrescTable                            0x08008630   Data          64  system_stm32g0xx.o(.rodata.AHBPrescTable)
    APBPrescTable                            0x08008670   Data          32  system_stm32g0xx.o(.rodata.APBPrescTable)
    UARTPrescTable                           0x080086a0   Data          24  stm32g0xx_hal_uart.o(.rodata.UARTPrescTable)
    trans_table                              0x080086b8   Data          16  interface.o(.rodata.trans_table)
    Region$$Table$$Base                      0x080086c8   Number         0  anon$$obj.o(Region$$Table)
    Region$$Table$$Limit                     0x080086e8   Number         0  anon$$obj.o(Region$$Table)
    AT24_first_read_flag                     0x20000000   Data           1  eeprom.o(.data.AT24_first_read_flag)
    SystemCoreClock                          0x20000004   Data           4  system_stm32g0xx.o(.data.SystemCoreClock)
    setting_state                            0x20000008   Data           2  interface.o(.data.setting_state)
    uwTickFreq                               0x2000000a   Data           1  stm32g0xx_hal.o(.data.uwTickFreq)
    uwTickPrio                               0x2000000c   Data           4  stm32g0xx_hal.o(.data.uwTickPrio)
    AT24_Data                                0x20000010   Data          46  eeprom.o(.bss.AT24_Data)
    AT24_State                               0x2000003e   Data           1  eeprom.o(.bss.AT24_State)
    AT24_page_write_counter                  0x2000003f   Data           1  eeprom.o(.bss.AT24_page_write_counter)
    AT24_page_write_timer                    0x20000040   Data           4  eeprom.o(.bss.AT24_page_write_timer)
    AT24_write_flag                          0x20000044   Data           1  eeprom.o(.bss.AT24_write_flag)
    AT24_write_timer                         0x20000048   Data           4  eeprom.o(.bss.AT24_write_timer)
    hdma_usart1_tx                           0x2000004c   Data          92  usart.o(.bss.hdma_usart1_tx)
    hi2c2                                    0x200000a8   Data          84  i2c.o(.bss.hi2c2)
    htim1                                    0x200000fc   Data          76  tim.o(.bss.htim1)
    huart1                                   0x20000148   Data         148  usart.o(.bss.huart1)
    hundred_millis                           0x200001dc   Data           4  main.o(.bss.hundred_millis)
    interface                                0x200001e0   Data          44  interface.o(.bss.interface)
    jack                                     0x2000020c   Data          88  jack.o(.bss.jack)
    milis                                    0x20000264   Data           4  interface.o(.bss.milis)
    millis                                   0x20000268   Data           4  receiver.o(.bss.millis)
    motor                                    0x2000026c   Data          48  motor.o(.bss.motor)
    receiver                                 0x2000029c   Data           8  receiver.o(.bss.receiver)
    receiver_curr_order                      0x200002a4   Data           8  receiver.o(.bss.receiver_curr_order)
    receiver_prev_order                      0x200002ac   Data           8  receiver.o(.bss.receiver_prev_order)
    receiver_read_timer                      0x200002b4   Data           4  receiver.o(.bss.receiver_read_timer)
    receiver_run_timer                       0x200002b8   Data           4  receiver.o(.bss.receiver_run_timer)
    rx_buf                                   0x200002bc   Data          24  eeprom.o(.bss.rx_buf)
    supply_feedback                          0x200002d4   Data           1  eeprom.o(.bss.supply_feedback)
    tx_buf                                   0x200002d5   Data          16  eeprom.o(.bss.tx_buf)
    tx_buf_2                                 0x200002e5   Data           8  eeprom.o(.bss.tx_buf_2)
    uwTick                                   0x200002f0   Data           4  stm32g0xx_hal.o(.bss.uwTick)
    __initial_sp                             0x200008f8   Data           0  startup_stm32g070xx.o(STACK)



==============================================================================

Memory Map of the image

  Image Entry point : 0x080000b9

  Load Region LR_IROM1 (Base: 0x08000000, Size: 0x000086f8, Max: 0x00020000, ABSOLUTE)

    Execution Region ER_IROM1 (Exec base: 0x08000000, Load base: 0x08000000, Size: 0x000086e8, Max: 0x00020000, ABSOLUTE)

    Exec Addr    Load Addr    Size         Type   Attr      Idx    E Section Name        Object

    0x08000000   0x08000000   0x000000b8   Data   RO            3    RESET               startup_stm32g070xx.o
    0x080000b8   0x080000b8   0x00000000   Code   RO         1421  * .ARM.Collect$$$$00000000  mc_p.l(entry.o)
    0x080000b8   0x080000b8   0x00000004   Code   RO         1430    .ARM.Collect$$$$00000001  mc_p.l(entry2.o)
    0x080000bc   0x080000bc   0x00000004   Code   RO         1433    .ARM.Collect$$$$00000004  mc_p.l(entry5.o)
    0x080000c0   0x080000c0   0x00000000   Code   RO         1435    .ARM.Collect$$$$00000008  mc_p.l(entry7b.o)
    0x080000c0   0x080000c0   0x00000000   Code   RO         1437    .ARM.Collect$$$$0000000A  mc_p.l(entry8b.o)
    0x080000c0   0x080000c0   0x00000008   Code   RO         1438    .ARM.Collect$$$$0000000B  mc_p.l(entry9a.o)
    0x080000c8   0x080000c8   0x00000000   Code   RO         1440    .ARM.Collect$$$$0000000D  mc_p.l(entry10a.o)
    0x080000c8   0x080000c8   0x00000000   Code   RO         1442    .ARM.Collect$$$$0000000F  mc_p.l(entry11a.o)
    0x080000c8   0x080000c8   0x00000004   Code   RO         1431    .ARM.Collect$$$$00002712  mc_p.l(entry2.o)
    0x080000cc   0x080000cc   0x0000001c   Code   RO            4    .text               startup_stm32g070xx.o
    0x080000e8   0x080000e8   0x00000024   Code   RO         1428    .text               mc_p.l(memseta.o)
    0x0800010c   0x0800010c   0x0000003e   Code   RO         1446    .text               mc_p.l(uidiv_div0.o)
    0x0800014a   0x0800014a   0x00000002   PAD
    0x0800014c   0x0800014c   0x00000030   Code   RO         1452    .text               mc_p.l(init.o)
    0x0800017c   0x0800017c   0x00000094   Code   RO           95    .text.AT24Init      eeprom.o
    0x08000210   0x08000210   0x000003e0   Code   RO          101    .text.AT24Run       eeprom.o
    0x080005f0   0x080005f0   0x00000048   Code   RO           99    .text.AT24_ReadAll_IT  eeprom.o
    0x08000638   0x08000638   0x00000338   Code   RO          107    .text.AT24_RxComplete  eeprom.o
    0x08000970   0x08000970   0x00000034   Code   RO          105    .text.AT24_TxComplete  eeprom.o
    0x080009a4   0x080009a4   0x00000078   Code   RO           97    .text.AT24_WriteAll_IT  eeprom.o
    0x08000a1c   0x08000a1c   0x00000010   Code   RO          225    .text.DMA1_Channel1_IRQHandler  stm32g0xx_it.o
    0x08000a2c   0x08000a2c   0x00000044   Code   RO          591    .text.DMA_CalcDMAMUXChannelBaseAndMask  stm32g0xx_hal_dma.o
    0x08000a70   0x08000a70   0x0000003c   Code   RO          593    .text.DMA_CalcDMAMUXRequestGenBaseAndMask  stm32g0xx_hal_dma.o
    0x08000aac   0x08000aac   0x0000000a   Code   RO          221    .text.EXTI2_3_IRQHandler  stm32g0xx_it.o
    0x08000ab6   0x08000ab6   0x00000022   Code   RO          223    .text.EXTI4_15_IRQHandler  stm32g0xx_it.o
    0x08000ad8   0x08000ad8   0x0000000e   Code   RO          137    .text.Error_Handler  main.o
    0x08000ae6   0x08000ae6   0x00000002   PAD
    0x08000ae8   0x08000ae8   0x000000b8   Code   RO          605    .text.HAL_DMA_Abort_IT  stm32g0xx_hal_dma.o
    0x08000ba0   0x08000ba0   0x0000000e   Code   RO          615    .text.HAL_DMA_GetState  stm32g0xx_hal_dma.o
    0x08000bae   0x08000bae   0x00000002   PAD
    0x08000bb0   0x08000bb0   0x00000170   Code   RO          609    .text.HAL_DMA_IRQHandler  stm32g0xx_hal_dma.o
    0x08000d20   0x08000d20   0x00000104   Code   RO          589    .text.HAL_DMA_Init  stm32g0xx_hal_dma.o
    0x08000e24   0x08000e24   0x00000044   Code   RO          792    .text.HAL_Delay     stm32g0xx_hal.o
    0x08000e68   0x08000e68   0x0000000a   Code   RO          580    .text.HAL_GPIO_EXTI_Falling_Callback  stm32g0xx_hal_gpio.o
    0x08000e72   0x08000e72   0x00000002   PAD
    0x08000e74   0x08000e74   0x00000050   Code   RO          576    .text.HAL_GPIO_EXTI_IRQHandler  stm32g0xx_hal_gpio.o
    0x08000ec4   0x08000ec4   0x00000014   Code   RO          139    .text.HAL_GPIO_EXTI_Rising_Callback  main.o
    0x08000ed8   0x08000ed8   0x000002d0   Code   RO          564    .text.HAL_GPIO_Init  stm32g0xx_hal_gpio.o
    0x080011a8   0x080011a8   0x00000032   Code   RO          568    .text.HAL_GPIO_ReadPin  stm32g0xx_hal_gpio.o
    0x080011da   0x080011da   0x0000002c   Code   RO          570    .text.HAL_GPIO_WritePin  stm32g0xx_hal_gpio.o
    0x08001206   0x08001206   0x00000002   PAD
    0x08001208   0x08001208   0x0000000c   Code   RO          784    .text.HAL_GetTick   stm32g0xx_hal.o
    0x08001214   0x08001214   0x00000096   Code   RO          415    .text.HAL_I2CEx_ConfigAnalogFilter  stm32g0xx_hal_i2c_ex.o
    0x080012aa   0x080012aa   0x000000a0   Code   RO          417    .text.HAL_I2CEx_ConfigDigitalFilter  stm32g0xx_hal_i2c_ex.o
    0x0800134a   0x0800134a   0x00000008   Code   RO          384    .text.HAL_I2C_AbortCpltCallback  stm32g0xx_hal_i2c.o
    0x08001352   0x08001352   0x00000010   Code   RO          374    .text.HAL_I2C_AddrCallback  stm32g0xx_hal_i2c.o
    0x08001362   0x08001362   0x000000c6   Code   RO          362    .text.HAL_I2C_ER_IRQHandler  stm32g0xx_hal_i2c.o
    0x08001428   0x08001428   0x00000030   Code   RO          360    .text.HAL_I2C_EV_IRQHandler  stm32g0xx_hal_i2c.o
    0x08001458   0x08001458   0x00000008   Code   RO          382    .text.HAL_I2C_ErrorCallback  stm32g0xx_hal_i2c.o
    0x08001460   0x08001460   0x00000120   Code   RO          246    .text.HAL_I2C_Init  stm32g0xx_hal_i2c.o
    0x08001580   0x08001580   0x00000234   Code   RO          330    .text.HAL_I2C_IsDeviceReady  stm32g0xx_hal_i2c.o
    0x080017b4   0x080017b4   0x00000008   Code   RO          376    .text.HAL_I2C_ListenCpltCallback  stm32g0xx_hal_i2c.o
    0x080017bc   0x080017bc   0x00000008   Code   RO          368    .text.HAL_I2C_MasterRxCpltCallback  stm32g0xx_hal_i2c.o
    0x080017c4   0x080017c4   0x00000008   Code   RO          366    .text.HAL_I2C_MasterTxCpltCallback  stm32g0xx_hal_i2c.o
    0x080017cc   0x080017cc   0x0000000e   Code   RO          131    .text.HAL_I2C_MemRxCpltCallback  main.o
    0x080017da   0x080017da   0x0000000e   Code   RO          129    .text.HAL_I2C_MemTxCpltCallback  main.o
    0x080017e8   0x080017e8   0x00000128   Code   RO          322    .text.HAL_I2C_Mem_Read_IT  stm32g0xx_hal_i2c.o
    0x08001910   0x08001910   0x0000013c   Code   RO          318    .text.HAL_I2C_Mem_Write_IT  stm32g0xx_hal_i2c.o
    0x08001a4c   0x08001a4c   0x0000008c   Code   RO          168    .text.HAL_I2C_MspInit  i2c.o
    0x08001ad8   0x08001ad8   0x00000008   Code   RO          372    .text.HAL_I2C_SlaveRxCpltCallback  stm32g0xx_hal_i2c.o
    0x08001ae0   0x08001ae0   0x00000008   Code   RO          370    .text.HAL_I2C_SlaveTxCpltCallback  stm32g0xx_hal_i2c.o
    0x08001ae8   0x08001ae8   0x00000014   Code   RO          782    .text.HAL_IncTick   stm32g0xx_hal.o
    0x08001afc   0x08001afc   0x0000003c   Code   RO          772    .text.HAL_Init      stm32g0xx_hal.o
    0x08001b38   0x08001b38   0x00000080   Code   RO          774    .text.HAL_InitTick  stm32g0xx_hal.o
    0x08001bb8   0x08001bb8   0x00000050   Code   RO          238    .text.HAL_MspInit   stm32g0xx_hal_msp.o
    0x08001c08   0x08001c08   0x00000016   Code   RO          717    .text.HAL_NVIC_EnableIRQ  stm32g0xx_hal_cortex.o
    0x08001c1e   0x08001c1e   0x0000001c   Code   RO          713    .text.HAL_NVIC_SetPriority  stm32g0xx_hal_cortex.o
    0x08001c3a   0x08001c3a   0x00000002   PAD
    0x08001c3c   0x08001c3c   0x0000007c   Code   RO          700    .text.HAL_PWREx_ControlVoltageScaling  stm32g0xx_hal_pwr_ex.o
    0x08001cb8   0x08001cb8   0x00000248   Code   RO          475    .text.HAL_RCCEx_PeriphCLKConfig  stm32g0xx_hal_rcc_ex.o
    0x08001f00   0x08001f00   0x00000254   Code   RO          438    .text.HAL_RCC_ClockConfig  stm32g0xx_hal_rcc.o
    0x08002154   0x08002154   0x0000000c   Code   RO          444    .text.HAL_RCC_GetHCLKFreq  stm32g0xx_hal_rcc.o
    0x08002160   0x08002160   0x00000028   Code   RO          446    .text.HAL_RCC_GetPCLK1Freq  stm32g0xx_hal_rcc.o
    0x08002188   0x08002188   0x00000120   Code   RO          440    .text.HAL_RCC_GetSysClockFreq  stm32g0xx_hal_rcc.o
    0x080022a8   0x080022a8   0x0000069c   Code   RO          436    .text.HAL_RCC_OscConfig  stm32g0xx_hal_rcc.o
    0x08002944   0x08002944   0x00000010   Code   RO          729    .text.HAL_SYSTICK_Config  stm32g0xx_hal_cortex.o
    0x08002954   0x08002954   0x00000008   Code   RO         1202    .text.HAL_TIMEx_Break2Callback  stm32g0xx_hal_tim_ex.o
    0x0800295c   0x0800295c   0x00000008   Code   RO         1200    .text.HAL_TIMEx_BreakCallback  stm32g0xx_hal_tim_ex.o
    0x08002964   0x08002964   0x00000008   Code   RO         1196    .text.HAL_TIMEx_CommutCallback  stm32g0xx_hal_tim_ex.o
    0x0800296c   0x0800296c   0x000000e0   Code   RO         1180    .text.HAL_TIMEx_MasterConfigSynchronization  stm32g0xx_hal_tim_ex.o
    0x08002a4c   0x08002a4c   0x000000aa   Code   RO          863    .text.HAL_TIM_Base_Init  stm32g0xx_hal_tim.o
    0x08002af6   0x08002af6   0x00000002   PAD
    0x08002af8   0x08002af8   0x00000048   Code   RO          182    .text.HAL_TIM_Base_MspInit  tim.o
    0x08002b40   0x08002b40   0x000000b0   Code   RO          877    .text.HAL_TIM_Base_Start_IT  stm32g0xx_hal_tim.o
    0x08002bf0   0x08002bf0   0x00000190   Code   RO         1059    .text.HAL_TIM_ConfigClockSource  stm32g0xx_hal_tim.o
    0x08002d80   0x08002d80   0x00000008   Code   RO          999    .text.HAL_TIM_IC_CaptureCallback  stm32g0xx_hal_tim.o
    0x08002d88   0x08002d88   0x00000264   Code   RO          997    .text.HAL_TIM_IRQHandler  stm32g0xx_hal_tim.o
    0x08002fec   0x08002fec   0x00000008   Code   RO         1001    .text.HAL_TIM_OC_DelayElapsedCallback  stm32g0xx_hal_tim.o
    0x08002ff4   0x08002ff4   0x00000008   Code   RO         1003    .text.HAL_TIM_PWM_PulseFinishedCallback  stm32g0xx_hal_tim.o
    0x08002ffc   0x08002ffc   0x00000028   Code   RO          127    .text.HAL_TIM_PeriodElapsedCallback  main.o
    0x08003024   0x08003024   0x00000008   Code   RO         1007    .text.HAL_TIM_TriggerCallback  stm32g0xx_hal_tim.o
    0x0800302c   0x0800302c   0x0000007a   Code   RO         1385    .text.HAL_UARTEx_DisableFifoMode  stm32g0xx_hal_uart_ex.o
    0x080030a6   0x080030a6   0x00000090   Code   RO         1389    .text.HAL_UARTEx_SetRxFifoThreshold  stm32g0xx_hal_uart_ex.o
    0x08003136   0x08003136   0x00000090   Code   RO         1387    .text.HAL_UARTEx_SetTxFifoThreshold  stm32g0xx_hal_uart_ex.o
    0x080031c6   0x080031c6   0x000000b4   Code   RO         1215    .text.HAL_UART_Init  stm32g0xx_hal_uart.o
    0x0800327a   0x0800327a   0x00000002   PAD
    0x0800327c   0x0800327c   0x000000f4   Code   RO          196    .text.HAL_UART_MspInit  usart.o
    0x08003370   0x08003370   0x00000004   Code   RO          211    .text.HardFault_Handler  stm32g0xx_it.o
    0x08003374   0x08003374   0x00000028   Code   RO          229    .text.I2C2_IRQHandler  stm32g0xx_it.o
    0x0800339c   0x0800339c   0x0000003e   Code   RO          346    .text.I2C_DMAAbort  stm32g0xx_hal_i2c.o
    0x080033da   0x080033da   0x000000cc   Code   RO          344    .text.I2C_Disable_IRQ  stm32g0xx_hal_i2c.o
    0x080034a6   0x080034a6   0x00000002   PAD
    0x080034a8   0x080034a8   0x00000138   Code   RO          278    .text.I2C_Enable_IRQ  stm32g0xx_hal_i2c.o
    0x080035e0   0x080035e0   0x00000040   Code   RO          270    .text.I2C_Flush_TXDR  stm32g0xx_hal_i2c.o
    0x08003620   0x08003620   0x00000130   Code   RO          402    .text.I2C_ITAddrCplt  stm32g0xx_hal_i2c.o
    0x08003750   0x08003750   0x000001e8   Code   RO          364    .text.I2C_ITError   stm32g0xx_hal_i2c.o
    0x08003938   0x08003938   0x000000a0   Code   RO          398    .text.I2C_ITListenCplt  stm32g0xx_hal_i2c.o
    0x080039d8   0x080039d8   0x000001b4   Code   RO          394    .text.I2C_ITMasterCplt  stm32g0xx_hal_i2c.o
    0x08003b8c   0x08003b8c   0x0000007e   Code   RO          392    .text.I2C_ITMasterSeqCplt  stm32g0xx_hal_i2c.o
    0x08003c0a   0x08003c0a   0x00000002   PAD
    0x08003c0c   0x08003c0c   0x00000318   Code   RO          396    .text.I2C_ITSlaveCplt  stm32g0xx_hal_i2c.o
    0x08003f24   0x08003f24   0x000000ca   Code   RO          400    .text.I2C_ITSlaveSeqCplt  stm32g0xx_hal_i2c.o
    0x08003fee   0x08003fee   0x00000002   PAD
    0x08003ff0   0x08003ff0   0x000001f8   Code   RO          406    .text.I2C_IsErrorOccurred  stm32g0xx_hal_i2c.o
    0x080041e8   0x080041e8   0x00000228   Code   RO          290    .text.I2C_Master_ISR_DMA  stm32g0xx_hal_i2c.o
    0x08004410   0x08004410   0x0000028c   Code   RO          326    .text.I2C_Mem_ISR_DMA  stm32g0xx_hal_i2c.o
    0x0800469c   0x0800469c   0x00000298   Code   RO          320    .text.I2C_Mem_ISR_IT  stm32g0xx_hal_i2c.o
    0x08004934   0x08004934   0x00000234   Code   RO          302    .text.I2C_Slave_ISR_DMA  stm32g0xx_hal_i2c.o
    0x08004b68   0x08004b68   0x0000024c   Code   RO          284    .text.I2C_Slave_ISR_IT  stm32g0xx_hal_i2c.o
    0x08004db4   0x08004db4   0x00000054   Code   RO          258    .text.I2C_TransferConfig  stm32g0xx_hal_i2c.o
    0x08004e08   0x08004e08   0x00000052   Code   RO          404    .text.I2C_TreatErrorCallback  stm32g0xx_hal_i2c.o
    0x08004e5a   0x08004e5a   0x000000c2   Code   RO          256    .text.I2C_WaitOnFlagUntilTimeout  stm32g0xx_hal_i2c.o
    0x08004f1c   0x08004f1c   0x00000010   Code   RO          448    .text.LL_RCC_GetAPB1Prescaler  stm32g0xx_hal_rcc.o
    0x08004f2c   0x08004f2c   0x00000034   Code   RO          158    .text.MX_DMA_Init   dma.o
    0x08004f60   0x08004f60   0x00000210   Code   RO          150    .text.MX_GPIO_Init  gpio.o
    0x08005170   0x08005170   0x0000006c   Code   RO          166    .text.MX_I2C2_Init  i2c.o
    0x080051dc   0x080051dc   0x00000080   Code   RO          180    .text.MX_TIM1_Init  tim.o
    0x0800525c   0x0800525c   0x00000080   Code   RO          194    .text.MX_USART1_UART_Init  usart.o
    0x080052dc   0x080052dc   0x00000004   Code   RO          209    .text.NMI_Handler   stm32g0xx_it.o
    0x080052e0   0x080052e0   0x00000002   Code   RO          215    .text.PendSV_Handler  stm32g0xx_it.o
    0x080052e2   0x080052e2   0x00000002   Code   RO          219    .text.RCC_IRQHandler  stm32g0xx_it.o
    0x080052e4   0x080052e4   0x00000002   Code   RO          213    .text.SVC_Handler   stm32g0xx_it.o
    0x080052e6   0x080052e6   0x00000002   PAD
    0x080052e8   0x080052e8   0x00000050   Code   RO          731    .text.SysTick_Config  stm32g0xx_hal_cortex.o
    0x08005338   0x08005338   0x00000008   Code   RO          217    .text.SysTick_Handler  stm32g0xx_it.o
    0x08005340   0x08005340   0x0000007a   Code   RO          135    .text.SystemClock_Config  main.o
    0x080053ba   0x080053ba   0x00000002   Code   RO         1408    .text.SystemInit    system_stm32g0xx.o
    0x080053bc   0x080053bc   0x00000010   Code   RO          227    .text.TIM1_BRK_UP_TRG_COM_IRQHandler  stm32g0xx_it.o
    0x080053cc   0x080053cc   0x000000fc   Code   RO          867    .text.TIM_Base_SetConfig  stm32g0xx_hal_tim.o
    0x080054c8   0x080054c8   0x00000036   Code   RO         1057    .text.TIM_ETR_SetConfig  stm32g0xx_hal_tim.o
    0x080054fe   0x080054fe   0x00000002   PAD
    0x08005500   0x08005500   0x00000030   Code   RO         1063    .text.TIM_ITRx_SetConfig  stm32g0xx_hal_tim.o
    0x08005530   0x08005530   0x00000088   Code   RO         1061    .text.TIM_TI1_ConfigInputStage  stm32g0xx_hal_tim.o
    0x080055b8   0x080055b8   0x000000b0   Code   RO         1065    .text.TIM_TI2_ConfigInputStage  stm32g0xx_hal_tim.o
    0x08005668   0x08005668   0x00000094   Code   RO         1383    .text.UARTEx_SetNbDataToProcess  stm32g0xx_hal_uart_ex.o
    0x080056fc   0x080056fc   0x0000015a   Code   RO         1219    .text.UART_AdvFeatureConfig  stm32g0xx_hal_uart.o
    0x08005856   0x08005856   0x00000002   PAD
    0x08005858   0x08005858   0x00000160   Code   RO         1223    .text.UART_CheckIdleState  stm32g0xx_hal_uart.o
    0x080059b8   0x080059b8   0x000000b8   Code   RO         1275    .text.UART_EndRxTransfer  stm32g0xx_hal_uart.o
    0x08005a70   0x08005a70   0x00000370   Code   RO         1221    .text.UART_SetConfig  stm32g0xx_hal_uart.o
    0x08005de0   0x08005de0   0x00000108   Code   RO         1237    .text.UART_WaitOnFlagUntilTimeout  stm32g0xx_hal_uart.o
    0x08005ee8   0x08005ee8   0x0000002c   Code   RO          719    .text.__NVIC_EnableIRQ  stm32g0xx_hal_cortex.o
    0x08005f14   0x08005f14   0x00000084   Code   RO          715    .text.__NVIC_SetPriority  stm32g0xx_hal_cortex.o
    0x08005f98   0x08005f98   0x000001b8   Code   RO           11    .text.encoderCallback  encoder.o
    0x08006150   0x08006150   0x00000008   Code   RO           35    .text.getInterfaceEncoderPosition  interface.o
    0x08006158   0x08006158   0x00000078   Code   RO           19    .text.interfaceInit  interface.o
    0x080061d0   0x080061d0   0x000005d0   Code   RO           23    .text.interfaceRun  interface.o
    0x080067a0   0x080067a0   0x00000148   Code   RO           54    .text.jackControl   jack.o
    0x080068e8   0x080068e8   0x000000f4   Code   RO           50    .text.jackInit      jack.o
    0x080069dc   0x080069dc   0x0000075c   Code   RO           52    .text.jackRun       jack.o
    0x08007138   0x08007138   0x00000258   Code   RO           33    .text.ledControl    interface.o
    0x08007390   0x08007390   0x00000140   Code   RO          133    .text.main          main.o
    0x080074d0   0x080074d0   0x00000170   Code   RO           25    .text.mainMenu      interface.o
    0x08007640   0x08007640   0x00000150   Code   RO           85    .text.motorControl  motor.o
    0x08007790   0x08007790   0x00000094   Code   RO           81    .text.motorInit     motor.o
    0x08007824   0x08007824   0x00000480   Code   RO           83    .text.motorRun      motor.o
    0x08007ca4   0x08007ca4   0x00000038   Code   RO           31    .text.offMenu       interface.o
    0x08007cdc   0x08007cdc   0x00000044   Code   RO           21    .text.readInterfaceEncoder  interface.o
    0x08007d20   0x08007d20   0x0000004c   Code   RO           64    .text.receiverInit  receiver.o
    0x08007d6c   0x08007d6c   0x00000280   Code   RO           66    .text.receiverRun   receiver.o
    0x08007fec   0x08007fec   0x0000004c   Code   RO           29    .text.setValueMenu  interface.o
    0x08008038   0x08008038   0x00000558   Code   RO           27    .text.settingMenu   interface.o
    0x08008590   0x08008590   0x00000080   Code   RO          103    .text.turnOffDevice  eeprom.o
    0x08008610   0x08008610   0x0000000e   Code   RO         1456    i.__scatterload_copy  mc_p.l(handlers.o)
    0x0800861e   0x0800861e   0x00000002   Code   RO         1457    i.__scatterload_null  mc_p.l(handlers.o)
    0x08008620   0x08008620   0x0000000e   Code   RO         1458    i.__scatterload_zeroinit  mc_p.l(handlers.o)
    0x0800862e   0x0800862e   0x00000002   PAD
    0x08008630   0x08008630   0x00000040   Data   RO         1413    .rodata.AHBPrescTable  system_stm32g0xx.o
    0x08008670   0x08008670   0x00000020   Data   RO         1414    .rodata.APBPrescTable  system_stm32g0xx.o
    0x08008690   0x08008690   0x00000008   Data   RO         1400    .rodata.UARTEx_SetNbDataToProcess.denominator  stm32g0xx_hal_uart_ex.o
    0x08008698   0x08008698   0x00000008   Data   RO         1399    .rodata.UARTEx_SetNbDataToProcess.numerator  stm32g0xx_hal_uart_ex.o
    0x080086a0   0x080086a0   0x00000018   Data   RO         1355    .rodata.UARTPrescTable  stm32g0xx_hal_uart.o
    0x080086b8   0x080086b8   0x00000010   Data   RO           41    .rodata.trans_table  interface.o
    0x080086c8   0x080086c8   0x00000020   Data   RO         1455    Region$$Table       anon$$obj.o


    Execution Region RW_IRAM1 (Exec base: 0x20000000, Load base: 0x080086e8, Size: 0x000008f8, Max: 0x00009000, ABSOLUTE)

    Exec Addr    Load Addr    Size         Type   Attr      Idx    E Section Name        Object

    0x20000000   0x080086e8   0x00000001   Data   RW          114    .data.AT24_first_read_flag  eeprom.o
    0x20000001   0x080086e9   0x00000003   PAD
    0x20000004   0x080086ec   0x00000004   Data   RW         1412    .data.SystemCoreClock  system_stm32g0xx.o
    0x20000008   0x080086f0   0x00000002   Data   RW           39    .data.setting_state  interface.o
    0x2000000a   0x080086f2   0x00000001   Data   RW          829    .data.uwTickFreq    stm32g0xx_hal.o
    0x2000000b   0x080086f3   0x00000001   PAD
    0x2000000c   0x080086f4   0x00000004   Data   RW          828    .data.uwTickPrio    stm32g0xx_hal.o
    0x20000010        -       0x0000002e   Zero   RW          116    .bss.AT24_Data      eeprom.o
    0x2000003e        -       0x00000001   Zero   RW          109    .bss.AT24_State     eeprom.o
    0x2000003f        -       0x00000001   Zero   RW          112    .bss.AT24_page_write_counter  eeprom.o
    0x20000040        -       0x00000004   Zero   RW          111    .bss.AT24_page_write_timer  eeprom.o
    0x20000044        -       0x00000001   Zero   RW          113    .bss.AT24_write_flag  eeprom.o
    0x20000045   0x080086f8   0x00000003   PAD
    0x20000048        -       0x00000004   Zero   RW          110    .bss.AT24_write_timer  eeprom.o
    0x2000004c        -       0x0000005c   Zero   RW          201    .bss.hdma_usart1_tx  usart.o
    0x200000a8        -       0x00000054   Zero   RW          172    .bss.hi2c2          i2c.o
    0x200000fc        -       0x0000004c   Zero   RW          186    .bss.htim1          tim.o
    0x20000148        -       0x00000094   Zero   RW          200    .bss.huart1         usart.o
    0x200001dc        -       0x00000004   Zero   RW          141    .bss.hundred_millis  main.o
    0x200001e0        -       0x0000002c   Zero   RW           42    .bss.interface      interface.o
    0x2000020c        -       0x00000058   Zero   RW           56    .bss.jack           jack.o
    0x20000264        -       0x00000004   Zero   RW           40    .bss.milis          interface.o
    0x20000268        -       0x00000004   Zero   RW           69    .bss.millis         receiver.o
    0x2000026c        -       0x00000030   Zero   RW           87    .bss.motor          motor.o
    0x2000029c        -       0x00000008   Zero   RW           73    .bss.receiver       receiver.o
    0x200002a4        -       0x00000008   Zero   RW           71    .bss.receiver_curr_order  receiver.o
    0x200002ac        -       0x00000008   Zero   RW           72    .bss.receiver_prev_order  receiver.o
    0x200002b4        -       0x00000004   Zero   RW           70    .bss.receiver_read_timer  receiver.o
    0x200002b8        -       0x00000004   Zero   RW           68    .bss.receiver_run_timer  receiver.o
    0x200002bc        -       0x00000018   Zero   RW          118    .bss.rx_buf         eeprom.o
    0x200002d4        -       0x00000001   Zero   RW          115    .bss.supply_feedback  eeprom.o
    0x200002d5        -       0x00000010   Zero   RW          117    .bss.tx_buf         eeprom.o
    0x200002e5        -       0x00000008   Zero   RW          119    .bss.tx_buf_2       eeprom.o
    0x200002ed   0x080086f8   0x00000003   PAD
    0x200002f0        -       0x00000004   Zero   RW          830    .bss.uwTick         stm32g0xx_hal.o
    0x200002f4   0x080086f8   0x00000004   PAD
    0x200002f8        -       0x00000600   Zero   RW            1    STACK               startup_stm32g070xx.o


==============================================================================

Image component sizes


      Code (inc. data)   RO Data    RW Data    ZI Data      Debug   Object Name

        52          4          0          0          0       1893   dma.o
      2336        184          0          1        106       7686   eeprom.o
       440         16          0          0          0       1579   encoder.o
       528         36          0          0          0       2837   gpio.o
       248         24          0          0         84       5920   i2c.o
      4152        156         16          2         48       6181   interface.o
      2456         88          0          0         88       4373   jack.o
       544         32          0          0          4       7280   main.o
      1636         72          0          0         48       3328   motor.o
       716         40          0          0         36       2315   receiver.o
        28          8        184          0       1536        616   startup_stm32g070xx.o
       288         24          0          5          4       6403   stm32g0xx_hal.o
       322         24          0          0          0       6387   stm32g0xx_hal_cortex.o
       954         32          0          0          0       7326   stm32g0xx_hal_dma.o
       904         40          0          0          0       4405   stm32g0xx_hal_gpio.o
      8816        124          0          0          0      38400   stm32g0xx_hal_i2c.o
       310          0          0          0          0       5865   stm32g0xx_hal_i2c_ex.o
        80          8          0          0          0       1962   stm32g0xx_hal_msp.o
       124         12          0          0          0       3961   stm32g0xx_hal_pwr_ex.o
      2644        124          0          0          0       8925   stm32g0xx_hal_rcc.o
       584         20          0          0          0       5600   stm32g0xx_hal_rcc_ex.o
      2056         60          0          0          0      38974   stm32g0xx_hal_tim.o
       248          0          0          0          0      18317   stm32g0xx_hal_tim_ex.o
      2206        184         24          0          0      41269   stm32g0xx_hal_uart.o
       558          8         16          0          0       9783   stm32g0xx_hal_uart_ex.o
       138         12          0          0          0       1426   stm32g0xx_it.o
         2          0         96          4          0       1871   system_stm32g0xx.o
       200          8          0          0         76       6080   tim.o
       372         32          0          0        240       5824   usart.o

    ----------------------------------------------------------------------
     33968       1372        368         16       2280     256786   Object Totals
         0          0         32          0          0          0   (incl. Generated)
        26          0          0          4         10          0   (incl. Padding)

    ----------------------------------------------------------------------

      Code (inc. data)   RO Data    RW Data    ZI Data      Debug   Library Member Name

         0          0          0          0          0          0   entry.o
         0          0          0          0          0          0   entry10a.o
         0          0          0          0          0          0   entry11a.o
         8          4          0          0          0          0   entry2.o
         4          0          0          0          0          0   entry5.o
         0          0          0          0          0          0   entry7b.o
         0          0          0          0          0          0   entry8b.o
         8          4          0          0          0          0   entry9a.o
        30          0          0          0          0          0   handlers.o
        48         10          0          0          0         68   init.o
        36          0          0          0          0        100   memseta.o
        62          0          0          0          0         72   uidiv_div0.o

    ----------------------------------------------------------------------
       200         18          0          0          0        240   Library Totals
         4          0          0          0          0          0   (incl. Padding)

    ----------------------------------------------------------------------

      Code (inc. data)   RO Data    RW Data    ZI Data      Debug   Library Name

       196         18          0          0          0        240   mc_p.l

    ----------------------------------------------------------------------
       200         18          0          0          0        240   Library Totals

    ----------------------------------------------------------------------

==============================================================================


      Code (inc. data)   RO Data    RW Data    ZI Data      Debug   

     34168       1390        368         16       2280     256638   Grand Totals
     34168       1390        368         16       2280     256638   ELF Image Totals
     34168       1390        368         16          0          0   ROM Totals

==============================================================================

    Total RO  Size (Code + RO Data)                34536 (  33.73kB)
    Total RW  Size (RW Data + ZI Data)              2296 (   2.24kB)
    Total ROM Size (Code + RO Data + RW Data)      34552 (  33.74kB)

==============================================================================

