Component: Arm Compiler for Embedded 6.21 Tool: armlink [5ec1fa00]

==============================================================================

Section Cross References

    startup_stm32g070xx.o(RESET) refers to startup_stm32g070xx.o(STACK) for __initial_sp
    startup_stm32g070xx.o(RESET) refers to startup_stm32g070xx.o(.text) for Reset_Handler
    startup_stm32g070xx.o(RESET) refers to stm32g0xx_it.o(.text.NMI_Handler) for NMI_Handler
    startup_stm32g070xx.o(RESET) refers to stm32g0xx_it.o(.text.HardFault_Handler) for HardFault_Handler
    startup_stm32g070xx.o(RESET) refers to stm32g0xx_it.o(.text.SVC_Handler) for SVC_Handler
    startup_stm32g070xx.o(RESET) refers to stm32g0xx_it.o(.text.PendSV_Handler) for PendSV_Handler
    startup_stm32g070xx.o(RESET) refers to stm32g0xx_it.o(.text.SysTick_Handler) for SysTick_Handler
    startup_stm32g070xx.o(RESET) refers to stm32g0xx_it.o(.text.EXTI0_1_IRQHandler) for EXTI0_1_IRQHandler
    startup_stm32g070xx.o(RESET) refers to stm32g0xx_it.o(.text.EXTI4_15_IRQHandler) for EXTI4_15_IRQHandler
    startup_stm32g070xx.o(RESET) refers to stm32g0xx_it.o(.text.DMA1_Channel1_IRQHandler) for DMA1_Channel1_IRQHandler
    startup_stm32g070xx.o(RESET) refers to stm32g0xx_it.o(.text.USART1_IRQHandler) for USART1_IRQHandler
    startup_stm32g070xx.o(.text) refers to system_stm32g0xx.o(.text.SystemInit) for SystemInit
    startup_stm32g070xx.o(.text) refers to entry.o(.ARM.Collect$$$$00000000) for __main
    main.o(.text.main) refers to stm32g0xx_hal.o(.text.HAL_Init) for HAL_Init
    main.o(.text.main) refers to main.o(.text.SystemClock_Config) for SystemClock_Config
    main.o(.text.main) refers to main.o(.text.MX_GPIO_Init) for MX_GPIO_Init
    main.o(.text.main) refers to main.o(.text.MX_DMA_Init) for MX_DMA_Init
    main.o(.text.main) refers to main.o(.text.MX_I2C2_Init) for MX_I2C2_Init
    main.o(.text.main) refers to main.o(.text.MX_USART1_UART_Init) for MX_USART1_UART_Init
    main.o(.text.main) refers to myapp.o(.text.My_App_init) for My_App_init
    main.o(.text.main) refers to myapp.o(.text.My_App) for My_App
    main.o(.text.main) refers to stm32printfuart.o(.text.UART_TX_Task) for UART_TX_Task
    main.o(.ARM.exidx.text.main) refers to main.o(.text.main) for [Anonymous Symbol]
    main.o(.text.SystemClock_Config) refers to memseta.o(.text) for __aeabi_memclr4
    main.o(.text.SystemClock_Config) refers to stm32g0xx_hal_pwr_ex.o(.text.HAL_PWREx_ControlVoltageScaling) for HAL_PWREx_ControlVoltageScaling
    main.o(.text.SystemClock_Config) refers to stm32g0xx_hal_rcc.o(.text.HAL_RCC_OscConfig) for HAL_RCC_OscConfig
    main.o(.text.SystemClock_Config) refers to main.o(.text.Error_Handler) for Error_Handler
    main.o(.text.SystemClock_Config) refers to stm32g0xx_hal_rcc.o(.text.HAL_RCC_ClockConfig) for HAL_RCC_ClockConfig
    main.o(.ARM.exidx.text.SystemClock_Config) refers to main.o(.text.SystemClock_Config) for [Anonymous Symbol]
    main.o(.text.MX_GPIO_Init) refers to stm32g0xx_hal_gpio.o(.text.HAL_GPIO_WritePin) for HAL_GPIO_WritePin
    main.o(.text.MX_GPIO_Init) refers to stm32g0xx_hal_gpio.o(.text.HAL_GPIO_Init) for HAL_GPIO_Init
    main.o(.text.MX_GPIO_Init) refers to stm32g0xx_hal_cortex.o(.text.HAL_NVIC_SetPriority) for HAL_NVIC_SetPriority
    main.o(.text.MX_GPIO_Init) refers to stm32g0xx_hal_cortex.o(.text.HAL_NVIC_EnableIRQ) for HAL_NVIC_EnableIRQ
    main.o(.ARM.exidx.text.MX_GPIO_Init) refers to main.o(.text.MX_GPIO_Init) for [Anonymous Symbol]
    main.o(.text.MX_DMA_Init) refers to stm32g0xx_hal_cortex.o(.text.HAL_NVIC_SetPriority) for HAL_NVIC_SetPriority
    main.o(.text.MX_DMA_Init) refers to stm32g0xx_hal_cortex.o(.text.HAL_NVIC_EnableIRQ) for HAL_NVIC_EnableIRQ
    main.o(.ARM.exidx.text.MX_DMA_Init) refers to main.o(.text.MX_DMA_Init) for [Anonymous Symbol]
    main.o(.text.MX_I2C2_Init) refers to stm32g0xx_hal_i2c.o(.text.HAL_I2C_Init) for HAL_I2C_Init
    main.o(.text.MX_I2C2_Init) refers to main.o(.text.Error_Handler) for Error_Handler
    main.o(.text.MX_I2C2_Init) refers to stm32g0xx_hal_i2c_ex.o(.text.HAL_I2CEx_ConfigAnalogFilter) for HAL_I2CEx_ConfigAnalogFilter
    main.o(.text.MX_I2C2_Init) refers to stm32g0xx_hal_i2c_ex.o(.text.HAL_I2CEx_ConfigDigitalFilter) for HAL_I2CEx_ConfigDigitalFilter
    main.o(.text.MX_I2C2_Init) refers to main.o(.bss.hi2c2) for hi2c2
    main.o(.ARM.exidx.text.MX_I2C2_Init) refers to main.o(.text.MX_I2C2_Init) for [Anonymous Symbol]
    main.o(.text.MX_USART1_UART_Init) refers to stm32g0xx_hal_uart.o(.text.HAL_UART_Init) for HAL_UART_Init
    main.o(.text.MX_USART1_UART_Init) refers to main.o(.text.Error_Handler) for Error_Handler
    main.o(.text.MX_USART1_UART_Init) refers to stm32g0xx_hal_uart_ex.o(.text.HAL_UARTEx_SetTxFifoThreshold) for HAL_UARTEx_SetTxFifoThreshold
    main.o(.text.MX_USART1_UART_Init) refers to stm32g0xx_hal_uart_ex.o(.text.HAL_UARTEx_SetRxFifoThreshold) for HAL_UARTEx_SetRxFifoThreshold
[...]
    Removing stm32g0xx_hal_uart.o(.ARM.exidx.text.HAL_MultiProcessor_Init), (8 bytes).
    Removing stm32g0xx_hal_uart.o(.text.HAL_UART_DeInit), (128 bytes).
    Removing stm32g0xx_hal_uart.o(.ARM.exidx.text.HAL_UART_DeInit), (8 bytes).
    Removing stm32g0xx_hal_uart.o(.text.HAL_UART_MspDeInit), (8 bytes).
    Removing stm32g0xx_hal_uart.o(.ARM.exidx.text.HAL_UART_MspDeInit), (8 bytes).
    Removing stm32g0xx_hal_uart.o(.text.HAL_UART_Transmit), (392 bytes).
    Removing stm32g0xx_hal_uart.o(.ARM.exidx.text.HAL_UART_Transmit), (8 bytes).
    Removing stm32g0xx_hal_uart.o(.ARM.exidx.text.UART_WaitOnFlagUntilTimeout), (8 bytes).
    Removing stm32g0xx_hal_uart.o(.text.HAL_UART_Receive), (520 bytes).
    Removing stm32g0xx_hal_uart.o(.ARM.exidx.text.HAL_UART_Receive), (8 bytes).
    Removing stm32g0xx_hal_uart.o(.text.HAL_UART_Transmit_IT), (368 bytes).
    Removing stm32g0xx_hal_uart.o(.ARM.exidx.text.HAL_UART_Transmit_IT), (8 bytes).
    Removing stm32g0xx_hal_uart.o(.text.UART_TxISR_16BIT_FIFOEN), (224 bytes).
    Removing stm32g0xx_hal_uart.o(.ARM.exidx.text.UART_TxISR_16BIT_FIFOEN), (8 bytes).
    Removing stm32g0xx_hal_uart.o(.text.UART_TxISR_8BIT_FIFOEN), (210 bytes).
    Removing stm32g0xx_hal_uart.o(.ARM.exidx.text.UART_TxISR_8BIT_FIFOEN), (8 bytes).
    Removing stm32g0xx_hal_uart.o(.text.UART_TxISR_16BIT), (172 bytes).
    Removing stm32g0xx_hal_uart.o(.ARM.exidx.text.UART_TxISR_16BIT), (8 bytes).
    Removing stm32g0xx_hal_uart.o(.text.UART_TxISR_8BIT), (158 bytes).
    Removing stm32g0xx_hal_uart.o(.ARM.exidx.text.UART_TxISR_8BIT), (8 bytes).
    Removing stm32g0xx_hal_uart.o(.text.HAL_UART_Receive_IT), (198 bytes).
    Removing stm32g0xx_hal_uart.o(.ARM.exidx.text.HAL_UART_Receive_IT), (8 bytes).
    Removing stm32g0xx_hal_uart.o(.text.UART_Start_Receive_IT), (604 bytes).
    Removing stm32g0xx_hal_uart.o(.ARM.exidx.text.UART_Start_Receive_IT), (8 bytes).
    Removing stm32g0xx_hal_uart.o(.ARM.exidx.text.HAL_UART_Transmit_DMA), (8 bytes).
    Removing stm32g0xx_hal_uart.o(.ARM.exidx.text.UART_DMATransmitCplt), (8 bytes).
    Removing stm32g0xx_hal_uart.o(.ARM.exidx.text.UART_DMATxHalfCplt), (8 bytes).
    Removing stm32g0xx_hal_uart.o(.ARM.exidx.text.UART_DMAError), (8 bytes).
    Removing stm32g0xx_hal_uart.o(.text.HAL_UART_Receive_DMA), (198 bytes).
    Removing stm32g0xx_hal_uart.o(.ARM.exidx.text.HAL_UART_Receive_DMA), (8 bytes).
    Removing stm32g0xx_hal_uart.o(.text.UART_Start_Receive_DMA), (316 bytes).
    Removing stm32g0xx_hal_uart.o(.ARM.exidx.text.UART_Start_Receive_DMA), (8 bytes).
    Removing stm32g0xx_hal_uart.o(.text.HAL_UART_DMAPause), (256 bytes).
    Removing stm32g0xx_hal_uart.o(.ARM.exidx.text.HAL_UART_DMAPause), (8 bytes).
    Removing stm32g0xx_hal_uart.o(.text.HAL_UART_DMAResume), (240 bytes).
    Removing stm32g0xx_hal_uart.o(.ARM.exidx.text.HAL_UART_DMAResume), (8 bytes).
    Removing stm32g0xx_hal_uart.o(.text.HAL_UART_DMAStop), (312 bytes).
    Removing stm32g0xx_hal_uart.o(.ARM.exidx.text.HAL_UART_DMAStop), (8 bytes).
    Removing stm32g0xx_hal_uart.o(.ARM.exidx.text.UART_EndTxTransfer), (8 bytes).
    Removing stm32g0xx_hal_uart.o(.ARM.exidx.text.UART_EndRxTransfer), (8 bytes).
    Removing stm32g0xx_hal_uart.o(.text.HAL_UART_Abort), (512 bytes).
    Removing stm32g0xx_hal_uart.o(.ARM.exidx.text.HAL_UART_Abort), (8 bytes).
    Removing stm32g0xx_hal_uart.o(.text.HAL_UART_AbortTransmit), (278 bytes).
    Removing stm32g0xx_hal_uart.o(.ARM.exidx.text.HAL_UART_AbortTransmit), (8 bytes).
    Removing stm32g0xx_hal_uart.o(.text.HAL_UART_AbortReceive), (344 bytes).
    Removing stm32g0xx_hal_uart.o(.ARM.exidx.text.HAL_UART_AbortReceive), (8 bytes).
    Removing stm32g0xx_hal_uart.o(.text.HAL_UART_Abort_IT), (596 bytes).
    Removing stm32g0xx_hal_uart.o(.ARM.exidx.text.HAL_UART_Abort_IT), (8 bytes).
    Removing stm32g0xx_hal_uart.o(.text.UART_DMATxAbortCallback), (126 bytes).
    Removing stm32g0xx_hal_uart.o(.ARM.exidx.text.UART_DMATxAbortCallback), (8 bytes).
    Removing stm32g0xx_hal_uart.o(.text.UART_DMARxAbortCallback), (106 bytes).
    Removing stm32g0xx_hal_uart.o(.ARM.exidx.text.UART_DMARxAbortCallback), (8 bytes).
    Removing stm32g0xx_hal_uart.o(.text.HAL_UART_AbortCpltCallback), (8 bytes).
    Removing stm32g0xx_hal_uart.o(.ARM.exidx.text.HAL_UART_AbortCpltCallback), (8 bytes).
    Removing stm32g0xx_hal_uart.o(.text.HAL_UART_AbortTransmit_IT), (288 bytes).
    Removing stm32g0xx_hal_uart.o(.ARM.exidx.text.HAL_UART_AbortTransmit_IT), (8 bytes).
    Removing stm32g0xx_hal_uart.o(.text.UART_DMATxOnlyAbortCallback), (58 bytes).
    Removing stm32g0xx_hal_uart.o(.ARM.exidx.text.UART_DMATxOnlyAbortCallback), (8 bytes).
    Removing stm32g0xx_hal_uart.o(.text.HAL_UART_AbortTransmitCpltCallback), (8 bytes).
    Removing stm32g0xx_hal_uart.o(.ARM.exidx.text.HAL_UART_AbortTransmitCpltCallback), (8 bytes).
    Removing stm32g0xx_hal_uart.o(.text.HAL_UART_AbortReceive_IT), (364 bytes).
    Removing stm32g0xx_hal_uart.o(.ARM.exidx.text.HAL_UART_AbortReceive_IT), (8 bytes).
    Removing stm32g0xx_hal_uart.o(.text.UART_DMARxOnlyAbortCallback), (56 bytes).
    Removing stm32g0xx_hal_uart.o(.ARM.exidx.text.UART_DMARxOnlyAbortCallback), (8 bytes).
    Removing stm32g0xx_hal_uart.o(.text.HAL_UART_AbortReceiveCpltCallback), (8 bytes).
    Removing stm32g0xx_hal_uart.o(.ARM.exidx.text.HAL_UART_AbortReceiveCpltCallback), (8 bytes).
    Removing stm32g0xx_hal_uart.o(.ARM.exidx.text.HAL_UART_IRQHandler), (8 bytes).
    Removing stm32g0xx_hal_uart.o(.ARM.exidx.text.UART_DMAAbortOnError), (8 bytes).
    Removing stm32g0xx_hal_uart.o(.ARM.exidx.text.HAL_UART_ErrorCallback), (8 bytes).
    Removing stm32g0xx_hal_uart.o(.ARM.exidx.text.HAL_UARTEx_RxEventCallback), (8 bytes).
    Removing stm32g0xx_hal_uart.o(.ARM.exidx.text.UART_EndTransmit_IT), (8 bytes).
    Removing stm32g0xx_hal_uart.o(.text.HAL_UART_TxCpltCallback), (8 bytes).
    Removing stm32g0xx_hal_uart.o(.ARM.exidx.text.HAL_UART_TxCpltCallback), (8 bytes).
    Removing stm32g0xx_hal_uart.o(.ARM.exidx.text.HAL_UART_TxHalfCpltCallback), (8 bytes).
    Removing stm32g0xx_hal_uart.o(.text.HAL_UART_RxCpltCallback), (8 bytes).
    Removing stm32g0xx_hal_uart.o(.ARM.exidx.text.HAL_UART_RxCpltCallback), (8 bytes).
    Removing stm32g0xx_hal_uart.o(.text.HAL_UART_RxHalfCpltCallback), (8 bytes).
    Removing stm32g0xx_hal_uart.o(.ARM.exidx.text.HAL_UART_RxHalfCpltCallback), (8 bytes).
    Removing stm32g0xx_hal_uart.o(.text.HAL_UART_ReceiverTimeout_Config), (32 bytes).
    Removing stm32g0xx_hal_uart.o(.ARM.exidx.text.HAL_UART_ReceiverTimeout_Config), (8 bytes).
    Removing stm32g0xx_hal_uart.o(.text.HAL_UART_EnableReceiverTimeout), (114 bytes).
    Removing stm32g0xx_hal_uart.o(.ARM.exidx.text.HAL_UART_EnableReceiverTimeout), (8 bytes).
    Removing stm32g0xx_hal_uart.o(.text.HAL_UART_DisableReceiverTimeout), (114 bytes).
    Removing stm32g0xx_hal_uart.o(.ARM.exidx.text.HAL_UART_DisableReceiverTimeout), (8 bytes).
    Removing stm32g0xx_hal_uart.o(.text.HAL_MultiProcessor_EnableMuteMode), (122 bytes).
    Removing stm32g0xx_hal_uart.o(.ARM.exidx.text.HAL_MultiProcessor_EnableMuteMode), (8 bytes).
    Removing stm32g0xx_hal_uart.o(.text.HAL_MultiProcessor_DisableMuteMode), (122 bytes).
    Removing stm32g0xx_hal_uart.o(.ARM.exidx.text.HAL_MultiProcessor_DisableMuteMode), (8 bytes).
    Removing stm32g0xx_hal_uart.o(.text.HAL_MultiProcessor_EnterMuteMode), (20 bytes).
    Removing stm32g0xx_hal_uart.o(.ARM.exidx.text.HAL_MultiProcessor_EnterMuteMode), (8 bytes).
    Removing stm32g0xx_hal_uart.o(.text.HAL_HalfDuplex_EnableTransmitter), (174 bytes).
    Removing stm32g0xx_hal_uart.o(.ARM.exidx.text.HAL_HalfDuplex_EnableTransmitter), (8 bytes).
    Removing stm32g0xx_hal_uart.o(.text.HAL_HalfDuplex_EnableReceiver), (174 bytes).
    Removing stm32g0xx_hal_uart.o(.ARM.exidx.text.HAL_HalfDuplex_EnableReceiver), (8 bytes).
    Removing stm32g0xx_hal_uart.o(.text.HAL_LIN_SendBreak), (92 bytes).
    Removing stm32g0xx_hal_uart.o(.ARM.exidx.text.HAL_LIN_SendBreak), (8 bytes).
    Removing stm32g0xx_hal_uart.o(.text.HAL_UART_GetState), (30 bytes).
    Removing stm32g0xx_hal_uart.o(.ARM.exidx.text.HAL_UART_GetState), (8 bytes).
    Removing stm32g0xx_hal_uart.o(.text.HAL_UART_GetError), (14 bytes).
    Removing stm32g0xx_hal_uart.o(.ARM.exidx.text.HAL_UART_GetError), (8 bytes).
    Removing stm32g0xx_hal_uart.o(.text.UART_RxISR_16BIT_FIFOEN), (792 bytes).
    Removing stm32g0xx_hal_uart.o(.ARM.exidx.text.UART_RxISR_16BIT_FIFOEN), (8 bytes).
    Removing stm32g0xx_hal_uart.o(.text.UART_RxISR_8BIT_FIFOEN), (788 bytes).
    Removing stm32g0xx_hal_uart.o(.ARM.exidx.text.UART_RxISR_8BIT_FIFOEN), (8 bytes).
    Removing stm32g0xx_hal_uart.o(.text.UART_RxISR_16BIT), (386 bytes).
    Removing stm32g0xx_hal_uart.o(.ARM.exidx.text.UART_RxISR_16BIT), (8 bytes).
    Removing stm32g0xx_hal_uart.o(.text.UART_RxISR_8BIT), (382 bytes).
    Removing stm32g0xx_hal_uart.o(.ARM.exidx.text.UART_RxISR_8BIT), (8 bytes).
    Removing stm32g0xx_hal_uart.o(.text.UART_DMAReceiveCplt), (312 bytes).
    Removing stm32g0xx_hal_uart.o(.ARM.exidx.text.UART_DMAReceiveCplt), (8 bytes).
    Removing stm32g0xx_hal_uart.o(.text.UART_DMARxHalfCplt), (104 bytes).
    Removing stm32g0xx_hal_uart.o(.ARM.exidx.text.UART_DMARxHalfCplt), (8 bytes).
    Removing stm32g0xx_hal_uart_ex.o(.text), (0 bytes).
    Removing stm32g0xx_hal_uart_ex.o(.text.HAL_RS485Ex_Init), (220 bytes).
    Removing stm32g0xx_hal_uart_ex.o(.ARM.exidx.text.HAL_RS485Ex_Init), (8 bytes).
    Removing stm32g0xx_hal_uart_ex.o(.ARM.exidx.text.HAL_UARTEx_WakeupCallback), (8 bytes).
    Removing stm32g0xx_hal_uart_ex.o(.ARM.exidx.text.HAL_UARTEx_RxFifoFullCallback), (8 bytes).
    Removing stm32g0xx_hal_uart_ex.o(.ARM.exidx.text.HAL_UARTEx_TxFifoEmptyCallback), (8 bytes).
    Removing stm32g0xx_hal_uart_ex.o(.text.HAL_MultiProcessorEx_AddressLength_Set), (94 bytes).
    Removing stm32g0xx_hal_uart_ex.o(.ARM.exidx.text.HAL_MultiProcessorEx_AddressLength_Set), (8 bytes).
    Removing stm32g0xx_hal_uart_ex.o(.text.HAL_UARTEx_StopModeWakeUpSourceConfig), (208 bytes).
    Removing stm32g0xx_hal_uart_ex.o(.ARM.exidx.text.HAL_UARTEx_StopModeWakeUpSourceConfig), (8 bytes).
    Removing stm32g0xx_hal_uart_ex.o(.text.UARTEx_Wakeup_AddressConfig), (58 bytes).
    Removing stm32g0xx_hal_uart_ex.o(.ARM.exidx.text.UARTEx_Wakeup_AddressConfig), (8 bytes).
    Removing stm32g0xx_hal_uart_ex.o(.text.HAL_UARTEx_EnableStopMode), (112 bytes).
    Removing stm32g0xx_hal_uart_ex.o(.ARM.exidx.text.HAL_UARTEx_EnableStopMode), (8 bytes).
    Removing stm32g0xx_hal_uart_ex.o(.text.HAL_UARTEx_DisableStopMode), (112 bytes).
    Removing stm32g0xx_hal_uart_ex.o(.ARM.exidx.text.HAL_UARTEx_DisableStopMode), (8 bytes).
    Removing stm32g0xx_hal_uart_ex.o(.text.HAL_UARTEx_EnableFifoMode), (132 bytes).
    Removing stm32g0xx_hal_uart_ex.o(.ARM.exidx.text.HAL_UARTEx_EnableFifoMode), (8 bytes).
    Removing stm32g0xx_hal_uart_ex.o(.ARM.exidx.text.UARTEx_SetNbDataToProcess), (8 bytes).
    Removing stm32g0xx_hal_uart_ex.o(.ARM.exidx.text.HAL_UARTEx_DisableFifoMode), (8 bytes).
    Removing stm32g0xx_hal_uart_ex.o(.ARM.exidx.text.HAL_UARTEx_SetTxFifoThreshold), (8 bytes).
    Removing stm32g0xx_hal_uart_ex.o(.ARM.exidx.text.HAL_UARTEx_SetRxFifoThreshold), (8 bytes).
    Removing stm32g0xx_hal_uart_ex.o(.text.HAL_UARTEx_ReceiveToIdle), (624 bytes).
    Removing stm32g0xx_hal_uart_ex.o(.ARM.exidx.text.HAL_UARTEx_ReceiveToIdle), (8 bytes).
    Removing stm32g0xx_hal_uart_ex.o(.text.HAL_UARTEx_ReceiveToIdle_IT), (224 bytes).
    Removing stm32g0xx_hal_uart_ex.o(.ARM.exidx.text.HAL_UARTEx_ReceiveToIdle_IT), (8 bytes).
    Removing stm32g0xx_hal_uart_ex.o(.text.HAL_UARTEx_ReceiveToIdle_DMA), (234 bytes).
    Removing stm32g0xx_hal_uart_ex.o(.ARM.exidx.text.HAL_UARTEx_ReceiveToIdle_DMA), (8 bytes).
    Removing stm32g0xx_hal_uart_ex.o(.text.HAL_UARTEx_GetRxEventType), (12 bytes).
    Removing stm32g0xx_hal_uart_ex.o(.ARM.exidx.text.HAL_UARTEx_GetRxEventType), (8 bytes).
    Removing system_stm32g0xx.o(.text), (0 bytes).
    Removing system_stm32g0xx.o(.ARM.exidx.text.SystemInit), (8 bytes).
    Removing system_stm32g0xx.o(.text.SystemCoreClockUpdate), (380 bytes).
    Removing system_stm32g0xx.o(.ARM.exidx.text.SystemCoreClockUpdate), (8 bytes).
    Removing myapp.o(.text), (0 bytes).
    Removing myapp.o(.ARM.exidx.text.test1), (8 bytes).
    Removing myapp.o(.ARM.exidx.text.My_App), (8 bytes).
    Removing myapp.o(.ARM.exidx.text.My_App_init), (8 bytes).
    Removing stm32printfuart.o(.text), (0 bytes).
    Removing stm32printfuart.o(.ARM.exidx.text.RingBuffer_Write), (8 bytes).
    Removing stm32printfuart.o(.text.RingBuffer_Read), (88 bytes).
    Removing stm32printfuart.o(.ARM.exidx.text.RingBuffer_Read), (8 bytes).
    Removing stm32printfuart.o(.text.Log), (62 bytes).
    Removing stm32printfuart.o(.ARM.exidx.text.Log), (8 bytes).
    Removing stm32printfuart.o(.text._write), (52 bytes).
    Removing stm32printfuart.o(.ARM.exidx.text._write), (8 bytes).
    Removing stm32printfuart.o(.ARM.exidx.text.fputc), (8 bytes).
    Removing stm32printfuart.o(.text.__io_putchar), (20 bytes).
    Removing stm32printfuart.o(.ARM.exidx.text.__io_putchar), (8 bytes).
    Removing stm32printfuart.o(.ARM.exidx.text.UART_TX_Task), (8 bytes).
    Removing stm32printfuart.o(.ARM.exidx.text.HAL_UART_TxCpltCallback), (8 bytes).

697 unused section(s) (total 52772 bytes) removed from the image.

==============================================================================

Image Symbol Table

    Local Symbols

    Symbol Name                              Value     Ov Type        Size  Object(Section)

    ../clib/division.s                       0x00000000   Number         0  aeabi_sdiv.o ABSOLUTE
    ../clib/division.s                       0x00000000   Number         0  aeabi_sdiv_div0.o ABSOLUTE
    ../clib/microlib/division.c              0x00000000   Number         0  uidiv.o ABSOLUTE
    ../clib/microlib/division.c              0x00000000   Number         0  uidiv_div0.o ABSOLUTE
    ../clib/microlib/division.c              0x00000000   Number         0  idiv_div0.o ABSOLUTE
    ../clib/microlib/division.c              0x00000000   Number         0  idiv0.o ABSOLUTE
    ../clib/microlib/division.c              0x00000000   Number         0  uldiv.o ABSOLUTE
    ../clib/microlib/init/entry.s            0x00000000   Number         0  entry.o ABSOLUTE
    ../clib/microlib/init/entry.s            0x00000000   Number         0  entry2.o ABSOLUTE
    ../clib/microlib/init/entry.s            0x00000000   Number         0  entry5.o ABSOLUTE
    ../clib/microlib/init/entry.s            0x00000000   Number         0  entry7a.o ABSOLUTE
    ../clib/microlib/init/entry.s            0x00000000   Number         0  entry7b.o ABSOLUTE
    ../clib/microlib/init/entry.s            0x00000000   Number         0  entry8a.o ABSOLUTE
    ../clib/microlib/init/entry.s            0x00000000   Number         0  entry8b.o ABSOLUTE
    ../clib/microlib/init/entry.s            0x00000000   Number         0  entry9a.o ABSOLUTE
    ../clib/microlib/init/entry.s            0x00000000   Number         0  entry9b.o ABSOLUTE
    ../clib/microlib/init/entry.s            0x00000000   Number         0  entry10a.o ABSOLUTE
    ../clib/microlib/init/entry.s            0x00000000   Number         0  entry10b.o ABSOLUTE
    ../clib/microlib/init/entry.s            0x00000000   Number         0  entry11a.o ABSOLUTE
    ../clib/microlib/init/entry.s            0x00000000   Number         0  entry11b.o ABSOLUTE
    ../clib/microlib/longlong.c              0x00000000   Number         0  llshl.o ABSOLUTE
    ../clib/microlib/longlong.c              0x00000000   Number         0  llushr.o ABSOLUTE
    ../clib/microlib/longlong.c              0x00000000   Number         0  llsshr.o ABSOLUTE
    ../clib/microlib/printf/printf.c         0x00000000   Number         0  printfa.o ABSOLUTE
    ../clib/microlib/stdio/streams.c         0x00000000   Number         0  stdout.o ABSOLUTE
    ../clib/microlib/string/memset.c         0x00000000   Number         0  memseta.o ABSOLUTE
    ../clib/microlib/string/strlen.c         0x00000000   Number         0  strlen.o ABSOLUTE
    ../clib/microlib/stubs.s                 0x00000000   Number         0  iusefp.o ABSOLUTE
    ../fplib/microlib/fpadd.c                0x00000000   Number         0  dadd.o ABSOLUTE
    ../fplib/microlib/fpdiv.c                0x00000000   Number         0  ddiv.o ABSOLUTE
    ../fplib/microlib/fpepilogue.c           0x00000000   Number         0  depilogue.o ABSOLUTE
    ../fplib/microlib/fpfix.c                0x00000000   Number         0  dfixul.o ABSOLUTE
    ../fplib/microlib/fpmul.c                0x00000000   Number         0  dmul.o ABSOLUTE
    MyApp.c                                  0x00000000   Number         0  myapp.o ABSOLUTE
    STM32PrintfUART.c                        0x00000000   Number         0  stm32printfuart.o ABSOLUTE
    cdrcmple.s                               0x00000000   Number         0  cdrcmple.o ABSOLUTE
    dc.s                                     0x00000000   Number         0  dc.o ABSOLUTE
    handlers.s                               0x00000000   Number         0  handlers.o ABSOLUTE
    init.s                                   0x00000000   Number         0  init.o ABSOLUTE
    main.c                                   0x00000000   Number         0  main.o ABSOLUTE
    startup_stm32g070xx.s                    0x00000000   Number         0  startup_stm32g070xx.o ABSOLUTE
    stm32g0xx_hal.c                          0x00000000   Number         0  stm32g0xx_hal.o ABSOLUTE
    stm32g0xx_hal_cortex.c                   0x00000000   Number         0  stm32g0xx_hal_cortex.o ABSOLUTE
    stm32g0xx_hal_dma.c                      0x00000000   Number         0  stm32g0xx_hal_dma.o ABSOLUTE
    stm32g0xx_hal_dma_ex.c                   0x00000000   Number         0  stm32g0xx_hal_dma_ex.o ABSOLUTE
    stm32g0xx_hal_exti.c                     0x00000000   Number         0  stm32g0xx_hal_exti.o ABSOLUTE
    stm32g0xx_hal_flash.c                    0x00000000   Number         0  stm32g0xx_hal_flash.o ABSOLUTE
    stm32g0xx_hal_flash_ex.c                 0x00000000   Number         0  stm32g0xx_hal_flash_ex.o ABSOLUTE
    stm32g0xx_hal_gpio.c                     0x00000000   Number         0  stm32g0xx_hal_gpio.o ABSOLUTE
    stm32g0xx_hal_i2c.c                      0x00000000   Number         0  stm32g0xx_hal_i2c.o ABSOLUTE
    stm32g0xx_hal_i2c_ex.c                   0x00000000   Number         0  stm32g0xx_hal_i2c_ex.o ABSOLUTE
    stm32g0xx_hal_msp.c                      0x00000000   Number         0  stm32g0xx_hal_msp.o ABSOLUTE
    stm32g0xx_hal_pwr.c                      0x00000000   Number         0  stm32g0xx_hal_pwr.o ABSOLUTE
    stm32g0xx_hal_pwr_ex.c                   0x00000000   Number         0  stm32g0xx_hal_pwr_ex.o ABSOLUTE
    stm32g0xx_hal_rcc.c                      0x00000000   Number         0  stm32g0xx_hal_rcc.o ABSOLUTE
    stm32g0xx_hal_rcc_ex.c                   0x00000000   Number         0  stm32g0xx_hal_rcc_ex.o ABSOLUTE
    stm32g0xx_hal_uart.c                     0x00000000   Number         0  stm32g0xx_hal_uart.o ABSOLUTE
    stm32g0xx_hal_uart_ex.c                  0x00000000   Number         0  stm32g0xx_hal_uart_ex.o ABSOLUTE
    stm32g0xx_it.c                           0x00000000   Number         0  stm32g0xx_it.o ABSOLUTE
    stm32g0xx_ll_rcc.c                       0x00000000   Number         0  stm32g0xx_ll_rcc.o ABSOLUTE
    system_stm32g0xx.c                       0x00000000   Number         0  system_stm32g0xx.o ABSOLUTE
    RESET                                    0x08000000   Section      184  startup_stm32g070xx.o(RESET)
    .ARM.Collect$$$$00000000                 0x080000b8   Section        0  entry.o(.ARM.Collect$$$$00000000)
    .ARM.Collect$$$$00000001                 0x080000b8   Section        4  entry2.o(.ARM.Collect$$$$00000001)
    .ARM.Collect$$$$00000004                 0x080000bc   Section        4  entry5.o(.ARM.Collect$$$$00000004)
    .ARM.Collect$$$$00000008                 0x080000c0   Section        0  entry7b.o(.ARM.Collect$$$$00000008)
    .ARM.Collect$$$$0000000A                 0x080000c0   Section        0  entry8b.o(.ARM.Collect$$$$0000000A)
    .ARM.Collect$$$$0000000B                 0x080000c0   Section        8  entry9a.o(.ARM.Collect$$$$0000000B)
    __lit__00000000                          0x080000c8   Data           4  entry2.o(.ARM.Collect$$$$00002712)
    .ARM.Collect$$$$0000000D                 0x080000c8   Section        0  entry10a.o(.ARM.Collect$$$$0000000D)
    .ARM.Collect$$$$0000000F                 0x080000c8   Section        0  entry11a.o(.ARM.Collect$$$$0000000F)
    .ARM.Collect$$$$00002712                 0x080000c8   Section        4  entry2.o(.ARM.Collect$$$$00002712)
    .text                                    0x080000cc   Section       28  startup_stm32g070xx.o(.text)
    .text                                    0x080000e8   Section        0  memseta.o(.text)
    .text                                    0x0800010c   Section        0  uidiv_div0.o(.text)
    .text                                    0x0800014a   Section        0  uldiv.o(.text)
    .text                                    0x080001aa   Section        0  iusefp.o(.text)
    .text                                    0x080001ac   Section        0  dadd.o(.text)
    .text                                    0x08000310   Section        0  dmul.o(.text)
    .text                                    0x080003e0   Section        0  ddiv.o(.text)
    .text                                    0x080004d0   Section        0  dfixul.o(.text)
    .text                                    0x08000510   Section       40  cdrcmple.o(.text)
    .text                                    0x08000538   Section       48  init.o(.text)
    .text                                    0x08000568   Section        0  llshl.o(.text)
    .text                                    0x08000588   Section        0  llushr.o(.text)
    .text                                    0x080005aa   Section        0  llsshr.o(.text)
    .text                                    0x080005d0   Section        0  depilogue.o(.text)
    [Anonymous Symbol]                       0x08000690   Section        0  stm32g0xx_it.o(.text.DMA1_Channel1_IRQHandler)
    __arm_cp.7_0                             0x0800069c   Number         4  stm32g0xx_it.o(.text.DMA1_Channel1_IRQHandler)
    DMA_CalcDMAMUXChannelBaseAndMask         0x080006a1   Thumb Code    60  stm32g0xx_hal_dma.o(.text.DMA_CalcDMAMUXChannelBaseAndMask)
    [Anonymous Symbol]                       0x080006a0   Section        0  stm32g0xx_hal_dma.o(.text.DMA_CalcDMAMUXChannelBaseAndMask)
    __arm_cp.1_0                             0x080006dc   Number         4  stm32g0xx_hal_dma.o(.text.DMA_CalcDMAMUXChannelBaseAndMask)
    __arm_cp.1_1                             0x080006e0   Number         4  stm32g0xx_hal_dma.o(.text.DMA_CalcDMAMUXChannelBaseAndMask)
    DMA_CalcDMAMUXRequestGenBaseAndMask      0x080006e5   Thumb Code    52  stm32g0xx_hal_dma.o(.text.DMA_CalcDMAMUXRequestGenBaseAndMask)
    [Anonymous Symbol]                       0x080006e4   Section        0  stm32g0xx_hal_dma.o(.text.DMA_CalcDMAMUXRequestGenBaseAndMask)
    __arm_cp.2_0                             0x08000718   Number         4  stm32g0xx_hal_dma.o(.text.DMA_CalcDMAMUXRequestGenBaseAndMask)
    __arm_cp.2_1                             0x0800071c   Number         4  stm32g0xx_hal_dma.o(.text.DMA_CalcDMAMUXRequestGenBaseAndMask)
    DMA_SetConfig                            0x08000721   Thumb Code   116  stm32g0xx_hal_dma.o(.text.DMA_SetConfig)
    [Anonymous Symbol]                       0x08000720   Section        0  stm32g0xx_hal_dma.o(.text.DMA_SetConfig)
    [Anonymous Symbol]                       0x08000794   Section        0  stm32g0xx_it.o(.text.EXTI0_1_IRQHandler)
    [Anonymous Symbol]                       0x0800079e   Section        0  stm32g0xx_it.o(.text.EXTI4_15_IRQHandler)
    [Anonymous Symbol]                       0x080007d0   Section        0  main.o(.text.Error_Handler)
    [Anonymous Symbol]                       0x080007e0   Section        0  stm32g0xx_hal_dma.o(.text.HAL_DMA_Abort)
    [Anonymous Symbol]                       0x080008a0   Section        0  stm32g0xx_hal_dma.o(.text.HAL_DMA_Abort_IT)
    [Anonymous Symbol]                       0x08000958   Section        0  stm32g0xx_hal_dma.o(.text.HAL_DMA_IRQHandler)
    __arm_cp.10_0                            0x08000ac0   Number         4  stm32g0xx_hal_dma.o(.text.HAL_DMA_IRQHandler)
    __arm_cp.10_1                            0x08000ac4   Number         4  stm32g0xx_hal_dma.o(.text.HAL_DMA_IRQHandler)
    [Anonymous Symbol]                       0x08000ac8   Section        0  stm32g0xx_hal_dma.o(.text.HAL_DMA_Init)
    __arm_cp.0_0                             0x08000bc4   Number         4  stm32g0xx_hal_dma.o(.text.HAL_DMA_Init)
    __arm_cp.0_1                             0x08000bc8   Number         4  stm32g0xx_hal_dma.o(.text.HAL_DMA_Init)
    [Anonymous Symbol]                       0x08000bcc   Section        0  stm32g0xx_hal_dma.o(.text.HAL_DMA_Start_IT)
    [Anonymous Symbol]                       0x08000cd4   Section        0  stm32g0xx_hal.o(.text.HAL_Delay)
    __arm_cp.10_0                            0x08000d14   Number         4  stm32g0xx_hal.o(.text.HAL_Delay)
    [Anonymous Symbol]                       0x08000d18   Section        0  stm32g0xx_hal_gpio.o(.text.HAL_GPIO_EXTI_Falling_Callback)
    [Anonymous Symbol]                       0x08000d24   Section        0  stm32g0xx_hal_gpio.o(.text.HAL_GPIO_EXTI_IRQHandler)
    __arm_cp.6_0                             0x08000d6c   Number         4  stm32g0xx_hal_gpio.o(.text.HAL_GPIO_EXTI_IRQHandler)
    __arm_cp.6_1                             0x08000d70   Number         4  stm32g0xx_hal_gpio.o(.text.HAL_GPIO_EXTI_IRQHandler)
    [Anonymous Symbol]                       0x08000d74   Section        0  stm32g0xx_hal_gpio.o(.text.HAL_GPIO_EXTI_Rising_Callback)
    [Anonymous Symbol]                       0x08000d80   Section        0  stm32g0xx_hal_gpio.o(.text.HAL_GPIO_Init)
    __arm_cp.0_0                             0x08001030   Number         4  stm32g0xx_hal_gpio.o(.text.HAL_GPIO_Init)
    __arm_cp.0_1                             0x08001034   Number         4  stm32g0xx_hal_gpio.o(.text.HAL_GPIO_Init)
    __arm_cp.0_2                             0x08001038   Number         4  stm32g0xx_hal_gpio.o(.text.HAL_GPIO_Init)
    __arm_cp.0_3                             0x0800103c   Number         4  stm32g0xx_hal_gpio.o(.text.HAL_GPIO_Init)
    __arm_cp.0_4                             0x08001040   Number         4  stm32g0xx_hal_gpio.o(.text.HAL_GPIO_Init)
    __arm_cp.0_5                             0x08001044   Number         4  stm32g0xx_hal_gpio.o(.text.HAL_GPIO_Init)
    __arm_cp.0_6                             0x08001048   Number         4  stm32g0xx_hal_gpio.o(.text.HAL_GPIO_Init)
    __arm_cp.0_7                             0x0800104c   Number         4  stm32g0xx_hal_gpio.o(.text.HAL_GPIO_Init)
    [Anonymous Symbol]                       0x08001050   Section        0  stm32g0xx_hal_gpio.o(.text.HAL_GPIO_TogglePin)
    [Anonymous Symbol]                       0x08001074   Section        0  stm32g0xx_hal_gpio.o(.text.HAL_GPIO_WritePin)
    [Anonymous Symbol]                       0x080010a0   Section        0  stm32g0xx_hal.o(.text.HAL_GetTick)
    [Anonymous Symbol]                       0x080010a8   Section        0  stm32g0xx_hal_i2c_ex.o(.text.HAL_I2CEx_ConfigAnalogFilter)
    [Anonymous Symbol]                       0x0800113e   Section        0  stm32g0xx_hal_i2c_ex.o(.text.HAL_I2CEx_ConfigDigitalFilter)
    [Anonymous Symbol]                       0x080011e0   Section        0  stm32g0xx_hal_i2c.o(.text.HAL_I2C_Init)
    __arm_cp.0_0                             0x080012fc   Number         4  stm32g0xx_hal_i2c.o(.text.HAL_I2C_Init)
    [Anonymous Symbol]                       0x08001300   Section        0  stm32g0xx_hal_msp.o(.text.HAL_I2C_MspInit)
    __arm_cp.1_0                             0x08001370   Number         4  stm32g0xx_hal_msp.o(.text.HAL_I2C_MspInit)
    __arm_cp.1_1                             0x08001374   Number         4  stm32g0xx_hal_msp.o(.text.HAL_I2C_MspInit)
    __arm_cp.1_2                             0x08001378   Number         4  stm32g0xx_hal_msp.o(.text.HAL_I2C_MspInit)
    [Anonymous Symbol]                       0x0800137c   Section        0  stm32g0xx_hal.o(.text.HAL_IncTick)
    __arm_cp.5_1                             0x0800138c   Number         4  stm32g0xx_hal.o(.text.HAL_IncTick)
    [Anonymous Symbol]                       0x08001390   Section        0  stm32g0xx_hal.o(.text.HAL_Init)
    __arm_cp.0_0                             0x080013c8   Number         4  stm32g0xx_hal.o(.text.HAL_Init)
    [Anonymous Symbol]                       0x080013cc   Section        0  stm32g0xx_hal.o(.text.HAL_InitTick)
    __arm_cp.1_0                             0x08001444   Number         4  stm32g0xx_hal.o(.text.HAL_InitTick)
    __arm_cp.1_2                             0x08001448   Number         4  stm32g0xx_hal.o(.text.HAL_InitTick)
    [Anonymous Symbol]                       0x0800144c   Section        0  stm32g0xx_hal_msp.o(.text.HAL_MspInit)
    __arm_cp.0_0                             0x08001480   Number         4  stm32g0xx_hal_msp.o(.text.HAL_MspInit)
    __arm_cp.0_1                             0x08001484   Number         4  stm32g0xx_hal_msp.o(.text.HAL_MspInit)
    [Anonymous Symbol]                       0x08001488   Section        0  stm32g0xx_hal_cortex.o(.text.HAL_NVIC_EnableIRQ)
    [Anonymous Symbol]                       0x0800149e   Section        0  stm32g0xx_hal_cortex.o(.text.HAL_NVIC_SetPriority)
    [Anonymous Symbol]                       0x080014bc   Section        0  stm32g0xx_hal_pwr_ex.o(.text.HAL_PWREx_ControlVoltageScaling)
    __arm_cp.13_1                            0x0800152c   Number         4  stm32g0xx_hal_pwr_ex.o(.text.HAL_PWREx_ControlVoltageScaling)
    __arm_cp.13_2                            0x08001530   Number         4  stm32g0xx_hal_pwr_ex.o(.text.HAL_PWREx_ControlVoltageScaling)
    __arm_cp.13_3                            0x08001534   Number         4  stm32g0xx_hal_pwr_ex.o(.text.HAL_PWREx_ControlVoltageScaling)
    [Anonymous Symbol]                       0x08001538   Section        0  stm32g0xx_hal_rcc_ex.o(.text.HAL_RCCEx_PeriphCLKConfig)
    __arm_cp.0_0                             0x0800176c   Number         4  stm32g0xx_hal_rcc_ex.o(.text.HAL_RCCEx_PeriphCLKConfig)
    __arm_cp.0_1                             0x08001770   Number         4  stm32g0xx_hal_rcc_ex.o(.text.HAL_RCCEx_PeriphCLKConfig)
    __arm_cp.0_2                             0x08001774   Number         4  stm32g0xx_hal_rcc_ex.o(.text.HAL_RCCEx_PeriphCLKConfig)
    __arm_cp.0_4                             0x08001778   Number         4  stm32g0xx_hal_rcc_ex.o(.text.HAL_RCCEx_PeriphCLKConfig)
    __arm_cp.0_5                             0x0800177c   Number         4  stm32g0xx_hal_rcc_ex.o(.text.HAL_RCCEx_PeriphCLKConfig)
    [Anonymous Symbol]                       0x08001780   Section        0  stm32g0xx_hal_rcc.o(.text.HAL_RCC_ClockConfig)
    __arm_cp.2_0                             0x080019bc   Number         4  stm32g0xx_hal_rcc.o(.text.HAL_RCC_ClockConfig)
    __arm_cp.2_2                             0x080019c0   Number         4  stm32g0xx_hal_rcc.o(.text.HAL_RCC_ClockConfig)
    __arm_cp.2_3                             0x080019c4   Number         4  stm32g0xx_hal_rcc.o(.text.HAL_RCC_ClockConfig)
    __arm_cp.2_5                             0x080019c8   Number         4  stm32g0xx_hal_rcc.o(.text.HAL_RCC_ClockConfig)
    __arm_cp.2_7                             0x080019cc   Number         4  stm32g0xx_hal_rcc.o(.text.HAL_RCC_ClockConfig)
    __arm_cp.2_8                             0x080019d0   Number         4  stm32g0xx_hal_rcc.o(.text.HAL_RCC_ClockConfig)
    [Anonymous Symbol]                       0x080019d4   Section        0  stm32g0xx_hal_rcc.o(.text.HAL_RCC_GetHCLKFreq)
    __arm_cp.5_0                             0x080019dc   Number         4  stm32g0xx_hal_rcc.o(.text.HAL_RCC_GetHCLKFreq)
    [Anonymous Symbol]                       0x080019e0   Section        0  stm32g0xx_hal_rcc.o(.text.HAL_RCC_GetPCLK1Freq)
    __arm_cp.6_0                             0x08001a04   Number         4  stm32g0xx_hal_rcc.o(.text.HAL_RCC_GetPCLK1Freq)
    [Anonymous Symbol]                       0x08001a08   Section        0  stm32g0xx_hal_rcc.o(.text.HAL_RCC_GetSysClockFreq)
    __arm_cp.3_0                             0x08001b14   Number         4  stm32g0xx_hal_rcc.o(.text.HAL_RCC_GetSysClockFreq)
    __arm_cp.3_1                             0x08001b18   Number         4  stm32g0xx_hal_rcc.o(.text.HAL_RCC_GetSysClockFreq)
    __arm_cp.3_2                             0x08001b1c   Number         4  stm32g0xx_hal_rcc.o(.text.HAL_RCC_GetSysClockFreq)
    __arm_cp.3_3                             0x08001b20   Number         4  stm32g0xx_hal_rcc.o(.text.HAL_RCC_GetSysClockFreq)
    __arm_cp.3_4                             0x08001b24   Number         4  stm32g0xx_hal_rcc.o(.text.HAL_RCC_GetSysClockFreq)
    [Anonymous Symbol]                       0x08001b28   Section        0  stm32g0xx_hal_rcc.o(.text.HAL_RCC_OscConfig)
    __arm_cp.1_17                            0x08001f5c   Number         4  stm32g0xx_hal_rcc.o(.text.HAL_RCC_OscConfig)
    __arm_cp.1_18                            0x08001f60   Number         4  stm32g0xx_hal_rcc.o(.text.HAL_RCC_OscConfig)
    __arm_cp.1_19                            0x08001f64   Number         4  stm32g0xx_hal_rcc.o(.text.HAL_RCC_OscConfig)
    __arm_cp.1_20                            0x08001f68   Number         4  stm32g0xx_hal_rcc.o(.text.HAL_RCC_OscConfig)
    __arm_cp.1_0                             0x0800219c   Number         4  stm32g0xx_hal_rcc.o(.text.HAL_RCC_OscConfig)
    __arm_cp.1_1                             0x080021a0   Number         4  stm32g0xx_hal_rcc.o(.text.HAL_RCC_OscConfig)
    __arm_cp.1_2                             0x080021a4   Number         4  stm32g0xx_hal_rcc.o(.text.HAL_RCC_OscConfig)
    __arm_cp.1_7                             0x080021a8   Number         4  stm32g0xx_hal_rcc.o(.text.HAL_RCC_OscConfig)
    __arm_cp.1_8                             0x080021ac   Number         4  stm32g0xx_hal_rcc.o(.text.HAL_RCC_OscConfig)
    __arm_cp.1_9                             0x080021b0   Number         4  stm32g0xx_hal_rcc.o(.text.HAL_RCC_OscConfig)
    __arm_cp.1_10                            0x080021b4   Number         4  stm32g0xx_hal_rcc.o(.text.HAL_RCC_OscConfig)
    __arm_cp.1_11                            0x080021b8   Number         4  stm32g0xx_hal_rcc.o(.text.HAL_RCC_OscConfig)
    __arm_cp.1_12                            0x080021bc   Number         4  stm32g0xx_hal_rcc.o(.text.HAL_RCC_OscConfig)
    __arm_cp.1_13                            0x080021c0   Number         4  stm32g0xx_hal_rcc.o(.text.HAL_RCC_OscConfig)
    [Anonymous Symbol]                       0x080021c4   Section        0  stm32g0xx_hal_cortex.o(.text.HAL_SYSTICK_Config)
    [Anonymous Symbol]                       0x080021d4   Section        0  stm32g0xx_hal_uart_ex.o(.text.HAL_UARTEx_DisableFifoMode)
    [Anonymous Symbol]                       0x0800224e   Section        0  stm32g0xx_hal_uart.o(.text.HAL_UARTEx_RxEventCallback)
    [Anonymous Symbol]                       0x0800225a   Section        0  stm32g0xx_hal_uart_ex.o(.text.HAL_UARTEx_RxFifoFullCallback)
    [Anonymous Symbol]                       0x08002262   Section        0  stm32g0xx_hal_uart_ex.o(.text.HAL_UARTEx_SetRxFifoThreshold)
    [Anonymous Symbol]                       0x080022f2   Section        0  stm32g0xx_hal_uart_ex.o(.text.HAL_UARTEx_SetTxFifoThreshold)
    [Anonymous Symbol]                       0x08002382   Section        0  stm32g0xx_hal_uart_ex.o(.text.HAL_UARTEx_TxFifoEmptyCallback)
    [Anonymous Symbol]                       0x0800238a   Section        0  stm32g0xx_hal_uart_ex.o(.text.HAL_UARTEx_WakeupCallback)
    [Anonymous Symbol]                       0x08002392   Section        0  stm32g0xx_hal_uart.o(.text.HAL_UART_ErrorCallback)
    [Anonymous Symbol]                       0x0800239c   Section        0  stm32g0xx_hal_uart.o(.text.HAL_UART_IRQHandler)
    __arm_cp.44_5                            0x08002798   Number         4  stm32g0xx_hal_uart.o(.text.HAL_UART_IRQHandler)
    __arm_cp.44_6                            0x0800279c   Number         4  stm32g0xx_hal_uart.o(.text.HAL_UART_IRQHandler)
    __arm_cp.44_7                            0x080027a0   Number         4  stm32g0xx_hal_uart.o(.text.HAL_UART_IRQHandler)
    __arm_cp.44_3                            0x08002958   Number         4  stm32g0xx_hal_uart.o(.text.HAL_UART_IRQHandler)
    __arm_cp.44_4                            0x0800295c   Number         4  stm32g0xx_hal_uart.o(.text.HAL_UART_IRQHandler)
    [Anonymous Symbol]                       0x08002960   Section        0  stm32g0xx_hal_uart.o(.text.HAL_UART_Init)
    [Anonymous Symbol]                       0x08002a14   Section        0  stm32g0xx_hal_msp.o(.text.HAL_UART_MspInit)
    __arm_cp.3_1                             0x08002b04   Number         4  stm32g0xx_hal_msp.o(.text.HAL_UART_MspInit)
    __arm_cp.3_2                             0x08002b08   Number         4  stm32g0xx_hal_msp.o(.text.HAL_UART_MspInit)
    __arm_cp.3_3                             0x08002b0c   Number         4  stm32g0xx_hal_msp.o(.text.HAL_UART_MspInit)
    __arm_cp.3_4                             0x08002b10   Number         4  stm32g0xx_hal_msp.o(.text.HAL_UART_MspInit)
    __arm_cp.3_5                             0x08002b14   Number         4  stm32g0xx_hal_msp.o(.text.HAL_UART_MspInit)
    [Anonymous Symbol]                       0x08002b18   Section        0  stm32g0xx_hal_uart.o(.text.HAL_UART_Transmit_DMA)
    __arm_cp.20_0                            0x08002c48   Number         4  stm32g0xx_hal_uart.o(.text.HAL_UART_Transmit_DMA)
    __arm_cp.20_1                            0x08002c4c   Number         4  stm32g0xx_hal_uart.o(.text.HAL_UART_Transmit_DMA)
    __arm_cp.20_2                            0x08002c50   Number         4  stm32g0xx_hal_uart.o(.text.HAL_UART_Transmit_DMA)
    [Anonymous Symbol]                       0x08002c54   Section        0  stm32printfuart.o(.text.HAL_UART_TxCpltCallback)
    __arm_cp.7_0                             0x08002c78   Number         4  stm32printfuart.o(.text.HAL_UART_TxCpltCallback)
    __arm_cp.7_1                             0x08002c7c   Number         4  stm32printfuart.o(.text.HAL_UART_TxCpltCallback)
    [Anonymous Symbol]                       0x08002c80   Section        0  stm32g0xx_hal_uart.o(.text.HAL_UART_TxHalfCpltCallback)
    [Anonymous Symbol]                       0x08002c88   Section        0  stm32g0xx_it.o(.text.HardFault_Handler)
    LL_RCC_GetAPB1Prescaler                  0x08002c8d   Thumb Code    12  stm32g0xx_hal_rcc.o(.text.LL_RCC_GetAPB1Prescaler)
    [Anonymous Symbol]                       0x08002c8c   Section        0  stm32g0xx_hal_rcc.o(.text.LL_RCC_GetAPB1Prescaler)
    __arm_cp.7_0                             0x08002c98   Number         4  stm32g0xx_hal_rcc.o(.text.LL_RCC_GetAPB1Prescaler)
    MX_DMA_Init                              0x08002c9d   Thumb Code    48  main.o(.text.MX_DMA_Init)
    [Anonymous Symbol]                       0x08002c9c   Section        0  main.o(.text.MX_DMA_Init)
    __arm_cp.3_0                             0x08002ccc   Number         4  main.o(.text.MX_DMA_Init)
    MX_GPIO_Init                             0x08002cd1   Thumb Code   536  main.o(.text.MX_GPIO_Init)
    [Anonymous Symbol]                       0x08002cd0   Section        0  main.o(.text.MX_GPIO_Init)
    __arm_cp.2_0                             0x08002ee8   Number         4  main.o(.text.MX_GPIO_Init)
    __arm_cp.2_1                             0x08002eec   Number         4  main.o(.text.MX_GPIO_Init)
    __arm_cp.2_2                             0x08002ef0   Number         4  main.o(.text.MX_GPIO_Init)
    __arm_cp.2_3                             0x08002ef4   Number         4  main.o(.text.MX_GPIO_Init)
    __arm_cp.2_4                             0x08002ef8   Number         4  main.o(.text.MX_GPIO_Init)
    __arm_cp.2_5                             0x08002efc   Number         4  main.o(.text.MX_GPIO_Init)
    __arm_cp.2_6                             0x08002f00   Number         4  main.o(.text.MX_GPIO_Init)
    __arm_cp.2_7                             0x08002f04   Number         4  main.o(.text.MX_GPIO_Init)
    __arm_cp.2_8                             0x08002f08   Number         4  main.o(.text.MX_GPIO_Init)
    __arm_cp.2_9                             0x08002f0c   Number         4  main.o(.text.MX_GPIO_Init)
    MX_I2C2_Init                             0x08002f11   Thumb Code    96  main.o(.text.MX_I2C2_Init)
    [Anonymous Symbol]                       0x08002f10   Section        0  main.o(.text.MX_I2C2_Init)
    __arm_cp.4_0                             0x08002f70   Number         4  main.o(.text.MX_I2C2_Init)
    __arm_cp.4_1                             0x08002f74   Number         4  main.o(.text.MX_I2C2_Init)
    __arm_cp.4_2                             0x08002f78   Number         4  main.o(.text.MX_I2C2_Init)
    MX_USART1_UART_Init                      0x08002f7d   Thumb Code   120  main.o(.text.MX_USART1_UART_Init)
    [Anonymous Symbol]                       0x08002f7c   Section        0  main.o(.text.MX_USART1_UART_Init)
    __arm_cp.5_0                             0x08002ff4   Number         4  main.o(.text.MX_USART1_UART_Init)
    __arm_cp.5_1                             0x08002ff8   Number         4  main.o(.text.MX_USART1_UART_Init)
    [Anonymous Symbol]                       0x08002ffc   Section        0  myapp.o(.text.My_App)
    __arm_cp.1_0                             0x08003014   Number         4  myapp.o(.text.My_App)
    [Anonymous Symbol]                       0x08003018   Section        0  myapp.o(.text.My_App_init)
    __arm_cp.2_0                             0x08003028   Number         4  myapp.o(.text.My_App_init)
    [Anonymous Symbol]                       0x0800302c   Section        0  stm32g0xx_it.o(.text.NMI_Handler)
    [Anonymous Symbol]                       0x08003030   Section        0  stm32g0xx_it.o(.text.PendSV_Handler)
    [Anonymous Symbol]                       0x08003034   Section        0  stm32printfuart.o(.text.RingBuffer_Write)
    __arm_cp.0_0                             0x08003074   Number         4  stm32printfuart.o(.text.RingBuffer_Write)
    __arm_cp.0_1                             0x08003078   Number         4  stm32printfuart.o(.text.RingBuffer_Write)
    __arm_cp.0_2                             0x0800307c   Number         4  stm32printfuart.o(.text.RingBuffer_Write)
    __arm_cp.0_3                             0x08003080   Number         4  stm32printfuart.o(.text.RingBuffer_Write)
    [Anonymous Symbol]                       0x08003084   Section        0  stm32g0xx_it.o(.text.SVC_Handler)
    SysTick_Config                           0x08003089   Thumb Code    68  stm32g0xx_hal_cortex.o(.text.SysTick_Config)
    [Anonymous Symbol]                       0x08003088   Section        0  stm32g0xx_hal_cortex.o(.text.SysTick_Config)
    __arm_cp.9_0                             0x080030cc   Number         4  stm32g0xx_hal_cortex.o(.text.SysTick_Config)
    __arm_cp.9_1                             0x080030d0   Number         4  stm32g0xx_hal_cortex.o(.text.SysTick_Config)
    __arm_cp.9_2                             0x080030d4   Number         4  stm32g0xx_hal_cortex.o(.text.SysTick_Config)
    [Anonymous Symbol]                       0x080030d8   Section        0  stm32g0xx_it.o(.text.SysTick_Handler)
    [Anonymous Symbol]                       0x080030e0   Section        0  main.o(.text.SystemClock_Config)
    [Anonymous Symbol]                       0x0800314c   Section        0  system_stm32g0xx.o(.text.SystemInit)
    UARTEx_SetNbDataToProcess                0x08003151   Thumb Code   140  stm32g0xx_hal_uart_ex.o(.text.UARTEx_SetNbDataToProcess)
    [Anonymous Symbol]                       0x08003150   Section        0  stm32g0xx_hal_uart_ex.o(.text.UARTEx_SetNbDataToProcess)
    __arm_cp.10_0                            0x080031dc   Number         4  stm32g0xx_hal_uart_ex.o(.text.UARTEx_SetNbDataToProcess)
    __arm_cp.10_1                            0x080031e0   Number         4  stm32g0xx_hal_uart_ex.o(.text.UARTEx_SetNbDataToProcess)
    [Anonymous Symbol]                       0x080031e4   Section        0  stm32g0xx_hal_uart.o(.text.UART_AdvFeatureConfig)
    [Anonymous Symbol]                       0x08003340   Section        0  stm32g0xx_hal_uart.o(.text.UART_CheckIdleState)
    __arm_cp.4_0                             0x0800349c   Number         4  stm32g0xx_hal_uart.o(.text.UART_CheckIdleState)
    UART_DMAAbortOnError                     0x080034a1   Thumb Code    22  stm32g0xx_hal_uart.o(.text.UART_DMAAbortOnError)
    [Anonymous Symbol]                       0x080034a0   Section        0  stm32g0xx_hal_uart.o(.text.UART_DMAAbortOnError)
    UART_DMAError                            0x080034b7   Thumb Code   110  stm32g0xx_hal_uart.o(.text.UART_DMAError)
    [Anonymous Symbol]                       0x080034b6   Section        0  stm32g0xx_hal_uart.o(.text.UART_DMAError)
    UART_DMATransmitCplt                     0x08003525   Thumb Code   132  stm32g0xx_hal_uart.o(.text.UART_DMATransmitCplt)
    [Anonymous Symbol]                       0x08003524   Section        0  stm32g0xx_hal_uart.o(.text.UART_DMATransmitCplt)
    UART_DMATxHalfCplt                       0x080035a9   Thumb Code    22  stm32g0xx_hal_uart.o(.text.UART_DMATxHalfCplt)
    [Anonymous Symbol]                       0x080035a8   Section        0  stm32g0xx_hal_uart.o(.text.UART_DMATxHalfCplt)
    UART_EndRxTransfer                       0x080035c1   Thumb Code   180  stm32g0xx_hal_uart.o(.text.UART_EndRxTransfer)
    [Anonymous Symbol]                       0x080035c0   Section        0  stm32g0xx_hal_uart.o(.text.UART_EndRxTransfer)
    __arm_cp.30_0                            0x08003674   Number         4  stm32g0xx_hal_uart.o(.text.UART_EndRxTransfer)
    UART_EndTransmit_IT                      0x08003679   Thumb Code    76  stm32g0xx_hal_uart.o(.text.UART_EndTransmit_IT)
    [Anonymous Symbol]                       0x08003678   Section        0  stm32g0xx_hal_uart.o(.text.UART_EndTransmit_IT)
    UART_EndTxTransfer                       0x080036c5   Thumb Code   108  stm32g0xx_hal_uart.o(.text.UART_EndTxTransfer)
    [Anonymous Symbol]                       0x080036c4   Section        0  stm32g0xx_hal_uart.o(.text.UART_EndTxTransfer)
    [Anonymous Symbol]                       0x08003730   Section        0  stm32g0xx_hal_uart.o(.text.UART_SetConfig)
    __arm_cp.3_0                             0x08003a7c   Number         4  stm32g0xx_hal_uart.o(.text.UART_SetConfig)
    __arm_cp.3_1                             0x08003a80   Number         4  stm32g0xx_hal_uart.o(.text.UART_SetConfig)
    __arm_cp.3_2                             0x08003a84   Number         4  stm32g0xx_hal_uart.o(.text.UART_SetConfig)
    __arm_cp.3_3                             0x08003a88   Number         4  stm32g0xx_hal_uart.o(.text.UART_SetConfig)
    __arm_cp.3_4                             0x08003a8c   Number         4  stm32g0xx_hal_uart.o(.text.UART_SetConfig)
    __arm_cp.3_5                             0x08003a90   Number         4  stm32g0xx_hal_uart.o(.text.UART_SetConfig)
    __arm_cp.3_6                             0x08003a94   Number         4  stm32g0xx_hal_uart.o(.text.UART_SetConfig)
    __arm_cp.3_7                             0x08003a98   Number         4  stm32g0xx_hal_uart.o(.text.UART_SetConfig)
    __arm_cp.3_8                             0x08003a9c   Number         4  stm32g0xx_hal_uart.o(.text.UART_SetConfig)
    [Anonymous Symbol]                       0x08003aa0   Section        0  stm32printfuart.o(.text.UART_TX_Task)
    __arm_cp.6_0                             0x08003b7c   Number         4  stm32printfuart.o(.text.UART_TX_Task)
    __arm_cp.6_1                             0x08003b80   Number         4  stm32printfuart.o(.text.UART_TX_Task)
    __arm_cp.6_2                             0x08003b84   Number         4  stm32printfuart.o(.text.UART_TX_Task)
    __arm_cp.6_4                             0x08003b88   Number         4  stm32printfuart.o(.text.UART_TX_Task)
    __arm_cp.6_5                             0x08003b8c   Number         4  stm32printfuart.o(.text.UART_TX_Task)
    __arm_cp.6_6                             0x08003b90   Number         4  stm32printfuart.o(.text.UART_TX_Task)
    [Anonymous Symbol]                       0x08003b94   Section        0  stm32g0xx_hal_uart.o(.text.UART_WaitOnFlagUntilTimeout)
    [Anonymous Symbol]                       0x08003c9c   Section        0  stm32g0xx_it.o(.text.USART1_IRQHandler)
    __arm_cp.8_0                             0x08003ca8   Number         4  stm32g0xx_it.o(.text.USART1_IRQHandler)
    __NVIC_EnableIRQ                         0x08003cad   Thumb Code    40  stm32g0xx_hal_cortex.o(.text.__NVIC_EnableIRQ)
    [Anonymous Symbol]                       0x08003cac   Section        0  stm32g0xx_hal_cortex.o(.text.__NVIC_EnableIRQ)
    __arm_cp.3_0                             0x08003cd4   Number         4  stm32g0xx_hal_cortex.o(.text.__NVIC_EnableIRQ)
    __NVIC_SetPriority                       0x08003cd9   Thumb Code   124  stm32g0xx_hal_cortex.o(.text.__NVIC_SetPriority)
    [Anonymous Symbol]                       0x08003cd8   Section        0  stm32g0xx_hal_cortex.o(.text.__NVIC_SetPriority)
    __arm_cp.1_0                             0x08003d54   Number         4  stm32g0xx_hal_cortex.o(.text.__NVIC_SetPriority)
    __arm_cp.1_1                             0x08003d58   Number         4  stm32g0xx_hal_cortex.o(.text.__NVIC_SetPriority)
    [Anonymous Symbol]                       0x08003d5c   Section        0  stm32printfuart.o(.text.fputc)
    [Anonymous Symbol]                       0x08003d72   Section        0  main.o(.text.main)
    [Anonymous Symbol]                       0x08003da4   Section        0  myapp.o(.text.test1)
    __arm_cp.0_0                             0x08003e4c   Number         4  myapp.o(.text.test1)
    __arm_cp.0_1                             0x08003e50   Number         4  myapp.o(.text.test1)
    __arm_cp.0_2                             0x08003e54   Number         4  myapp.o(.text.test1)
    i.__0printf                              0x08003e58   Section        0  printfa.o(i.__0printf)
    i.__ARM_clz                              0x08003e78   Section        0  depilogue.o(i.__ARM_clz)
    i.__scatterload_copy                     0x08003ea6   Section       14  handlers.o(i.__scatterload_copy)
    i.__scatterload_null                     0x08003eb4   Section        2  handlers.o(i.__scatterload_null)
    i.__scatterload_zeroinit                 0x08003eb6   Section       14  handlers.o(i.__scatterload_zeroinit)
    _fp_digits                               0x08003ec5   Thumb Code   344  printfa.o(i._fp_digits)
    i._fp_digits                             0x08003ec4   Section        0  printfa.o(i._fp_digits)
    _printf_core                             0x08004039   Thumb Code  1754  printfa.o(i._printf_core)
    i._printf_core                           0x08004038   Section        0  printfa.o(i._printf_core)
    _printf_post_padding                     0x08004725   Thumb Code    32  printfa.o(i._printf_post_padding)
    i._printf_post_padding                   0x08004724   Section        0  printfa.o(i._printf_post_padding)
    _printf_pre_padding                      0x08004745   Thumb Code    44  printfa.o(i._printf_pre_padding)
    i._printf_pre_padding                    0x08004744   Section        0  printfa.o(i._printf_pre_padding)
    UARTEx_SetNbDataToProcess.denominator    0x080047d0   Data           8  stm32g0xx_hal_uart_ex.o(.rodata.UARTEx_SetNbDataToProcess.denominator)
    [Anonymous Symbol]                       0x080047d0   Section        0  stm32g0xx_hal_uart_ex.o(.rodata.UARTEx_SetNbDataToProcess.denominator)
    UARTEx_SetNbDataToProcess.numerator      0x080047d8   Data           8  stm32g0xx_hal_uart_ex.o(.rodata.UARTEx_SetNbDataToProcess.numerator)
    [Anonymous Symbol]                       0x080047d8   Section        0  stm32g0xx_hal_uart_ex.o(.rodata.UARTEx_SetNbDataToProcess.numerator)
    [Anonymous Symbol]                       0x080047f8   Section        0  myapp.o(.rodata.str1.1)
    .data                                    0x20000000   Section        4  stdout.o(.data)
    dma_buf                                  0x20000010   Data         256  stm32printfuart.o(.bss.dma_buf)
    [Anonymous Symbol]                       0x20000010   Section        0  stm32printfuart.o(.bss.dma_buf)
    head                                     0x2000016c   Data           2  stm32printfuart.o(.bss.head)
    [Anonymous Symbol]                       0x2000016c   Section        0  stm32printfuart.o(.bss.head)
    tail                                     0x20000258   Data           2  stm32printfuart.o(.bss.tail)
    [Anonymous Symbol]                       0x20000258   Section        0  stm32printfuart.o(.bss.tail)
    tx_busy                                  0x2000025a   Data           1  stm32printfuart.o(.bss.tx_busy)
    [Anonymous Symbol]                       0x2000025a   Section        0  stm32printfuart.o(.bss.tx_busy)
    uart_buffer                              0x2000025b   Data         512  stm32printfuart.o(.bss.uart_buffer)
    [Anonymous Symbol]                       0x2000025b   Section        0  stm32printfuart.o(.bss.uart_buffer)
    STACK                                    0x20000460   Section     1024  startup_stm32g070xx.o(STACK)

    Global Symbols

    Symbol Name                              Value     Ov Type        Size  Object(Section)

    BuildAttributes$$THM_ISAv3M$S$PE$A:L22$X:L11$S22$IEEE1$IW$~IW$USESV6$~STKCKD$USESV7$~SHL$OSPACE$ROPI$EBA8$MICROLIB$REQ8$PRES8$EABIv2 0x00000000   Number         0  anon$$obj.o ABSOLUTE
    __cpp_initialize__aeabi_                  - Undefined Weak Reference
    __cxa_finalize                            - Undefined Weak Reference
    __decompress                              - Undefined Weak Reference
    _clock_init                               - Undefined Weak Reference
    _microlib_exit                            - Undefined Weak Reference
    __Vectors_Size                           0x000000b8   Number         0  startup_stm32g070xx.o ABSOLUTE
    __Vectors                                0x08000000   Data           4  startup_stm32g070xx.o(RESET)
    __Vectors_End                            0x080000b8   Data           0  startup_stm32g070xx.o(RESET)
    __main                                   0x080000b9   Thumb Code     0  entry.o(.ARM.Collect$$$$00000000)
    _main_stk                                0x080000b9   Thumb Code     0  entry2.o(.ARM.Collect$$$$00000001)
    _main_scatterload                        0x080000bd   Thumb Code     0  entry5.o(.ARM.Collect$$$$00000004)
    __main_after_scatterload                 0x080000c1   Thumb Code     0  entry5.o(.ARM.Collect$$$$00000004)
    _main_clock                              0x080000c1   Thumb Code     0  entry7b.o(.ARM.Collect$$$$00000008)
    _main_cpp_init                           0x080000c1   Thumb Code     0  entry8b.o(.ARM.Collect$$$$0000000A)
    _main_init                               0x080000c1   Thumb Code     0  entry9a.o(.ARM.Collect$$$$0000000B)
    __rt_final_cpp                           0x080000c9   Thumb Code     0  entry10a.o(.ARM.Collect$$$$0000000D)
    __rt_final_exit                          0x080000c9   Thumb Code     0  entry11a.o(.ARM.Collect$$$$0000000F)
    Reset_Handler                            0x080000cd   Thumb Code     8  startup_stm32g070xx.o(.text)
    ADC1_IRQHandler                          0x080000df   Thumb Code     0  startup_stm32g070xx.o(.text)
    DMA1_Ch4_7_DMAMUX1_OVR_IRQHandler        0x080000df   Thumb Code     0  startup_stm32g070xx.o(.text)
    DMA1_Channel2_3_IRQHandler               0x080000df   Thumb Code     0  startup_stm32g070xx.o(.text)
    EXTI2_3_IRQHandler                       0x080000df   Thumb Code     0  startup_stm32g070xx.o(.text)
    FLASH_IRQHandler                         0x080000df   Thumb Code     0  startup_stm32g070xx.o(.text)
    I2C1_IRQHandler                          0x080000df   Thumb Code     0  startup_stm32g070xx.o(.text)
    I2C2_IRQHandler                          0x080000df   Thumb Code     0  startup_stm32g070xx.o(.text)
    RCC_IRQHandler                           0x080000df   Thumb Code     0  startup_stm32g070xx.o(.text)
    RTC_TAMP_IRQHandler                      0x080000df   Thumb Code     0  startup_stm32g070xx.o(.text)
    SPI1_IRQHandler                          0x080000df   Thumb Code     0  startup_stm32g070xx.o(.text)
    SPI2_IRQHandler                          0x080000df   Thumb Code     0  startup_stm32g070xx.o(.text)
    TIM14_IRQHandler                         0x080000df   Thumb Code     0  startup_stm32g070xx.o(.text)
    TIM15_IRQHandler                         0x080000df   Thumb Code     0  startup_stm32g070xx.o(.text)
    TIM16_IRQHandler                         0x080000df   Thumb Code     0  startup_stm32g070xx.o(.text)
    TIM17_IRQHandler                         0x080000df   Thumb Code     0  startup_stm32g070xx.o(.text)
    TIM1_BRK_UP_TRG_COM_IRQHandler           0x080000df   Thumb Code     0  startup_stm32g070xx.o(.text)
    TIM1_CC_IRQHandler                       0x080000df   Thumb Code     0  startup_stm32g070xx.o(.text)
    TIM3_IRQHandler                          0x080000df   Thumb Code     0  startup_stm32g070xx.o(.text)
    TIM6_IRQHandler                          0x080000df   Thumb Code     0  startup_stm32g070xx.o(.text)
    TIM7_IRQHandler                          0x080000df   Thumb Code     0  startup_stm32g070xx.o(.text)
    USART2_IRQHandler                        0x080000df   Thumb Code     0  startup_stm32g070xx.o(.text)
    USART3_4_IRQHandler                      0x080000df   Thumb Code     0  startup_stm32g070xx.o(.text)
    WWDG_IRQHandler                          0x080000df   Thumb Code     0  startup_stm32g070xx.o(.text)
    __aeabi_memset                           0x080000e9   Thumb Code    14  memseta.o(.text)
    __aeabi_memset4                          0x080000e9   Thumb Code     0  memseta.o(.text)
    __aeabi_memset8                          0x080000e9   Thumb Code     0  memseta.o(.text)
    __aeabi_memclr                           0x080000f7   Thumb Code     4  memseta.o(.text)
    __aeabi_memclr4                          0x080000f7   Thumb Code     0  memseta.o(.text)
    __aeabi_memclr8                          0x080000f7   Thumb Code     0  memseta.o(.text)
    _memset$wrapper                          0x080000fb   Thumb Code    18  memseta.o(.text)
    __aeabi_uidiv                            0x0800010d   Thumb Code     0  uidiv_div0.o(.text)
    __aeabi_uidivmod                         0x0800010d   Thumb Code    62  uidiv_div0.o(.text)
    __aeabi_uldivmod                         0x0800014b   Thumb Code    96  uldiv.o(.text)
    __I$use$fp                               0x080001ab   Thumb Code     0  iusefp.o(.text)
    __aeabi_dadd                             0x080001ad   Thumb Code   328  dadd.o(.text)
    __aeabi_dsub                             0x080002f5   Thumb Code    12  dadd.o(.text)
    __aeabi_drsub                            0x08000301   Thumb Code    12  dadd.o(.text)
    __aeabi_dmul                             0x08000311   Thumb Code   202  dmul.o(.text)
    __aeabi_ddiv                             0x080003e1   Thumb Code   234  ddiv.o(.text)
    __aeabi_d2ulz                            0x080004d1   Thumb Code    54  dfixul.o(.text)
    __aeabi_cdrcmple                         0x08000511   Thumb Code    38  cdrcmple.o(.text)
    __scatterload                            0x08000539   Thumb Code    38  init.o(.text)
    __scatterload_rt2                        0x08000539   Thumb Code     0  init.o(.text)
    __aeabi_llsl                             0x08000569   Thumb Code    32  llshl.o(.text)
    _ll_shift_l                              0x08000569   Thumb Code     0  llshl.o(.text)
    __aeabi_llsr                             0x08000589   Thumb Code    34  llushr.o(.text)
    _ll_ushift_r                             0x08000589   Thumb Code     0  llushr.o(.text)
    __aeabi_lasr                             0x080005ab   Thumb Code    38  llsshr.o(.text)
    _ll_sshift_r                             0x080005ab   Thumb Code     0  llsshr.o(.text)
    _double_round                            0x080005d1   Thumb Code    26  depilogue.o(.text)
    _double_epilogue                         0x080005eb   Thumb Code   164  depilogue.o(.text)
    DMA1_Channel1_IRQHandler                 0x08000691   Thumb Code    12  stm32g0xx_it.o(.text.DMA1_Channel1_IRQHandler)
    EXTI0_1_IRQHandler                       0x08000795   Thumb Code    10  stm32g0xx_it.o(.text.EXTI0_1_IRQHandler)
    EXTI4_15_IRQHandler                      0x0800079f   Thumb Code    50  stm32g0xx_it.o(.text.EXTI4_15_IRQHandler)
    Error_Handler                            0x080007d1   Thumb Code    14  main.o(.text.Error_Handler)
    HAL_DMA_Abort                            0x080007e1   Thumb Code   192  stm32g0xx_hal_dma.o(.text.HAL_DMA_Abort)
    HAL_DMA_Abort_IT                         0x080008a1   Thumb Code   184  stm32g0xx_hal_dma.o(.text.HAL_DMA_Abort_IT)
    HAL_DMA_IRQHandler                       0x08000959   Thumb Code   360  stm32g0xx_hal_dma.o(.text.HAL_DMA_IRQHandler)
    HAL_DMA_Init                             0x08000ac9   Thumb Code   252  stm32g0xx_hal_dma.o(.text.HAL_DMA_Init)
    HAL_DMA_Start_IT                         0x08000bcd   Thumb Code   264  stm32g0xx_hal_dma.o(.text.HAL_DMA_Start_IT)
    HAL_Delay                                0x08000cd5   Thumb Code    64  stm32g0xx_hal.o(.text.HAL_Delay)
    HAL_GPIO_EXTI_Falling_Callback           0x08000d19   Thumb Code    10  stm32g0xx_hal_gpio.o(.text.HAL_GPIO_EXTI_Falling_Callback)
    HAL_GPIO_EXTI_IRQHandler                 0x08000d25   Thumb Code    72  stm32g0xx_hal_gpio.o(.text.HAL_GPIO_EXTI_IRQHandler)
    HAL_GPIO_EXTI_Rising_Callback            0x08000d75   Thumb Code    10  stm32g0xx_hal_gpio.o(.text.HAL_GPIO_EXTI_Rising_Callback)
    HAL_GPIO_Init                            0x08000d81   Thumb Code   688  stm32g0xx_hal_gpio.o(.text.HAL_GPIO_Init)
    HAL_GPIO_TogglePin                       0x08001051   Thumb Code    36  stm32g0xx_hal_gpio.o(.text.HAL_GPIO_TogglePin)
    HAL_GPIO_WritePin                        0x08001075   Thumb Code    44  stm32g0xx_hal_gpio.o(.text.HAL_GPIO_WritePin)
    HAL_GetTick                              0x080010a1   Thumb Code     8  stm32g0xx_hal.o(.text.HAL_GetTick)
    HAL_I2CEx_ConfigAnalogFilter             0x080010a9   Thumb Code   150  stm32g0xx_hal_i2c_ex.o(.text.HAL_I2CEx_ConfigAnalogFilter)
    HAL_I2CEx_ConfigDigitalFilter            0x0800113f   Thumb Code   160  stm32g0xx_hal_i2c_ex.o(.text.HAL_I2CEx_ConfigDigitalFilter)
    HAL_I2C_Init                             0x080011e1   Thumb Code   284  stm32g0xx_hal_i2c.o(.text.HAL_I2C_Init)
    HAL_I2C_MspInit                          0x08001301   Thumb Code   112  stm32g0xx_hal_msp.o(.text.HAL_I2C_MspInit)
    HAL_IncTick                              0x0800137d   Thumb Code    16  stm32g0xx_hal.o(.text.HAL_IncTick)
    HAL_Init                                 0x08001391   Thumb Code    56  stm32g0xx_hal.o(.text.HAL_Init)
    HAL_InitTick                             0x080013cd   Thumb Code   120  stm32g0xx_hal.o(.text.HAL_InitTick)
    HAL_MspInit                              0x0800144d   Thumb Code    52  stm32g0xx_hal_msp.o(.text.HAL_MspInit)
    HAL_NVIC_EnableIRQ                       0x08001489   Thumb Code    22  stm32g0xx_hal_cortex.o(.text.HAL_NVIC_EnableIRQ)
    HAL_NVIC_SetPriority                     0x0800149f   Thumb Code    28  stm32g0xx_hal_cortex.o(.text.HAL_NVIC_SetPriority)
    HAL_PWREx_ControlVoltageScaling          0x080014bd   Thumb Code   112  stm32g0xx_hal_pwr_ex.o(.text.HAL_PWREx_ControlVoltageScaling)
    HAL_RCCEx_PeriphCLKConfig                0x08001539   Thumb Code   564  stm32g0xx_hal_rcc_ex.o(.text.HAL_RCCEx_PeriphCLKConfig)
    HAL_RCC_ClockConfig                      0x08001781   Thumb Code   572  stm32g0xx_hal_rcc.o(.text.HAL_RCC_ClockConfig)
    HAL_RCC_GetHCLKFreq                      0x080019d5   Thumb Code     8  stm32g0xx_hal_rcc.o(.text.HAL_RCC_GetHCLKFreq)
    HAL_RCC_GetPCLK1Freq                     0x080019e1   Thumb Code    36  stm32g0xx_hal_rcc.o(.text.HAL_RCC_GetPCLK1Freq)
    HAL_RCC_GetSysClockFreq                  0x08001a09   Thumb Code   268  stm32g0xx_hal_rcc.o(.text.HAL_RCC_GetSysClockFreq)
    HAL_RCC_OscConfig                        0x08001b29   Thumb Code  1652  stm32g0xx_hal_rcc.o(.text.HAL_RCC_OscConfig)
    HAL_SYSTICK_Config                       0x080021c5   Thumb Code    16  stm32g0xx_hal_cortex.o(.text.HAL_SYSTICK_Config)
    HAL_UARTEx_DisableFifoMode               0x080021d5   Thumb Code   122  stm32g0xx_hal_uart_ex.o(.text.HAL_UARTEx_DisableFifoMode)
    HAL_UARTEx_RxEventCallback               0x0800224f   Thumb Code    12  stm32g0xx_hal_uart.o(.text.HAL_UARTEx_RxEventCallback)
    HAL_UARTEx_RxFifoFullCallback            0x0800225b   Thumb Code     8  stm32g0xx_hal_uart_ex.o(.text.HAL_UARTEx_RxFifoFullCallback)
    HAL_UARTEx_SetRxFifoThreshold            0x08002263   Thumb Code   144  stm32g0xx_hal_uart_ex.o(.text.HAL_UARTEx_SetRxFifoThreshold)
    HAL_UARTEx_SetTxFifoThreshold            0x080022f3   Thumb Code   144  stm32g0xx_hal_uart_ex.o(.text.HAL_UARTEx_SetTxFifoThreshold)
    HAL_UARTEx_TxFifoEmptyCallback           0x08002383   Thumb Code     8  stm32g0xx_hal_uart_ex.o(.text.HAL_UARTEx_TxFifoEmptyCallback)
    HAL_UARTEx_WakeupCallback                0x0800238b   Thumb Code     8  stm32g0xx_hal_uart_ex.o(.text.HAL_UARTEx_WakeupCallback)
    HAL_UART_ErrorCallback                   0x08002393   Thumb Code     8  stm32g0xx_hal_uart.o(.text.HAL_UART_ErrorCallback)
    HAL_UART_IRQHandler                      0x0800239d   Thumb Code  1468  stm32g0xx_hal_uart.o(.text.HAL_UART_IRQHandler)
    HAL_UART_Init                            0x08002961   Thumb Code   180  stm32g0xx_hal_uart.o(.text.HAL_UART_Init)
    HAL_UART_MspInit                         0x08002a15   Thumb Code   240  stm32g0xx_hal_msp.o(.text.HAL_UART_MspInit)
    HAL_UART_Transmit_DMA                    0x08002b19   Thumb Code   304  stm32g0xx_hal_uart.o(.text.HAL_UART_Transmit_DMA)
    HAL_UART_TxCpltCallback                  0x08002c55   Thumb Code    36  stm32printfuart.o(.text.HAL_UART_TxCpltCallback)
    HAL_UART_TxHalfCpltCallback              0x08002c81   Thumb Code     8  stm32g0xx_hal_uart.o(.text.HAL_UART_TxHalfCpltCallback)
    HardFault_Handler                        0x08002c89   Thumb Code     4  stm32g0xx_it.o(.text.HardFault_Handler)
    My_App                                   0x08002ffd   Thumb Code    24  myapp.o(.text.My_App)
    My_App_init                              0x08003019   Thumb Code    16  myapp.o(.text.My_App_init)
    NMI_Handler                              0x0800302d   Thumb Code     4  stm32g0xx_it.o(.text.NMI_Handler)
    PendSV_Handler                           0x08003031   Thumb Code     2  stm32g0xx_it.o(.text.PendSV_Handler)
    RingBuffer_Write                         0x08003035   Thumb Code    64  stm32printfuart.o(.text.RingBuffer_Write)
    SVC_Handler                              0x08003085   Thumb Code     2  stm32g0xx_it.o(.text.SVC_Handler)
    SysTick_Handler                          0x080030d9   Thumb Code     8  stm32g0xx_it.o(.text.SysTick_Handler)
    SystemClock_Config                       0x080030e1   Thumb Code   108  main.o(.text.SystemClock_Config)
    SystemInit                               0x0800314d   Thumb Code     2  system_stm32g0xx.o(.text.SystemInit)
    UART_AdvFeatureConfig                    0x080031e5   Thumb Code   346  stm32g0xx_hal_uart.o(.text.UART_AdvFeatureConfig)
    UART_CheckIdleState                      0x08003341   Thumb Code   348  stm32g0xx_hal_uart.o(.text.UART_CheckIdleState)
    UART_SetConfig                           0x08003731   Thumb Code   844  stm32g0xx_hal_uart.o(.text.UART_SetConfig)
    UART_TX_Task                             0x08003aa1   Thumb Code   220  stm32printfuart.o(.text.UART_TX_Task)
    UART_WaitOnFlagUntilTimeout              0x08003b95   Thumb Code   264  stm32g0xx_hal_uart.o(.text.UART_WaitOnFlagUntilTimeout)
    USART1_IRQHandler                        0x08003c9d   Thumb Code    12  stm32g0xx_it.o(.text.USART1_IRQHandler)
    fputc                                    0x08003d5d   Thumb Code    22  stm32printfuart.o(.text.fputc)
    main                                     0x08003d73   Thumb Code    48  main.o(.text.main)
    test1                                    0x08003da5   Thumb Code   168  myapp.o(.text.test1)
    __0printf                                0x08003e59   Thumb Code    24  printfa.o(i.__0printf)
    __1printf                                0x08003e59   Thumb Code     0  printfa.o(i.__0printf)
    __2printf                                0x08003e59   Thumb Code     0  printfa.o(i.__0printf)
    __c89printf                              0x08003e59   Thumb Code     0  printfa.o(i.__0printf)
    printf                                   0x08003e59   Thumb Code     0  printfa.o(i.__0printf)
    __ARM_clz                                0x08003e79   Thumb Code    46  depilogue.o(i.__ARM_clz)
    __scatterload_copy                       0x08003ea7   Thumb Code    14  handlers.o(i.__scatterload_copy)
    __scatterload_null                       0x08003eb5   Thumb Code     2  handlers.o(i.__scatterload_null)
    __scatterload_zeroinit                   0x08003eb7   Thumb Code    14  handlers.o(i.__scatterload_zeroinit)
    AHBPrescTable                            0x08004770   Data          64  system_stm32g0xx.o(.rodata.AHBPrescTable)
    APBPrescTable                            0x080047b0   Data          32  system_stm32g0xx.o(.rodata.APBPrescTable)
    UARTPrescTable                           0x080047e0   Data          24  stm32g0xx_hal_uart.o(.rodata.UARTPrescTable)
    Region$$Table$$Base                      0x08004828   Number         0  anon$$obj.o(Region$$Table)
    Region$$Table$$Limit                     0x08004848   Number         0  anon$$obj.o(Region$$Table)
    __stdout                                 0x20000000   Data           4  stdout.o(.data)
    SystemCoreClock                          0x20000004   Data           4  system_stm32g0xx.o(.data.SystemCoreClock)
    uwTickFreq                               0x20000008   Data           1  stm32g0xx_hal.o(.data.uwTickFreq)
    uwTickPrio                               0x2000000c   Data           4  stm32g0xx_hal.o(.data.uwTickPrio)
    hdma_usart1_tx                           0x20000110   Data          92  main.o(.bss.hdma_usart1_tx)
    hi2c2                                    0x20000170   Data          84  main.o(.bss.hi2c2)
    huart1                                   0x200001c4   Data         148  main.o(.bss.huart1)
    uwTick                                   0x2000045c   Data           4  stm32g0xx_hal.o(.bss.uwTick)
    __initial_sp                             0x20000860   Data           0  startup_stm32g070xx.o(STACK)



==============================================================================

Memory Map of the image

  Image Entry point : 0x080000b9

  Load Region LR_IROM1 (Base: 0x08000000, Size: 0x00004858, Max: 0x00020000, ABSOLUTE)

    Execution Region ER_IROM1 (Exec base: 0x08000000, Load base: 0x08000000, Size: 0x00004848, Max: 0x00020000, ABSOLUTE)

    Exec Addr    Load Addr    Size         Type   Attr      Idx    E Section Name        Object

    0x08000000   0x08000000   0x000000b8   Data   RO            3    RESET               startup_stm32g070xx.o
    0x080000b8   0x080000b8   0x00000000   Code   RO          943  * .ARM.Collect$$$$00000000  mc_p.l(entry.o)
    0x080000b8   0x080000b8   0x00000004   Code   RO          982    .ARM.Collect$$$$00000001  mc_p.l(entry2.o)
    0x080000bc   0x080000bc   0x00000004   Code   RO          985    .ARM.Collect$$$$00000004  mc_p.l(entry5.o)
    0x080000c0   0x080000c0   0x00000000   Code   RO          987    .ARM.Collect$$$$00000008  mc_p.l(entry7b.o)
    0x080000c0   0x080000c0   0x00000000   Code   RO          989    .ARM.Collect$$$$0000000A  mc_p.l(entry8b.o)
    0x080000c0   0x080000c0   0x00000008   Code   RO          990    .ARM.Collect$$$$0000000B  mc_p.l(entry9a.o)
    0x080000c8   0x080000c8   0x00000000   Code   RO          992    .ARM.Collect$$$$0000000D  mc_p.l(entry10a.o)
    0x080000c8   0x080000c8   0x00000000   Code   RO          994    .ARM.Collect$$$$0000000F  mc_p.l(entry11a.o)
    0x080000c8   0x080000c8   0x00000004   Code   RO          983    .ARM.Collect$$$$00002712  mc_p.l(entry2.o)
    0x080000cc   0x080000cc   0x0000001c   Code   RO            4    .text               startup_stm32g070xx.o
    0x080000e8   0x080000e8   0x00000024   Code   RO          950    .text               mc_p.l(memseta.o)
    0x0800010c   0x0800010c   0x0000003e   Code   RO          999    .text               mc_p.l(uidiv_div0.o)
    0x0800014a   0x0800014a   0x00000060   Code   RO         1005    .text               mc_p.l(uldiv.o)
    0x080001aa   0x080001aa   0x00000000   Code   RO         1007    .text               mc_p.l(iusefp.o)
    0x080001aa   0x080001aa   0x00000002   PAD
    0x080001ac   0x080001ac   0x00000164   Code   RO         1008    .text               mf_p.l(dadd.o)
    0x08000310   0x08000310   0x000000d0   Code   RO         1010    .text               mf_p.l(dmul.o)
    0x080003e0   0x080003e0   0x000000f0   Code   RO         1012    .text               mf_p.l(ddiv.o)
    0x080004d0   0x080004d0   0x00000040   Code   RO         1014    .text               mf_p.l(dfixul.o)
    0x08000510   0x08000510   0x00000028   Code   RO         1016    .text               mf_p.l(cdrcmple.o)
    0x08000538   0x08000538   0x00000030   Code   RO         1018    .text               mc_p.l(init.o)
    0x08000568   0x08000568   0x00000020   Code   RO         1020    .text               mc_p.l(llshl.o)
    0x08000588   0x08000588   0x00000022   Code   RO         1022    .text               mc_p.l(llushr.o)
    0x080005aa   0x080005aa   0x00000026   Code   RO         1024    .text               mc_p.l(llsshr.o)
    0x080005d0   0x080005d0   0x000000be   Code   RO         1026    .text               mf_p.l(depilogue.o)
    0x0800068e   0x0800068e   0x00000002   PAD
    0x08000690   0x08000690   0x00000010   Code   RO           50    .text.DMA1_Channel1_IRQHandler  stm32g0xx_it.o
    0x080006a0   0x080006a0   0x00000044   Code   RO          423    .text.DMA_CalcDMAMUXChannelBaseAndMask  stm32g0xx_hal_dma.o
    0x080006e4   0x080006e4   0x0000003c   Code   RO          425    .text.DMA_CalcDMAMUXRequestGenBaseAndMask  stm32g0xx_hal_dma.o
    0x08000720   0x08000720   0x00000074   Code   RO          431    .text.DMA_SetConfig  stm32g0xx_hal_dma.o
    0x08000794   0x08000794   0x0000000a   Code   RO           46    .text.EXTI0_1_IRQHandler  stm32g0xx_it.o
    0x0800079e   0x0800079e   0x00000032   Code   RO           48    .text.EXTI4_15_IRQHandler  stm32g0xx_it.o
    0x080007d0   0x080007d0   0x0000000e   Code   RO           23    .text.Error_Handler  main.o
    0x080007de   0x080007de   0x00000002   PAD
    0x080007e0   0x080007e0   0x000000c0   Code   RO          435    .text.HAL_DMA_Abort  stm32g0xx_hal_dma.o
    0x080008a0   0x080008a0   0x000000b8   Code   RO          437    .text.HAL_DMA_Abort_IT  stm32g0xx_hal_dma.o
    0x08000958   0x08000958   0x00000170   Code   RO          441    .text.HAL_DMA_IRQHandler  stm32g0xx_hal_dma.o
    0x08000ac8   0x08000ac8   0x00000104   Code   RO          421    .text.HAL_DMA_Init  stm32g0xx_hal_dma.o
    0x08000bcc   0x08000bcc   0x00000108   Code   RO          433    .text.HAL_DMA_Start_IT  stm32g0xx_hal_dma.o
    0x08000cd4   0x08000cd4   0x00000044   Code   RO          624    .text.HAL_Delay     stm32g0xx_hal.o
    0x08000d18   0x08000d18   0x0000000a   Code   RO          412    .text.HAL_GPIO_EXTI_Falling_Callback  stm32g0xx_hal_gpio.o
    0x08000d22   0x08000d22   0x00000002   PAD
    0x08000d24   0x08000d24   0x00000050   Code   RO          408    .text.HAL_GPIO_EXTI_IRQHandler  stm32g0xx_hal_gpio.o
    0x08000d74   0x08000d74   0x0000000a   Code   RO          410    .text.HAL_GPIO_EXTI_Rising_Callback  stm32g0xx_hal_gpio.o
    0x08000d7e   0x08000d7e   0x00000002   PAD
    0x08000d80   0x08000d80   0x000002d0   Code   RO          396    .text.HAL_GPIO_Init  stm32g0xx_hal_gpio.o
    0x08001050   0x08001050   0x00000024   Code   RO          404    .text.HAL_GPIO_TogglePin  stm32g0xx_hal_gpio.o
    0x08001074   0x08001074   0x0000002c   Code   RO          402    .text.HAL_GPIO_WritePin  stm32g0xx_hal_gpio.o
    0x080010a0   0x080010a0   0x00000008   Code   RO          616    .text.HAL_GetTick   stm32g0xx_hal.o
    0x080010a8   0x080010a8   0x00000096   Code   RO          247    .text.HAL_I2CEx_ConfigAnalogFilter  stm32g0xx_hal_i2c_ex.o
    0x0800113e   0x0800113e   0x000000a0   Code   RO          249    .text.HAL_I2CEx_ConfigDigitalFilter  stm32g0xx_hal_i2c_ex.o
    0x080011de   0x080011de   0x00000002   PAD
    0x080011e0   0x080011e0   0x00000120   Code   RO           78    .text.HAL_I2C_Init  stm32g0xx_hal_i2c.o
    0x08001300   0x08001300   0x0000007c   Code   RO           63    .text.HAL_I2C_MspInit  stm32g0xx_hal_msp.o
    0x0800137c   0x0800137c   0x00000014   Code   RO          614    .text.HAL_IncTick   stm32g0xx_hal.o
    0x08001390   0x08001390   0x0000003c   Code   RO          604    .text.HAL_Init      stm32g0xx_hal.o
    0x080013cc   0x080013cc   0x00000080   Code   RO          606    .text.HAL_InitTick  stm32g0xx_hal.o
    0x0800144c   0x0800144c   0x0000003c   Code   RO           61    .text.HAL_MspInit   stm32g0xx_hal_msp.o
    0x08001488   0x08001488   0x00000016   Code   RO          549    .text.HAL_NVIC_EnableIRQ  stm32g0xx_hal_cortex.o
    0x0800149e   0x0800149e   0x0000001c   Code   RO          545    .text.HAL_NVIC_SetPriority  stm32g0xx_hal_cortex.o
    0x080014ba   0x080014ba   0x00000002   PAD
    0x080014bc   0x080014bc   0x0000007c   Code   RO          532    .text.HAL_PWREx_ControlVoltageScaling  stm32g0xx_hal_pwr_ex.o
    0x08001538   0x08001538   0x00000248   Code   RO          307    .text.HAL_RCCEx_PeriphCLKConfig  stm32g0xx_hal_rcc_ex.o
    0x08001780   0x08001780   0x00000254   Code   RO          270    .text.HAL_RCC_ClockConfig  stm32g0xx_hal_rcc.o
    0x080019d4   0x080019d4   0x0000000c   Code   RO          276    .text.HAL_RCC_GetHCLKFreq  stm32g0xx_hal_rcc.o
    0x080019e0   0x080019e0   0x00000028   Code   RO          278    .text.HAL_RCC_GetPCLK1Freq  stm32g0xx_hal_rcc.o
    0x08001a08   0x08001a08   0x00000120   Code   RO          272    .text.HAL_RCC_GetSysClockFreq  stm32g0xx_hal_rcc.o
    0x08001b28   0x08001b28   0x0000069c   Code   RO          268    .text.HAL_RCC_OscConfig  stm32g0xx_hal_rcc.o
    0x080021c4   0x080021c4   0x00000010   Code   RO          561    .text.HAL_SYSTICK_Config  stm32g0xx_hal_cortex.o
    0x080021d4   0x080021d4   0x0000007a   Code   RO          865    .text.HAL_UARTEx_DisableFifoMode  stm32g0xx_hal_uart_ex.o
    0x0800224e   0x0800224e   0x0000000c   Code   RO          789    .text.HAL_UARTEx_RxEventCallback  stm32g0xx_hal_uart.o
    0x0800225a   0x0800225a   0x00000008   Code   RO          847    .text.HAL_UARTEx_RxFifoFullCallback  stm32g0xx_hal_uart_ex.o
    0x08002262   0x08002262   0x00000090   Code   RO          869    .text.HAL_UARTEx_SetRxFifoThreshold  stm32g0xx_hal_uart_ex.o
    0x080022f2   0x080022f2   0x00000090   Code   RO          867    .text.HAL_UARTEx_SetTxFifoThreshold  stm32g0xx_hal_uart_ex.o
    0x08002382   0x08002382   0x00000008   Code   RO          849    .text.HAL_UARTEx_TxFifoEmptyCallback  stm32g0xx_hal_uart_ex.o
    0x0800238a   0x0800238a   0x00000008   Code   RO          845    .text.HAL_UARTEx_WakeupCallback  stm32g0xx_hal_uart_ex.o
    0x08002392   0x08002392   0x00000008   Code   RO          787    .text.HAL_UART_ErrorCallback  stm32g0xx_hal_uart.o
    0x0800239a   0x0800239a   0x00000002   PAD
    0x0800239c   0x0800239c   0x000005c4   Code   RO          783    .text.HAL_UART_IRQHandler  stm32g0xx_hal_uart.o
    0x08002960   0x08002960   0x000000b4   Code   RO          695    .text.HAL_UART_Init  stm32g0xx_hal_uart.o
    0x08002a14   0x08002a14   0x00000104   Code   RO           67    .text.HAL_UART_MspInit  stm32g0xx_hal_msp.o
    0x08002b18   0x08002b18   0x0000013c   Code   RO          735    .text.HAL_UART_Transmit_DMA  stm32g0xx_hal_uart.o
    0x08002c54   0x08002c54   0x0000002c   Code   RO          930    .text.HAL_UART_TxCpltCallback  stm32printfuart.o
    0x08002c80   0x08002c80   0x00000008   Code   RO          795    .text.HAL_UART_TxHalfCpltCallback  stm32g0xx_hal_uart.o
    0x08002c88   0x08002c88   0x00000004   Code   RO           38    .text.HardFault_Handler  stm32g0xx_it.o
    0x08002c8c   0x08002c8c   0x00000010   Code   RO          280    .text.LL_RCC_GetAPB1Prescaler  stm32g0xx_hal_rcc.o
    0x08002c9c   0x08002c9c   0x00000034   Code   RO           17    .text.MX_DMA_Init   main.o
    0x08002cd0   0x08002cd0   0x00000240   Code   RO           15    .text.MX_GPIO_Init  main.o
    0x08002f10   0x08002f10   0x0000006c   Code   RO           19    .text.MX_I2C2_Init  main.o
    0x08002f7c   0x08002f7c   0x00000080   Code   RO           21    .text.MX_USART1_UART_Init  main.o
    0x08002ffc   0x08002ffc   0x0000001c   Code   RO          904    .text.My_App        myapp.o
    0x08003018   0x08003018   0x00000014   Code   RO          906    .text.My_App_init   myapp.o
    0x0800302c   0x0800302c   0x00000004   Code   RO           36    .text.NMI_Handler   stm32g0xx_it.o
    0x08003030   0x08003030   0x00000002   Code   RO           42    .text.PendSV_Handler  stm32g0xx_it.o
    0x08003032   0x08003032   0x00000002   PAD
    0x08003034   0x08003034   0x00000050   Code   RO          916    .text.RingBuffer_Write  stm32printfuart.o
    0x08003084   0x08003084   0x00000002   Code   RO           40    .text.SVC_Handler   stm32g0xx_it.o
    0x08003086   0x08003086   0x00000002   PAD
    0x08003088   0x08003088   0x00000050   Code   RO          563    .text.SysTick_Config  stm32g0xx_hal_cortex.o
    0x080030d8   0x080030d8   0x00000008   Code   RO           44    .text.SysTick_Handler  stm32g0xx_it.o
    0x080030e0   0x080030e0   0x0000006c   Code   RO           13    .text.SystemClock_Config  main.o
    0x0800314c   0x0800314c   0x00000002   Code   RO          888    .text.SystemInit    system_stm32g0xx.o
    0x0800314e   0x0800314e   0x00000002   PAD
    0x08003150   0x08003150   0x00000094   Code   RO          863    .text.UARTEx_SetNbDataToProcess  stm32g0xx_hal_uart_ex.o
    0x080031e4   0x080031e4   0x0000015a   Code   RO          699    .text.UART_AdvFeatureConfig  stm32g0xx_hal_uart.o
    0x0800333e   0x0800333e   0x00000002   PAD
    0x08003340   0x08003340   0x00000160   Code   RO          703    .text.UART_CheckIdleState  stm32g0xx_hal_uart.o
    0x080034a0   0x080034a0   0x00000016   Code   RO          785    .text.UART_DMAAbortOnError  stm32g0xx_hal_uart.o
    0x080034b6   0x080034b6   0x0000006e   Code   RO          741    .text.UART_DMAError  stm32g0xx_hal_uart.o
    0x08003524   0x08003524   0x00000084   Code   RO          737    .text.UART_DMATransmitCplt  stm32g0xx_hal_uart.o
    0x080035a8   0x080035a8   0x00000016   Code   RO          739    .text.UART_DMATxHalfCplt  stm32g0xx_hal_uart.o
    0x080035be   0x080035be   0x00000002   PAD
    0x080035c0   0x080035c0   0x000000b8   Code   RO          755    .text.UART_EndRxTransfer  stm32g0xx_hal_uart.o
    0x08003678   0x08003678   0x0000004c   Code   RO          791    .text.UART_EndTransmit_IT  stm32g0xx_hal_uart.o
    0x080036c4   0x080036c4   0x0000006c   Code   RO          753    .text.UART_EndTxTransfer  stm32g0xx_hal_uart.o
    0x08003730   0x08003730   0x00000370   Code   RO          701    .text.UART_SetConfig  stm32g0xx_hal_uart.o
    0x08003aa0   0x08003aa0   0x000000f4   Code   RO          928    .text.UART_TX_Task  stm32printfuart.o
    0x08003b94   0x08003b94   0x00000108   Code   RO          717    .text.UART_WaitOnFlagUntilTimeout  stm32g0xx_hal_uart.o
    0x08003c9c   0x08003c9c   0x00000010   Code   RO           52    .text.USART1_IRQHandler  stm32g0xx_it.o
    0x08003cac   0x08003cac   0x0000002c   Code   RO          551    .text.__NVIC_EnableIRQ  stm32g0xx_hal_cortex.o
    0x08003cd8   0x08003cd8   0x00000084   Code   RO          547    .text.__NVIC_SetPriority  stm32g0xx_hal_cortex.o
    0x08003d5c   0x08003d5c   0x00000016   Code   RO          924    .text.fputc         stm32printfuart.o
    0x08003d72   0x08003d72   0x00000030   Code   RO           11    .text.main          main.o
    0x08003da2   0x08003da2   0x00000002   PAD
    0x08003da4   0x08003da4   0x000000b4   Code   RO          902    .text.test1         myapp.o
    0x08003e58   0x08003e58   0x00000020   Code   RO          955    i.__0printf         mc_p.l(printfa.o)
    0x08003e78   0x08003e78   0x0000002e   Code   RO         1028    i.__ARM_clz         mf_p.l(depilogue.o)
    0x08003ea6   0x08003ea6   0x0000000e   Code   RO         1032    i.__scatterload_copy  mc_p.l(handlers.o)
    0x08003eb4   0x08003eb4   0x00000002   Code   RO         1033    i.__scatterload_null  mc_p.l(handlers.o)
    0x08003eb6   0x08003eb6   0x0000000e   Code   RO         1034    i.__scatterload_zeroinit  mc_p.l(handlers.o)
    0x08003ec4   0x08003ec4   0x00000174   Code   RO          962    i._fp_digits        mc_p.l(printfa.o)
    0x08004038   0x08004038   0x000006ec   Code   RO          963    i._printf_core      mc_p.l(printfa.o)
    0x08004724   0x08004724   0x00000020   Code   RO          964    i._printf_post_padding  mc_p.l(printfa.o)
    0x08004744   0x08004744   0x0000002c   Code   RO          965    i._printf_pre_padding  mc_p.l(printfa.o)
    0x08004770   0x08004770   0x00000040   Data   RO          893    .rodata.AHBPrescTable  system_stm32g0xx.o
    0x080047b0   0x080047b0   0x00000020   Data   RO          894    .rodata.APBPrescTable  system_stm32g0xx.o
    0x080047d0   0x080047d0   0x00000008   Data   RO          880    .rodata.UARTEx_SetNbDataToProcess.denominator  stm32g0xx_hal_uart_ex.o
    0x080047d8   0x080047d8   0x00000008   Data   RO          879    .rodata.UARTEx_SetNbDataToProcess.numerator  stm32g0xx_hal_uart_ex.o
    0x080047e0   0x080047e0   0x00000018   Data   RO          835    .rodata.UARTPrescTable  stm32g0xx_hal_uart.o
    0x080047f8   0x080047f8   0x0000002d   Data   RO          908    .rodata.str1.1      myapp.o
    0x08004825   0x08004825   0x00000003   PAD
    0x08004828   0x08004828   0x00000020   Data   RO         1031    Region$$Table       anon$$obj.o


    Execution Region RW_IRAM1 (Exec base: 0x20000000, Load base: 0x08004848, Size: 0x00000860, Max: 0x00009000, ABSOLUTE)

    Exec Addr    Load Addr    Size         Type   Attr      Idx    E Section Name        Object

    0x20000000   0x08004848   0x00000004   Data   RW          996    .data               mc_p.l(stdout.o)
    0x20000004   0x0800484c   0x00000004   Data   RW          892    .data.SystemCoreClock  system_stm32g0xx.o
    0x20000008   0x08004850   0x00000001   Data   RW          661    .data.uwTickFreq    stm32g0xx_hal.o
    0x20000009   0x08004851   0x00000003   PAD
    0x2000000c   0x08004854   0x00000004   Data   RW          660    .data.uwTickPrio    stm32g0xx_hal.o
    0x20000010        -       0x00000100   Zero   RW          936    .bss.dma_buf        stm32printfuart.o
    0x20000110        -       0x0000005c   Zero   RW           27    .bss.hdma_usart1_tx  main.o
    0x2000016c        -       0x00000002   Zero   RW          932    .bss.head           stm32printfuart.o
    0x2000016e   0x08004858   0x00000002   PAD
    0x20000170        -       0x00000054   Zero   RW           25    .bss.hi2c2          main.o
    0x200001c4        -       0x00000094   Zero   RW           26    .bss.huart1         main.o
    0x20000258        -       0x00000002   Zero   RW          933    .bss.tail           stm32printfuart.o
    0x2000025a        -       0x00000001   Zero   RW          935    .bss.tx_busy        stm32printfuart.o
    0x2000025b        -       0x00000200   Zero   RW          934    .bss.uart_buffer    stm32printfuart.o
    0x2000045b   0x08004858   0x00000001   PAD
    0x2000045c        -       0x00000004   Zero   RW          662    .bss.uwTick         stm32g0xx_hal.o
    0x20000460        -       0x00000400   Zero   RW            1    STACK               startup_stm32g070xx.o


==============================================================================

Image component sizes


      Code (inc. data)   RO Data    RW Data    ZI Data      Debug   Object Name

      1034         64          0          0        324       8933   main.o
       228         20         45          0          0       1236   myapp.o
        28          8        184          0       1024        628   startup_stm32g070xx.o
       284         20          0          5          4       6413   stm32g0xx_hal.o
       322         24          0          0          0       6397   stm32g0xx_hal_cortex.o
      1512         32          0          0          0       7336   stm32g0xx_hal_dma.o
       900         40          0          0          0       4415   stm32g0xx_hal_gpio.o
       288          4          0          0          0      38410   stm32g0xx_hal_i2c.o
       310          0          0          0          0       5875   stm32g0xx_hal_i2c_ex.o
       444         40          0          0          0       8142   stm32g0xx_hal_msp.o
       124         12          0          0          0       3971   stm32g0xx_hal_pwr_ex.o
      2644        124          0          0          0       8935   stm32g0xx_hal_rcc.o
       584         20          0          0          0       5610   stm32g0xx_hal_rcc_ex.o
      4496        216         24          0          0      41279   stm32g0xx_hal_uart.o
       582          8         16          0          0       9793   stm32g0xx_hal_uart_ex.o
       112          8          0          0          0       1237   stm32g0xx_it.o
       390         48          0          0        773       5801   stm32printfuart.o
         2          0         96          4          0       1881   system_stm32g0xx.o

    ----------------------------------------------------------------------
     14308        688        400         12       2128     166292   Object Totals
         0          0         32          0          0          0   (incl. Generated)
        24          0          3          3          3          0   (incl. Padding)

    ----------------------------------------------------------------------

      Code (inc. data)   RO Data    RW Data    ZI Data      Debug   Library Member Name

         0          0          0          0          0          0   entry.o
         0          0          0          0          0          0   entry10a.o
         0          0          0          0          0          0   entry11a.o
         8          4          0          0          0          0   entry2.o
         4          0          0          0          0          0   entry5.o
         0          0          0          0          0          0   entry7b.o
         0          0          0          0          0          0   entry8b.o
         8          4          0          0          0          0   entry9a.o
        30          0          0          0          0          0   handlers.o
        48         10          0          0          0         68   init.o
         0          0          0          0          0          0   iusefp.o
        32          0          0          0          0         68   llshl.o
        38          0          0          0          0         68   llsshr.o
        34          0          0          0          0         68   llushr.o
        36          0          0          0          0        100   memseta.o
      2252         98          0          0          0        412   printfa.o
         0          0          0          4          0          0   stdout.o
        62          0          0          0          0         72   uidiv_div0.o
        96          0          0          0          0         84   uldiv.o
        40          2          0          0          0         68   cdrcmple.o
       356          4          0          0          0        140   dadd.o
       240          6          0          0          0         84   ddiv.o
       236          0          0          0          0        216   depilogue.o
        64         10          0          0          0         68   dfixul.o
       208          6          0          0          0         88   dmul.o

    ----------------------------------------------------------------------
      3796        144          0          4          0       1604   Library Totals
         4          0          0          0          0          0   (incl. Padding)

    ----------------------------------------------------------------------

      Code (inc. data)   RO Data    RW Data    ZI Data      Debug   Library Name

      2648        116          0          4          0        940   mc_p.l
      1144         28          0          0          0        664   mf_p.l

    ----------------------------------------------------------------------
      3796        144          0          4          0       1604   Library Totals

    ----------------------------------------------------------------------

==============================================================================


      Code (inc. data)   RO Data    RW Data    ZI Data      Debug   

     18104        832        400         16       2128     166972   Grand Totals
     18104        832        400         16       2128     166972   ELF Image Totals
     18104        832        400         16          0          0   ROM Totals

==============================================================================

    Total RO  Size (Code + RO Data)                18504 (  18.07kB)
    Total RW  Size (RW Data + ZI Data)              2144 (   2.09kB)
    Total ROM Size (Code + RO Data + RW Data)      18520 (  18.09kB)

==============================================================================

